
Allocating common symbols
Common symbol       size              file

Temp                0x2               ..\obj\main.o
gpio_InitDef        0x8               ..\obj\main.o
Flow                0x2               ..\obj\main.o
akt_dac_mode        0x1               ..\obj\stm32_ub_dac.o
value               0x2               ..\obj\main.o

Discarded input sections

 .text          0x00000000        0x0 ..\obj\stm32f4xx_dac.o
 .data          0x00000000        0x0 ..\obj\stm32f4xx_dac.o
 .bss           0x00000000        0x0 ..\obj\stm32f4xx_dac.o
 .text.DAC_DeInit
                0x00000000       0x20 ..\obj\stm32f4xx_dac.o
 .text.DAC_StructInit
                0x00000000       0x34 ..\obj\stm32f4xx_dac.o
 .text.DAC_SoftwareTriggerCmd
                0x00000000       0x70 ..\obj\stm32f4xx_dac.o
 .text.DAC_DualSoftwareTriggerCmd
                0x00000000       0x4c ..\obj\stm32f4xx_dac.o
 .text.DAC_WaveGenerationCmd
                0x00000000       0x64 ..\obj\stm32f4xx_dac.o
 .text.DAC_SetDualChannelData
                0x00000000       0x64 ..\obj\stm32f4xx_dac.o
 .text.DAC_GetDataOutputValue
                0x00000000       0x3c ..\obj\stm32f4xx_dac.o
 .text.DAC_DMACmd
                0x00000000       0x68 ..\obj\stm32f4xx_dac.o
 .text.DAC_ITConfig
                0x00000000       0x64 ..\obj\stm32f4xx_dac.o
 .text.DAC_GetFlagStatus
                0x00000000       0x48 ..\obj\stm32f4xx_dac.o
 .text.DAC_ClearFlag
                0x00000000       0x28 ..\obj\stm32f4xx_dac.o
 .text.DAC_GetITStatus
                0x00000000       0x6c ..\obj\stm32f4xx_dac.o
 .text.DAC_ClearITPendingBit
                0x00000000       0x28 ..\obj\stm32f4xx_dac.o
 .text          0x00000000        0x0 ..\obj\startup_stm32f4xx.o
 .data          0x00000000        0x0 ..\obj\startup_stm32f4xx.o
 .bss           0x00000000        0x0 ..\obj\startup_stm32f4xx.o
 .text          0x00000000        0x0 ..\obj\main.o
 .data          0x00000000        0x0 ..\obj\main.o
 .bss           0x00000000        0x0 ..\obj\main.o
 .text          0x00000000        0x0 ..\obj\stm32f4xx_rcc.o
 .bss           0x00000000        0x0 ..\obj\stm32f4xx_rcc.o
 .text.RCC_DeInit
                0x00000000       0x84 ..\obj\stm32f4xx_rcc.o
 .text.RCC_HSEConfig
                0x00000000       0x30 ..\obj\stm32f4xx_rcc.o
 .text.RCC_WaitForHSEStartUp
                0x00000000       0x64 ..\obj\stm32f4xx_rcc.o
 .text.RCC_AdjustHSICalibrationValue
                0x00000000       0x48 ..\obj\stm32f4xx_rcc.o
 .text.RCC_HSICmd
                0x00000000       0x20 ..\obj\stm32f4xx_rcc.o
 .text.RCC_LSEConfig
                0x00000000       0x60 ..\obj\stm32f4xx_rcc.o
 .text.RCC_LSICmd
                0x00000000       0x20 ..\obj\stm32f4xx_rcc.o
 .text.RCC_PLLConfig
                0x00000000       0x48 ..\obj\stm32f4xx_rcc.o
 .text.RCC_PLLCmd
                0x00000000       0x20 ..\obj\stm32f4xx_rcc.o
 .text.RCC_PLLI2SConfig
                0x00000000       0x30 ..\obj\stm32f4xx_rcc.o
 .text.RCC_PLLI2SCmd
                0x00000000       0x20 ..\obj\stm32f4xx_rcc.o
 .text.RCC_ClockSecuritySystemCmd
                0x00000000       0x20 ..\obj\stm32f4xx_rcc.o
 .text.RCC_MCO1Config
                0x00000000       0x48 ..\obj\stm32f4xx_rcc.o
 .text.RCC_MCO2Config
                0x00000000       0x48 ..\obj\stm32f4xx_rcc.o
 .text.RCC_SYSCLKConfig
                0x00000000       0x40 ..\obj\stm32f4xx_rcc.o
 .text.RCC_GetSYSCLKSource
                0x00000000       0x20 ..\obj\stm32f4xx_rcc.o
 .text.RCC_HCLKConfig
                0x00000000       0x40 ..\obj\stm32f4xx_rcc.o
 .text.RCC_PCLK1Config
                0x00000000       0x40 ..\obj\stm32f4xx_rcc.o
 .text.RCC_PCLK2Config
                0x00000000       0x44 ..\obj\stm32f4xx_rcc.o
 .text.RCC_RTCCLKConfig
                0x00000000       0x78 ..\obj\stm32f4xx_rcc.o
 .text.RCC_RTCCLKCmd
                0x00000000       0x20 ..\obj\stm32f4xx_rcc.o
 .text.RCC_BackupResetCmd
                0x00000000       0x20 ..\obj\stm32f4xx_rcc.o
 .text.RCC_I2SCLKConfig
                0x00000000       0x20 ..\obj\stm32f4xx_rcc.o
 .text.RCC_AHB2PeriphClockCmd
                0x00000000       0x58 ..\obj\stm32f4xx_rcc.o
 .text.RCC_AHB3PeriphClockCmd
                0x00000000       0x58 ..\obj\stm32f4xx_rcc.o
 .text.RCC_AHB1PeriphResetCmd
                0x00000000       0x58 ..\obj\stm32f4xx_rcc.o
 .text.RCC_AHB2PeriphResetCmd
                0x00000000       0x58 ..\obj\stm32f4xx_rcc.o
 .text.RCC_AHB3PeriphResetCmd
                0x00000000       0x58 ..\obj\stm32f4xx_rcc.o
 .text.RCC_APB1PeriphResetCmd
                0x00000000       0x58 ..\obj\stm32f4xx_rcc.o
 .text.RCC_APB2PeriphResetCmd
                0x00000000       0x58 ..\obj\stm32f4xx_rcc.o
 .text.RCC_AHB1PeriphClockLPModeCmd
                0x00000000       0x58 ..\obj\stm32f4xx_rcc.o
 .text.RCC_AHB2PeriphClockLPModeCmd
                0x00000000       0x58 ..\obj\stm32f4xx_rcc.o
 .text.RCC_AHB3PeriphClockLPModeCmd
                0x00000000       0x58 ..\obj\stm32f4xx_rcc.o
 .text.RCC_APB1PeriphClockLPModeCmd
                0x00000000       0x58 ..\obj\stm32f4xx_rcc.o
 .text.RCC_APB2PeriphClockLPModeCmd
                0x00000000       0x58 ..\obj\stm32f4xx_rcc.o
 .text.RCC_ITConfig
                0x00000000       0x60 ..\obj\stm32f4xx_rcc.o
 .text.RCC_GetFlagStatus
                0x00000000       0x90 ..\obj\stm32f4xx_rcc.o
 .text.RCC_ClearFlag
                0x00000000       0x24 ..\obj\stm32f4xx_rcc.o
 .text.RCC_GetITStatus
                0x00000000       0x40 ..\obj\stm32f4xx_rcc.o
 .text.RCC_ClearITPendingBit
                0x00000000       0x20 ..\obj\stm32f4xx_rcc.o
 .text          0x00000000        0x0 ..\obj\stm32f4xx_adc.o
 .data          0x00000000        0x0 ..\obj\stm32f4xx_adc.o
 .bss           0x00000000        0x0 ..\obj\stm32f4xx_adc.o
 .text.ADC_DeInit
                0x00000000       0x20 ..\obj\stm32f4xx_adc.o
 .text.ADC_StructInit
                0x00000000       0x4c ..\obj\stm32f4xx_adc.o
 .text.ADC_CommonStructInit
                0x00000000       0x34 ..\obj\stm32f4xx_adc.o
 .text.ADC_AnalogWatchdogCmd
                0x00000000       0x3c ..\obj\stm32f4xx_adc.o
 .text.ADC_AnalogWatchdogThresholdsConfig
                0x00000000       0x28 ..\obj\stm32f4xx_adc.o
 .text.ADC_AnalogWatchdogSingleChannelConfig
                0x00000000       0x38 ..\obj\stm32f4xx_adc.o
 .text.ADC_TempSensorVrefintCmd
                0x00000000       0x4c ..\obj\stm32f4xx_adc.o
 .text.ADC_VBATCmd
                0x00000000       0x4c ..\obj\stm32f4xx_adc.o
 .text.ADC_GetSoftwareStartConvStatus
                0x00000000       0x38 ..\obj\stm32f4xx_adc.o
 .text.ADC_EOCOnEachRegularChannelCmd
                0x00000000       0x38 ..\obj\stm32f4xx_adc.o
 .text.ADC_ContinuousModeCmd
                0x00000000       0x38 ..\obj\stm32f4xx_adc.o
 .text.ADC_DiscModeChannelCountConfig
                0x00000000       0x4c ..\obj\stm32f4xx_adc.o
 .text.ADC_DiscModeCmd
                0x00000000       0x38 ..\obj\stm32f4xx_adc.o
 .text.ADC_GetMultiModeConversionValue
                0x00000000       0x18 ..\obj\stm32f4xx_adc.o
 .text.ADC_DMACmd
                0x00000000       0x38 ..\obj\stm32f4xx_adc.o
 .text.ADC_DMARequestAfterLastTransferCmd
                0x00000000       0x38 ..\obj\stm32f4xx_adc.o
 .text.ADC_MultiModeDMARequestAfterLastTransferCmd
                0x00000000       0x4c ..\obj\stm32f4xx_adc.o
 .text.ADC_InjectedChannelConfig
                0x00000000      0x144 ..\obj\stm32f4xx_adc.o
 .text.ADC_InjectedSequencerLengthConfig
                0x00000000       0x4c ..\obj\stm32f4xx_adc.o
 .text.ADC_SetInjectedOffset
                0x00000000       0x34 ..\obj\stm32f4xx_adc.o
 .text.ADC_ExternalTrigInjectedConvConfig
                0x00000000       0x38 ..\obj\stm32f4xx_adc.o
 .text.ADC_ExternalTrigInjectedConvEdgeConfig
                0x00000000       0x38 ..\obj\stm32f4xx_adc.o
 .text.ADC_SoftwareStartInjectedConv
                0x00000000       0x20 ..\obj\stm32f4xx_adc.o
 .text.ADC_GetSoftwareStartInjectedConvCmdStatus
                0x00000000       0x38 ..\obj\stm32f4xx_adc.o
 .text.ADC_AutoInjectedConvCmd
                0x00000000       0x38 ..\obj\stm32f4xx_adc.o
 .text.ADC_InjectedDiscModeCmd
                0x00000000       0x38 ..\obj\stm32f4xx_adc.o
 .text.ADC_GetInjectedConversionValue
                0x00000000       0x34 ..\obj\stm32f4xx_adc.o
 .text.ADC_ITConfig
                0x00000000       0x5c ..\obj\stm32f4xx_adc.o
 .text.ADC_ClearFlag
                0x00000000       0x20 ..\obj\stm32f4xx_adc.o
 .text.ADC_GetITStatus
                0x00000000       0x70 ..\obj\stm32f4xx_adc.o
 .text.ADC_ClearITPendingBit
                0x00000000       0x30 ..\obj\stm32f4xx_adc.o
 .text          0x00000000        0x0 ..\obj\stm32_ub_systick.o
 .data          0x00000000        0x0 ..\obj\stm32_ub_systick.o
 .text.UB_Systick_Pause_s
                0x00000000       0x30 ..\obj\stm32_ub_systick.o
 .text.UB_Systick_Timer1
                0x00000000       0xb8 ..\obj\stm32_ub_systick.o
 .text.UB_Systick_Timer2
                0x00000000       0xb8 ..\obj\stm32_ub_systick.o
 .text.UB_Systick_Counter1
                0x00000000       0xc4 ..\obj\stm32_ub_systick.o
 .text.UB_Systick_Counter2
                0x00000000       0xc4 ..\obj\stm32_ub_systick.o
 .text          0x00000000        0x0 ..\obj\stm32_ub_adc1_single.o
 .bss           0x00000000        0x0 ..\obj\stm32_ub_adc1_single.o
 .text          0x00000000        0x0 ..\obj\stm32_ub_dac.o
 .data          0x00000000        0x0 ..\obj\stm32_ub_dac.o
 .bss           0x00000000        0x0 ..\obj\stm32_ub_dac.o
 .text.UB_DAC_SetDAC1u2
                0x00000000       0x58 ..\obj\stm32_ub_dac.o
 .text          0x00000000        0x0 ..\obj\stm32f4xx_gpio.o
 .data          0x00000000        0x0 ..\obj\stm32f4xx_gpio.o
 .bss           0x00000000        0x0 ..\obj\stm32f4xx_gpio.o
 .text.GPIO_DeInit
                0x00000000      0x178 ..\obj\stm32f4xx_gpio.o
 .text.GPIO_StructInit
                0x00000000       0x3c ..\obj\stm32f4xx_gpio.o
 .text.GPIO_PinLockConfig
                0x00000000       0x44 ..\obj\stm32f4xx_gpio.o
 .text.GPIO_ReadInputDataBit
                0x00000000       0x3c ..\obj\stm32f4xx_gpio.o
 .text.GPIO_ReadInputData
                0x00000000       0x1c ..\obj\stm32f4xx_gpio.o
 .text.GPIO_ReadOutputDataBit
                0x00000000       0x3c ..\obj\stm32f4xx_gpio.o
 .text.GPIO_ReadOutputData
                0x00000000       0x1c ..\obj\stm32f4xx_gpio.o
 .text.GPIO_SetBits
                0x00000000       0x1c ..\obj\stm32f4xx_gpio.o
 .text.GPIO_ResetBits
                0x00000000       0x1c ..\obj\stm32f4xx_gpio.o
 .text.GPIO_WriteBit
                0x00000000       0x30 ..\obj\stm32f4xx_gpio.o
 .text.GPIO_Write
                0x00000000       0x1c ..\obj\stm32f4xx_gpio.o
 .text.GPIO_ToggleBits
                0x00000000       0x24 ..\obj\stm32f4xx_gpio.o
 .text.GPIO_PinAFConfig
                0x00000000       0xac ..\obj\stm32f4xx_gpio.o
 .text          0x00000000        0x0 ..\obj\system_stm32f4xx.o
 .data          0x00000000       0x14 ..\obj\system_stm32f4xx.o
 .bss           0x00000000        0x0 ..\obj\system_stm32f4xx.o
 .text.SystemCoreClockUpdate
                0x00000000      0x174 ..\obj\system_stm32f4xx.o
 .text          0x00000000        0x0 ..\obj\syscalls.o
 .data          0x00000000        0x0 ..\obj\syscalls.o
 .bss           0x00000000        0x4 ..\obj\syscalls.o
 .text._sbrk    0x00000000       0x5c ..\obj\syscalls.o
 .text.link     0x00000000       0x1c ..\obj\syscalls.o
 .text._close   0x00000000       0x18 ..\obj\syscalls.o
 .text._fstat   0x00000000       0x24 ..\obj\syscalls.o
 .text._isatty  0x00000000       0x18 ..\obj\syscalls.o
 .text._lseek   0x00000000       0x1c ..\obj\syscalls.o
 .text._read    0x00000000       0x1c ..\obj\syscalls.o
 .text._write   0x00000000       0x1c ..\obj\syscalls.o
 .text.abort    0x00000000        0x8 ..\obj\syscalls.o

Memory Configuration

Name             Origin             Length             Attributes
rom              0x08000000         0x00100000         xr
ram              0x20000000         0x00020000         xrw
ram1             0x10000000         0x00010000         xrw
*default*        0x00000000         0xffffffff

Linker script and memory map

                0x20020000                _eram = 0x20020000

.text           0x08000000     0x15f0
 *(.isr_vector)
 .isr_vector    0x08000000      0x188 ..\obj\startup_stm32f4xx.o
                0x08000000                g_pfnVectors
 *(.text*)
 .text.DAC_Init
                0x08000188       0x74 ..\obj\stm32f4xx_dac.o
                0x08000188                DAC_Init
 .text.DAC_Cmd  0x080001fc       0x68 ..\obj\stm32f4xx_dac.o
                0x080001fc                DAC_Cmd
 .text.DAC_SetChannel1Data
                0x08000264       0x38 ..\obj\stm32f4xx_dac.o
                0x08000264                DAC_SetChannel1Data
 .text.DAC_SetChannel2Data
                0x0800029c       0x38 ..\obj\stm32f4xx_dac.o
                0x0800029c                DAC_SetChannel2Data
 .text.Default_Reset_Handler
                0x080002d4       0x68 ..\obj\startup_stm32f4xx.o
                0x080002d4                Default_Reset_Handler
                0x080002d4                Reset_Handler
 .text.Default_Handler
                0x0800033c        0x8 ..\obj\startup_stm32f4xx.o
                0x0800033c                RTC_Alarm_IRQHandler
                0x0800033c                HASH_RNG_IRQHandler
                0x0800033c                EXTI2_IRQHandler
                0x0800033c                TIM8_CC_IRQHandler
                0x0800033c                DebugMon_Handler
                0x0800033c                TIM1_CC_IRQHandler
                0x0800033c                DMA2_Stream5_IRQHandler
                0x0800033c                HardFault_Handler
                0x0800033c                DMA1_Stream5_IRQHandler
                0x0800033c                PVD_IRQHandler
                0x0800033c                SDIO_IRQHandler
                0x0800033c                TAMP_STAMP_IRQHandler
                0x0800033c                PendSV_Handler
                0x0800033c                NMI_Handler
                0x0800033c                CAN2_RX1_IRQHandler
                0x0800033c                EXTI3_IRQHandler
                0x0800033c                TIM8_TRG_COM_TIM14_IRQHandler
                0x0800033c                TIM1_UP_TIM10_IRQHandler
                0x0800033c                TIM8_UP_TIM13_IRQHandler
                0x0800033c                I2C3_ER_IRQHandler
                0x0800033c                EXTI0_IRQHandler
                0x0800033c                I2C2_EV_IRQHandler
                0x0800033c                DMA1_Stream2_IRQHandler
                0x0800033c                CAN1_RX0_IRQHandler
                0x0800033c                FPU_IRQHandler
                0x0800033c                OTG_HS_WKUP_IRQHandler
                0x0800033c                UsageFault_Handler
                0x0800033c                CAN2_SCE_IRQHandler
                0x0800033c                DMA2_Stream2_IRQHandler
                0x0800033c                SPI1_IRQHandler
                0x0800033c                TIM6_DAC_IRQHandler
                0x0800033c                TIM1_BRK_TIM9_IRQHandler
                0x0800033c                DCMI_IRQHandler
                0x0800033c                CAN2_RX0_IRQHandler
                0x0800033c                DMA2_Stream3_IRQHandler
                0x0800033c                USART6_IRQHandler
                0x0800033c                USART3_IRQHandler
                0x0800033c                CRYP_IRQHandler
                0x0800033c                CAN1_RX1_IRQHandler
                0x0800033c                UART5_IRQHandler
                0x0800033c                DMA2_Stream0_IRQHandler
                0x0800033c                TIM4_IRQHandler
                0x0800033c                I2C1_EV_IRQHandler
                0x0800033c                DMA1_Stream6_IRQHandler
                0x0800033c                DMA1_Stream1_IRQHandler
                0x0800033c                UART4_IRQHandler
                0x0800033c                TIM3_IRQHandler
                0x0800033c                RCC_IRQHandler
                0x0800033c                TIM8_BRK_TIM12_IRQHandler
                0x0800033c                EXTI15_10_IRQHandler
                0x0800033c                ADC_IRQHandler
                0x0800033c                DMA1_Stream7_IRQHandler
                0x0800033c                TIM7_IRQHandler
                0x0800033c                CAN2_TX_IRQHandler
                0x0800033c                TIM5_IRQHandler
                0x0800033c                DMA2_Stream7_IRQHandler
                0x0800033c                I2C3_EV_IRQHandler
                0x0800033c                EXTI9_5_IRQHandler
                0x0800033c                RTC_WKUP_IRQHandler
                0x0800033c                ETH_WKUP_IRQHandler
                0x0800033c                SPI2_IRQHandler
                0x0800033c                OTG_HS_EP1_IN_IRQHandler
                0x0800033c                MemManage_Handler
                0x0800033c                DMA1_Stream0_IRQHandler
                0x0800033c                CAN1_TX_IRQHandler
                0x0800033c                SVC_Handler
                0x0800033c                EXTI4_IRQHandler
                0x0800033c                FSMC_IRQHandler
                0x0800033c                ETH_IRQHandler
                0x0800033c                OTG_HS_EP1_OUT_IRQHandler
                0x0800033c                WWDG_IRQHandler
                0x0800033c                TIM2_IRQHandler
                0x0800033c                OTG_FS_WKUP_IRQHandler
                0x0800033c                TIM1_TRG_COM_TIM11_IRQHandler
                0x0800033c                OTG_HS_IRQHandler
                0x0800033c                EXTI1_IRQHandler
                0x0800033c                USART2_IRQHandler
                0x0800033c                I2C2_ER_IRQHandler
                0x0800033c                DMA2_Stream1_IRQHandler
                0x0800033c                CAN1_SCE_IRQHandler
                0x0800033c                FLASH_IRQHandler
                0x0800033c                DMA2_Stream4_IRQHandler
                0x0800033c                BusFault_Handler
                0x0800033c                USART1_IRQHandler
                0x0800033c                OTG_FS_IRQHandler
                0x0800033c                SPI3_IRQHandler
                0x0800033c                DMA1_Stream4_IRQHandler
                0x0800033c                I2C1_ER_IRQHandler
                0x0800033c                DMA2_Stream6_IRQHandler
                0x0800033c                DMA1_Stream3_IRQHandler
 .text.main     0x08000344      0x100 ..\obj\main.o
                0x08000344                main
 .text.RCC_GetClocksFreq
                0x08000444      0x1d0 ..\obj\stm32f4xx_rcc.o
                0x08000444                RCC_GetClocksFreq
 .text.RCC_AHB1PeriphClockCmd
                0x08000614       0x58 ..\obj\stm32f4xx_rcc.o
                0x08000614                RCC_AHB1PeriphClockCmd
 .text.RCC_APB1PeriphClockCmd
                0x0800066c       0x58 ..\obj\stm32f4xx_rcc.o
                0x0800066c                RCC_APB1PeriphClockCmd
 .text.RCC_APB2PeriphClockCmd
                0x080006c4       0x58 ..\obj\stm32f4xx_rcc.o
                0x080006c4                RCC_APB2PeriphClockCmd
 .text.ADC_Init
                0x0800071c       0xb8 ..\obj\stm32f4xx_adc.o
                0x0800071c                ADC_Init
 .text.ADC_CommonInit
                0x080007d4       0x5c ..\obj\stm32f4xx_adc.o
                0x080007d4                ADC_CommonInit
 .text.ADC_Cmd  0x08000830       0x38 ..\obj\stm32f4xx_adc.o
                0x08000830                ADC_Cmd
 .text.ADC_RegularChannelConfig
                0x08000868      0x1bc ..\obj\stm32f4xx_adc.o
                0x08000868                ADC_RegularChannelConfig
 .text.ADC_SoftwareStartConv
                0x08000a24       0x20 ..\obj\stm32f4xx_adc.o
                0x08000a24                ADC_SoftwareStartConv
 .text.ADC_GetConversionValue
                0x08000a44       0x1c ..\obj\stm32f4xx_adc.o
                0x08000a44                ADC_GetConversionValue
 .text.ADC_GetFlagStatus
                0x08000a60       0x3c ..\obj\stm32f4xx_adc.o
                0x08000a60                ADC_GetFlagStatus
 .text.NVIC_SetPriority
                0x08000a9c       0x5c ..\obj\stm32_ub_systick.o
 .text.SysTick_Config
                0x08000af8       0x64 ..\obj\stm32_ub_systick.o
 .text.UB_Systick_Init
                0x08000b5c       0x90 ..\obj\stm32_ub_systick.o
                0x08000b5c                UB_Systick_Init
 .text.UB_Systick_Pause_us
                0x08000bec       0x30 ..\obj\stm32_ub_systick.o
                0x08000bec                UB_Systick_Pause_us
 .text.UB_Systick_Pause_ms
                0x08000c1c       0x30 ..\obj\stm32_ub_systick.o
                0x08000c1c                UB_Systick_Pause_ms
 .text.SysTick_Handler
                0x08000c4c       0xc8 ..\obj\stm32_ub_systick.o
                0x08000c4c                SysTick_Handler
 .text.UB_ADC1_SINGLE_Init
                0x08000d14       0x10 ..\obj\stm32_ub_adc1_single.o
                0x08000d14                UB_ADC1_SINGLE_Init
 .text.UB_ADC1_SINGLE_Read
                0x08000d24       0x84 ..\obj\stm32_ub_adc1_single.o
                0x08000d24                UB_ADC1_SINGLE_Read
 .text.UB_ADC1_SINGLE_Read_MW
                0x08000da8      0x1dc ..\obj\stm32_ub_adc1_single.o
                0x08000da8                UB_ADC1_SINGLE_Read_MW
 .text.P_ADC1s_InitIO
                0x08000f84       0xa4 ..\obj\stm32_ub_adc1_single.o
                0x08000f84                P_ADC1s_InitIO
 .text.P_ADC1s_InitADC
                0x08001028       0x80 ..\obj\stm32_ub_adc1_single.o
                0x08001028                P_ADC1s_InitADC
 .text.UB_DAC_Init
                0x080010a8       0x58 ..\obj\stm32_ub_dac.o
                0x080010a8                UB_DAC_Init
 .text.UB_DAC_SetDAC1
                0x08001100       0x40 ..\obj\stm32_ub_dac.o
                0x08001100                UB_DAC_SetDAC1
 .text.UB_DAC_SetDAC2
                0x08001140       0x40 ..\obj\stm32_ub_dac.o
                0x08001140                UB_DAC_SetDAC2
 .text.P_DAC1_InitIO
                0x08001180       0x3c ..\obj\stm32_ub_dac.o
                0x08001180                P_DAC1_InitIO
 .text.P_DAC2_InitIO
                0x080011bc       0x3c ..\obj\stm32_ub_dac.o
                0x080011bc                P_DAC2_InitIO
 .text.P_DAC1_InitDAC
                0x080011f8       0x44 ..\obj\stm32_ub_dac.o
                0x080011f8                P_DAC1_InitDAC
 .text.P_DAC2_InitDAC
                0x0800123c       0x44 ..\obj\stm32_ub_dac.o
                0x0800123c                P_DAC2_InitDAC
 .text.GPIO_Init
                0x08001280      0x154 ..\obj\stm32f4xx_gpio.o
                0x08001280                GPIO_Init
 .text.SystemInit
                0x080013d4       0x94 ..\obj\system_stm32f4xx.o
                0x080013d4                SystemInit
 .text.SetSysClock
                0x08001468      0x188 ..\obj\system_stm32f4xx.o
 *(.init)
 *(.fini)
 *crtbegin.o(.ctors)
 *crtbegin?.o(.ctors)
 *(EXCLUDE_FILE(*crtend.o *crtend?.o) .ctors)
 *(SORT(.ctors.*))
 *(.ctors)
 *crtbegin.o(.dtors)
 *crtbegin?.o(.dtors)
 *(EXCLUDE_FILE(*crtend.o *crtend?.o) .dtors)
 *(SORT(.dtors.*))
 *(.dtors)
 *(.rodata*)
 *(.eh_fram e*)

.glue_7         0x080015f0        0x0
 .glue_7        0x00000000        0x0 linker stubs

.glue_7t        0x080015f0        0x0
 .glue_7t       0x00000000        0x0 linker stubs

.vfp11_veneer   0x080015f0        0x0
 .vfp11_veneer  0x00000000        0x0 linker stubs

.v4_bx          0x080015f0        0x0
 .v4_bx         0x00000000        0x0 linker stubs

.ARM.extab
 *(.ARM.extab* .gnu.linkonce.armextab.*)
                0x080015f0                __exidx_start = .

.ARM.exidx
 *(.ARM.exidx* .gnu.linkonce.armexidx.*)
                0x080015f0                __exidx_end = .
                0x080015f0                __etext = .
                0x080015f0                _sidata = __etext

.data           0x20000000       0x74 load address 0x080015f0
                0x20000000                __data_start__ = .
                0x20000000                _sdata = __data_start__
 *(vtable)
 *(.data*)
 .data          0x20000000       0x10 ..\obj\stm32f4xx_rcc.o
 .data          0x20000010       0x64 ..\obj\stm32_ub_adc1_single.o
                0x20000010                ADC1s
                0x20000074                . = ALIGN (0x4)
                0x20000074                PROVIDE (__preinit_array_start, .)
 *(.preinit_array)
                0x20000074                PROVIDE (__preinit_array_end, .)
                0x20000074                . = ALIGN (0x4)
                0x20000074                PROVIDE (__init_array_start, .)
 *(SORT(.init_array.*))
 *(.init_array)
                0x20000074                PROVIDE (__init_array_end, .)
                0x20000074                . = ALIGN (0x4)
                0x20000074                PROVIDE (__fini_array_start, .)
 *(SORT(.fini_array.*))
 *(.fini_array)
                0x20000074                PROVIDE (__fini_array_end, .)
 *(.jcr*)
                0x20000074                . = ALIGN (0x4)
                0x20000074                __data_end__ = .
                0x20000074                _edata = __data_end__

.bss            0x20000074       0x30 load address 0x08001664
                0x20000074                . = ALIGN (0x4)
                0x20000074                __bss_start__ = .
                0x20000074                _sbss = __bss_start__
 *(.bss*)
 .bss           0x20000074       0x1c ..\obj\stm32_ub_systick.o
 *(COMMON)
 COMMON         0x20000090       0x10 ..\obj\main.o
                0x20000090                Temp
                0x20000094                gpio_InitDef
                0x2000009c                Flow
                0x2000009e                value
 COMMON         0x200000a0        0x1 ..\obj\stm32_ub_dac.o
                0x200000a0                akt_dac_mode
                0x200000a4                . = ALIGN (0x4)
 *fill*         0x200000a1        0x3 00
                0x200000a4                __bss_end__ = .
                0x200000a4                _ebss = __bss_end__

.heap           0x200000a4        0x0
                0x200000a4                __end__ = .
                0x200000a4                _end = __end__
                0x200000a4                end = __end__
 *(.heap*)
                0x200000a4                __HeapLimit = .

.co_stack       0x200000a4      0x804 load address 0x08001694
                0x200000a8                . = ALIGN (0x8)
 *fill*         0x200000a4        0x4 00
 *(.co_stack .co_stack.*)
 .co_stack      0x200000a8      0x800 ..\obj\startup_stm32f4xx.o
                0x200000a8                pulStack
                0x20020000                __StackTop = (ORIGIN (ram) + 0x20000)
                0x2001f7fc                __StackLimit = (__StackTop - SIZEOF (.co_stack))
                0x20020000                PROVIDE (__stack, __StackTop)
                0x00000001                ASSERT ((__StackLimit >= __HeapLimit), region ram  overflowed with stack)
LOAD ..\obj\stm32f4xx_dac.o
LOAD ..\obj\startup_stm32f4xx.o
LOAD ..\obj\main.o
LOAD ..\obj\stm32f4xx_rcc.o
LOAD ..\obj\stm32f4xx_adc.o
LOAD ..\obj\stm32_ub_systick.o
LOAD ..\obj\stm32_ub_adc1_single.o
LOAD ..\obj\stm32_ub_dac.o
LOAD ..\obj\stm32f4xx_gpio.o
LOAD ..\obj\system_stm32f4xx.o
LOAD ..\obj\syscalls.o
START GROUP
LOAD c:/program files (x86)/arm-none-eabi-gcc-4_6/bin/../lib/gcc/arm-none-eabi/4.6.2/armv7e-m\libgcc.a
LOAD c:/program files (x86)/arm-none-eabi-gcc-4_6/bin/../lib/gcc/arm-none-eabi/4.6.2/../../../../arm-none-eabi/lib/armv7e-m\libg.a
LOAD c:/program files (x86)/arm-none-eabi-gcc-4_6/bin/../lib/gcc/arm-none-eabi/4.6.2/../../../../arm-none-eabi/lib/armv7e-m\libc.a
END GROUP
OUTPUT(cobaADC.elf elf32-littlearm)

.debug_info     0x00000000     0x4b28
 .debug_info    0x00000000      0x683 ..\obj\stm32f4xx_dac.o
 .debug_info    0x00000683      0x147 ..\obj\startup_stm32f4xx.o
 .debug_info    0x000007ca      0x35e ..\obj\main.o
 .debug_info    0x00000b28      0xd24 ..\obj\stm32f4xx_rcc.o
 .debug_info    0x0000184c      0xcf5 ..\obj\stm32f4xx_adc.o
 .debug_info    0x00002541      0x9e8 ..\obj\stm32_ub_systick.o
 .debug_info    0x00002f29      0x703 ..\obj\stm32_ub_adc1_single.o
 .debug_info    0x0000362c      0x466 ..\obj\stm32_ub_dac.o
 .debug_info    0x00003a92      0x639 ..\obj\stm32f4xx_gpio.o
 .debug_info    0x000040cb      0x61d ..\obj\system_stm32f4xx.o
 .debug_info    0x000046e8      0x440 ..\obj\syscalls.o

.debug_abbrev   0x00000000      0xe8f
 .debug_abbrev  0x00000000      0x172 ..\obj\stm32f4xx_dac.o
 .debug_abbrev  0x00000172       0xac ..\obj\startup_stm32f4xx.o
 .debug_abbrev  0x0000021e      0x111 ..\obj\main.o
 .debug_abbrev  0x0000032f      0x1b7 ..\obj\stm32f4xx_rcc.o
 .debug_abbrev  0x000004e6      0x189 ..\obj\stm32f4xx_adc.o
 .debug_abbrev  0x0000066f      0x1cc ..\obj\stm32_ub_systick.o
 .debug_abbrev  0x0000083b      0x185 ..\obj\stm32_ub_adc1_single.o
 .debug_abbrev  0x000009c0      0x12f ..\obj\stm32_ub_dac.o
 .debug_abbrev  0x00000aef      0x182 ..\obj\stm32f4xx_gpio.o
 .debug_abbrev  0x00000c71      0x140 ..\obj\system_stm32f4xx.o
 .debug_abbrev  0x00000db1       0xde ..\obj\syscalls.o

.debug_loc      0x00000000     0x20b0
 .debug_loc     0x00000000      0x3ac ..\obj\stm32f4xx_dac.o
 .debug_loc     0x000003ac       0x64 ..\obj\startup_stm32f4xx.o
 .debug_loc     0x00000410       0x2c ..\obj\main.o
 .debug_loc     0x0000043c      0x97c ..\obj\stm32f4xx_rcc.o
 .debug_loc     0x00000db8      0x838 ..\obj\stm32f4xx_adc.o
 .debug_loc     0x000015f0      0x25c ..\obj\stm32_ub_systick.o
 .debug_loc     0x0000184c      0x10c ..\obj\stm32_ub_adc1_single.o
 .debug_loc     0x00001958      0x1c0 ..\obj\stm32_ub_dac.o
 .debug_loc     0x00001b18      0x310 ..\obj\stm32f4xx_gpio.o
 .debug_loc     0x00001e28       0x9c ..\obj\system_stm32f4xx.o
 .debug_loc     0x00001ec4      0x1ec ..\obj\syscalls.o

.debug_aranges  0x00000000      0x5c8
 .debug_aranges
                0x00000000       0xa0 ..\obj\stm32f4xx_dac.o
 .debug_aranges
                0x000000a0       0x28 ..\obj\startup_stm32f4xx.o
 .debug_aranges
                0x000000c8       0x20 ..\obj\main.o
 .debug_aranges
                0x000000e8      0x178 ..\obj\stm32f4xx_rcc.o
 .debug_aranges
                0x00000260      0x148 ..\obj\stm32f4xx_adc.o
 .debug_aranges
                0x000003a8       0x70 ..\obj\stm32_ub_systick.o
 .debug_aranges
                0x00000418       0x40 ..\obj\stm32_ub_adc1_single.o
 .debug_aranges
                0x00000458       0x58 ..\obj\stm32_ub_dac.o
 .debug_aranges
                0x000004b0       0x88 ..\obj\stm32f4xx_gpio.o
 .debug_aranges
                0x00000538       0x30 ..\obj\system_stm32f4xx.o
 .debug_aranges
                0x00000568       0x60 ..\obj\syscalls.o

.debug_ranges   0x00000000      0x518
 .debug_ranges  0x00000000       0x90 ..\obj\stm32f4xx_dac.o
 .debug_ranges  0x00000090       0x18 ..\obj\startup_stm32f4xx.o
 .debug_ranges  0x000000a8       0x10 ..\obj\main.o
 .debug_ranges  0x000000b8      0x168 ..\obj\stm32f4xx_rcc.o
 .debug_ranges  0x00000220      0x138 ..\obj\stm32f4xx_adc.o
 .debug_ranges  0x00000358       0x60 ..\obj\stm32_ub_systick.o
 .debug_ranges  0x000003b8       0x30 ..\obj\stm32_ub_adc1_single.o
 .debug_ranges  0x000003e8       0x48 ..\obj\stm32_ub_dac.o
 .debug_ranges  0x00000430       0x78 ..\obj\stm32f4xx_gpio.o
 .debug_ranges  0x000004a8       0x20 ..\obj\system_stm32f4xx.o
 .debug_ranges  0x000004c8       0x50 ..\obj\syscalls.o

.debug_line     0x00000000     0x2294
 .debug_line    0x00000000      0x37d ..\obj\stm32f4xx_dac.o
 .debug_line    0x0000037d       0xb6 ..\obj\startup_stm32f4xx.o
 .debug_line    0x00000433      0x251 ..\obj\main.o
 .debug_line    0x00000684      0x5b7 ..\obj\stm32f4xx_rcc.o
 .debug_line    0x00000c3b      0x56f ..\obj\stm32f4xx_adc.o
 .debug_line    0x000011aa      0x38e ..\obj\stm32_ub_systick.o
 .debug_line    0x00001538      0x30b ..\obj\stm32_ub_adc1_single.o
 .debug_line    0x00001843      0x30e ..\obj\stm32_ub_dac.o
 .debug_line    0x00001b51      0x35a ..\obj\stm32f4xx_gpio.o
 .debug_line    0x00001eab      0x239 ..\obj\system_stm32f4xx.o
 .debug_line    0x000020e4      0x1b0 ..\obj\syscalls.o

.debug_str      0x00000000     0x2290
 .debug_str     0x00000000      0x399 ..\obj\stm32f4xx_dac.o
                                0x402 (size before relaxing)
 .debug_str     0x00000399       0xc5 ..\obj\startup_stm32f4xx.o
                                0x12d (size before relaxing)
 .debug_str     0x0000045e      0x234 ..\obj\main.o
                                0x337 (size before relaxing)
 .debug_str     0x00000692      0x697 ..\obj\stm32f4xx_rcc.o
                                0x7ff (size before relaxing)
 .debug_str     0x00000d29      0x640 ..\obj\stm32f4xx_adc.o
                                0x7b3 (size before relaxing)
 .debug_str     0x00001369      0x80d ..\obj\stm32_ub_systick.o
                                0x9a0 (size before relaxing)
 .debug_str     0x00001b76      0x1b2 ..\obj\stm32_ub_adc1_single.o
                                0x5c3 (size before relaxing)
 .debug_str     0x00001d28      0x110 ..\obj\stm32_ub_dac.o
                                0x437 (size before relaxing)
 .debug_str     0x00001e38      0x1b8 ..\obj\stm32f4xx_gpio.o
                                0x452 (size before relaxing)
 .debug_str     0x00001ff0       0xd9 ..\obj\system_stm32f4xx.o
                                0x359 (size before relaxing)
 .debug_str     0x000020c9      0x1c7 ..\obj\syscalls.o
                                0x2c0 (size before relaxing)

.comment        0x00000000       0x70
 .comment       0x00000000       0x70 ..\obj\stm32f4xx_dac.o
                                 0x71 (size before relaxing)
 .comment       0x00000000       0x71 ..\obj\startup_stm32f4xx.o
 .comment       0x00000000       0x71 ..\obj\main.o
 .comment       0x00000000       0x71 ..\obj\stm32f4xx_rcc.o
 .comment       0x00000000       0x71 ..\obj\stm32f4xx_adc.o
 .comment       0x00000000       0x71 ..\obj\stm32_ub_systick.o
 .comment       0x00000000       0x71 ..\obj\stm32_ub_adc1_single.o
 .comment       0x00000000       0x71 ..\obj\stm32_ub_dac.o
 .comment       0x00000000       0x71 ..\obj\stm32f4xx_gpio.o
 .comment       0x00000000       0x71 ..\obj\system_stm32f4xx.o
 .comment       0x00000000       0x71 ..\obj\syscalls.o

.ARM.attributes
                0x00000000       0x33
 .ARM.attributes
                0x00000000       0x33 ..\obj\stm32f4xx_dac.o
 .ARM.attributes
                0x00000033       0x33 ..\obj\startup_stm32f4xx.o
 .ARM.attributes
                0x00000066       0x33 ..\obj\main.o
 .ARM.attributes
                0x00000099       0x33 ..\obj\stm32f4xx_rcc.o
 .ARM.attributes
                0x000000cc       0x33 ..\obj\stm32f4xx_adc.o
 .ARM.attributes
                0x000000ff       0x33 ..\obj\stm32_ub_systick.o
 .ARM.attributes
                0x00000132       0x33 ..\obj\stm32_ub_adc1_single.o
 .ARM.attributes
                0x00000165       0x33 ..\obj\stm32_ub_dac.o
 .ARM.attributes
                0x00000198       0x33 ..\obj\stm32f4xx_gpio.o
 .ARM.attributes
                0x000001cb       0x33 ..\obj\system_stm32f4xx.o
 .ARM.attributes
                0x000001fe       0x33 ..\obj\syscalls.o

.debug_frame    0x00000000     0x1180
 .debug_frame   0x00000000      0x1ec ..\obj\stm32f4xx_dac.o
 .debug_frame   0x000001ec       0x48 ..\obj\startup_stm32f4xx.o
 .debug_frame   0x00000234       0x2c ..\obj\main.o
 .debug_frame   0x00000260      0x4d8 ..\obj\stm32f4xx_rcc.o
 .debug_frame   0x00000738      0x434 ..\obj\stm32f4xx_adc.o
 .debug_frame   0x00000b6c      0x150 ..\obj\stm32_ub_systick.o
 .debug_frame   0x00000cbc       0xac ..\obj\stm32_ub_adc1_single.o
 .debug_frame   0x00000d68      0x110 ..\obj\stm32_ub_dac.o
 .debug_frame   0x00000e78      0x19c ..\obj\stm32f4xx_gpio.o
 .debug_frame   0x00001014       0x64 ..\obj\system_stm32f4xx.o
 .debug_frame   0x00001078      0x108 ..\obj\syscalls.o
