
Allocating common symbols
Common symbol       size              file

akt_dac_mode        0x1               ..\obj\stm32_ub_dac.o

Discarded input sections

 .text          0x00000000        0x0 ..\obj\stm32f4xx_dac.o
 .data          0x00000000        0x0 ..\obj\stm32f4xx_dac.o
 .bss           0x00000000        0x0 ..\obj\stm32f4xx_dac.o
 .text.DAC_DeInit
                0x00000000       0x20 ..\obj\stm32f4xx_dac.o
 .text.DAC_StructInit
                0x00000000       0x34 ..\obj\stm32f4xx_dac.o
 .text.DAC_SoftwareTriggerCmd
                0x00000000       0x6c ..\obj\stm32f4xx_dac.o
 .text.DAC_DualSoftwareTriggerCmd
                0x00000000       0x4c ..\obj\stm32f4xx_dac.o
 .text.DAC_WaveGenerationCmd
                0x00000000       0x60 ..\obj\stm32f4xx_dac.o
 .text.DAC_SetDualChannelData
                0x00000000       0x64 ..\obj\stm32f4xx_dac.o
 .text.DAC_GetDataOutputValue
                0x00000000       0x3c ..\obj\stm32f4xx_dac.o
 .text.DAC_DMACmd
                0x00000000       0x64 ..\obj\stm32f4xx_dac.o
 .text.DAC_ITConfig
                0x00000000       0x60 ..\obj\stm32f4xx_dac.o
 .text.DAC_GetFlagStatus
                0x00000000       0x44 ..\obj\stm32f4xx_dac.o
 .text.DAC_ClearFlag
                0x00000000       0x28 ..\obj\stm32f4xx_dac.o
 .text.DAC_GetITStatus
                0x00000000       0x68 ..\obj\stm32f4xx_dac.o
 .text.DAC_ClearITPendingBit
                0x00000000       0x28 ..\obj\stm32f4xx_dac.o
 .text          0x00000000        0x0 ..\obj\startup_stm32f4xx.o
 .data          0x00000000        0x0 ..\obj\startup_stm32f4xx.o
 .bss           0x00000000        0x0 ..\obj\startup_stm32f4xx.o
 .text          0x00000000        0x0 ..\obj\main.o
 .data          0x00000000        0x0 ..\obj\main.o
 .bss           0x00000000        0x0 ..\obj\main.o
 .text          0x00000000        0x0 ..\obj\stm32f4xx_rcc.o
 .data          0x00000000       0x10 ..\obj\stm32f4xx_rcc.o
 .bss           0x00000000        0x0 ..\obj\stm32f4xx_rcc.o
 .text.RCC_DeInit
                0x00000000       0x84 ..\obj\stm32f4xx_rcc.o
 .text.RCC_HSEConfig
                0x00000000       0x30 ..\obj\stm32f4xx_rcc.o
 .text.RCC_WaitForHSEStartUp
                0x00000000       0x64 ..\obj\stm32f4xx_rcc.o
 .text.RCC_AdjustHSICalibrationValue
                0x00000000       0x48 ..\obj\stm32f4xx_rcc.o
 .text.RCC_HSICmd
                0x00000000       0x20 ..\obj\stm32f4xx_rcc.o
 .text.RCC_LSEConfig
                0x00000000       0x60 ..\obj\stm32f4xx_rcc.o
 .text.RCC_LSICmd
                0x00000000       0x20 ..\obj\stm32f4xx_rcc.o
 .text.RCC_PLLConfig
                0x00000000       0x48 ..\obj\stm32f4xx_rcc.o
 .text.RCC_PLLCmd
                0x00000000       0x20 ..\obj\stm32f4xx_rcc.o
 .text.RCC_PLLI2SConfig
                0x00000000       0x30 ..\obj\stm32f4xx_rcc.o
 .text.RCC_PLLI2SCmd
                0x00000000       0x20 ..\obj\stm32f4xx_rcc.o
 .text.RCC_ClockSecuritySystemCmd
                0x00000000       0x20 ..\obj\stm32f4xx_rcc.o
 .text.RCC_MCO1Config
                0x00000000       0x48 ..\obj\stm32f4xx_rcc.o
 .text.RCC_MCO2Config
                0x00000000       0x48 ..\obj\stm32f4xx_rcc.o
 .text.RCC_SYSCLKConfig
                0x00000000       0x40 ..\obj\stm32f4xx_rcc.o
 .text.RCC_GetSYSCLKSource
                0x00000000       0x20 ..\obj\stm32f4xx_rcc.o
 .text.RCC_HCLKConfig
                0x00000000       0x40 ..\obj\stm32f4xx_rcc.o
 .text.RCC_PCLK1Config
                0x00000000       0x40 ..\obj\stm32f4xx_rcc.o
 .text.RCC_PCLK2Config
                0x00000000       0x44 ..\obj\stm32f4xx_rcc.o
 .text.RCC_GetClocksFreq
                0x00000000      0x1cc ..\obj\stm32f4xx_rcc.o
 .text.RCC_RTCCLKConfig
                0x00000000       0x74 ..\obj\stm32f4xx_rcc.o
 .text.RCC_RTCCLKCmd
                0x00000000       0x20 ..\obj\stm32f4xx_rcc.o
 .text.RCC_BackupResetCmd
                0x00000000       0x20 ..\obj\stm32f4xx_rcc.o
 .text.RCC_I2SCLKConfig
                0x00000000       0x20 ..\obj\stm32f4xx_rcc.o
 .text.RCC_AHB2PeriphClockCmd
                0x00000000       0x54 ..\obj\stm32f4xx_rcc.o
 .text.RCC_AHB3PeriphClockCmd
                0x00000000       0x54 ..\obj\stm32f4xx_rcc.o
 .text.RCC_APB2PeriphClockCmd
                0x00000000       0x54 ..\obj\stm32f4xx_rcc.o
 .text.RCC_AHB1PeriphResetCmd
                0x00000000       0x54 ..\obj\stm32f4xx_rcc.o
 .text.RCC_AHB2PeriphResetCmd
                0x00000000       0x54 ..\obj\stm32f4xx_rcc.o
 .text.RCC_AHB3PeriphResetCmd
                0x00000000       0x54 ..\obj\stm32f4xx_rcc.o
 .text.RCC_APB1PeriphResetCmd
                0x00000000       0x54 ..\obj\stm32f4xx_rcc.o
 .text.RCC_APB2PeriphResetCmd
                0x00000000       0x54 ..\obj\stm32f4xx_rcc.o
 .text.RCC_AHB1PeriphClockLPModeCmd
                0x00000000       0x54 ..\obj\stm32f4xx_rcc.o
 .text.RCC_AHB2PeriphClockLPModeCmd
                0x00000000       0x54 ..\obj\stm32f4xx_rcc.o
 .text.RCC_AHB3PeriphClockLPModeCmd
                0x00000000       0x54 ..\obj\stm32f4xx_rcc.o
 .text.RCC_APB1PeriphClockLPModeCmd
                0x00000000       0x54 ..\obj\stm32f4xx_rcc.o
 .text.RCC_APB2PeriphClockLPModeCmd
                0x00000000       0x54 ..\obj\stm32f4xx_rcc.o
 .text.RCC_ITConfig
                0x00000000       0x60 ..\obj\stm32f4xx_rcc.o
 .text.RCC_GetFlagStatus
                0x00000000       0x90 ..\obj\stm32f4xx_rcc.o
 .text.RCC_ClearFlag
                0x00000000       0x24 ..\obj\stm32f4xx_rcc.o
 .text.RCC_GetITStatus
                0x00000000       0x40 ..\obj\stm32f4xx_rcc.o
 .text.RCC_ClearITPendingBit
                0x00000000       0x20 ..\obj\stm32f4xx_rcc.o
 .text          0x00000000        0x0 ..\obj\stm32_ub_dac.o
 .data          0x00000000        0x0 ..\obj\stm32_ub_dac.o
 .bss           0x00000000        0x0 ..\obj\stm32_ub_dac.o
 .text.UB_DAC_SetDAC1u2
                0x00000000       0x58 ..\obj\stm32_ub_dac.o
 .text          0x00000000        0x0 ..\obj\stm32f4xx_gpio.o
 .data          0x00000000        0x0 ..\obj\stm32f4xx_gpio.o
 .bss           0x00000000        0x0 ..\obj\stm32f4xx_gpio.o
 .text.GPIO_DeInit
                0x00000000      0x178 ..\obj\stm32f4xx_gpio.o
 .text.GPIO_StructInit
                0x00000000       0x3c ..\obj\stm32f4xx_gpio.o
 .text.GPIO_PinLockConfig
                0x00000000       0x44 ..\obj\stm32f4xx_gpio.o
 .text.GPIO_ReadInputDataBit
                0x00000000       0x3c ..\obj\stm32f4xx_gpio.o
 .text.GPIO_ReadInputData
                0x00000000       0x1c ..\obj\stm32f4xx_gpio.o
 .text.GPIO_ReadOutputDataBit
                0x00000000       0x3c ..\obj\stm32f4xx_gpio.o
 .text.GPIO_ReadOutputData
                0x00000000       0x1c ..\obj\stm32f4xx_gpio.o
 .text.GPIO_SetBits
                0x00000000       0x1c ..\obj\stm32f4xx_gpio.o
 .text.GPIO_ResetBits
                0x00000000       0x1c ..\obj\stm32f4xx_gpio.o
 .text.GPIO_WriteBit
                0x00000000       0x30 ..\obj\stm32f4xx_gpio.o
 .text.GPIO_Write
                0x00000000       0x1c ..\obj\stm32f4xx_gpio.o
 .text.GPIO_ToggleBits
                0x00000000       0x24 ..\obj\stm32f4xx_gpio.o
 .text.GPIO_PinAFConfig
                0x00000000       0xa8 ..\obj\stm32f4xx_gpio.o
 .text          0x00000000        0x0 ..\obj\system_stm32f4xx.o
 .data          0x00000000       0x14 ..\obj\system_stm32f4xx.o
 .bss           0x00000000        0x0 ..\obj\system_stm32f4xx.o
 .text.SystemCoreClockUpdate
                0x00000000      0x170 ..\obj\system_stm32f4xx.o

Memory Configuration

Name             Origin             Length             Attributes
rom              0x08000000         0x00100000         xr
ram              0x20000000         0x00020000         xrw
ram1             0x10000000         0x00010000         xrw
*default*        0x00000000         0xffffffff

Linker script and memory map

                0x20020000                _eram = 0x20020000

.text           0x08000000      0x95c
 *(.isr_vector .isr_vector.*)
 .isr_vector    0x08000000      0x188 ..\obj\startup_stm32f4xx.o
                0x08000000                g_pfnVectors
 *(.text .text.* .gnu.linkonce.t.*)
 .text.DAC_Init
                0x08000188       0x74 ..\obj\stm32f4xx_dac.o
                0x08000188                DAC_Init
 .text.DAC_Cmd  0x080001fc       0x64 ..\obj\stm32f4xx_dac.o
                0x080001fc                DAC_Cmd
 .text.DAC_SetChannel1Data
                0x08000260       0x38 ..\obj\stm32f4xx_dac.o
                0x08000260                DAC_SetChannel1Data
 .text.DAC_SetChannel2Data
                0x08000298       0x38 ..\obj\stm32f4xx_dac.o
                0x08000298                DAC_SetChannel2Data
 .text.Default_Reset_Handler
                0x080002d0       0x6c ..\obj\startup_stm32f4xx.o
                0x080002d0                Default_Reset_Handler
                0x080002d0                Reset_Handler
 .text.Default_Handler
                0x0800033c        0x8 ..\obj\startup_stm32f4xx.o
                0x0800033c                RTC_Alarm_IRQHandler
                0x0800033c                HASH_RNG_IRQHandler
                0x0800033c                EXTI2_IRQHandler
                0x0800033c                TIM8_CC_IRQHandler
                0x0800033c                DebugMon_Handler
                0x0800033c                TIM1_CC_IRQHandler
                0x0800033c                DMA2_Stream5_IRQHandler
                0x0800033c                HardFault_Handler
                0x0800033c                DMA1_Stream5_IRQHandler
                0x0800033c                SysTick_Handler
                0x0800033c                PVD_IRQHandler
                0x0800033c                SDIO_IRQHandler
                0x0800033c                TAMP_STAMP_IRQHandler
                0x0800033c                PendSV_Handler
                0x0800033c                NMI_Handler
                0x0800033c                CAN2_RX1_IRQHandler
                0x0800033c                EXTI3_IRQHandler
                0x0800033c                TIM8_TRG_COM_TIM14_IRQHandler
                0x0800033c                TIM1_UP_TIM10_IRQHandler
                0x0800033c                TIM8_UP_TIM13_IRQHandler
                0x0800033c                I2C3_ER_IRQHandler
                0x0800033c                EXTI0_IRQHandler
                0x0800033c                I2C2_EV_IRQHandler
                0x0800033c                DMA1_Stream2_IRQHandler
                0x0800033c                CAN1_RX0_IRQHandler
                0x0800033c                FPU_IRQHandler
                0x0800033c                OTG_HS_WKUP_IRQHandler
                0x0800033c                UsageFault_Handler
                0x0800033c                CAN2_SCE_IRQHandler
                0x0800033c                DMA2_Stream2_IRQHandler
                0x0800033c                SPI1_IRQHandler
                0x0800033c                TIM6_DAC_IRQHandler
                0x0800033c                TIM1_BRK_TIM9_IRQHandler
                0x0800033c                DCMI_IRQHandler
                0x0800033c                CAN2_RX0_IRQHandler
                0x0800033c                DMA2_Stream3_IRQHandler
                0x0800033c                USART6_IRQHandler
                0x0800033c                USART3_IRQHandler
                0x0800033c                CRYP_IRQHandler
                0x0800033c                CAN1_RX1_IRQHandler
                0x0800033c                UART5_IRQHandler
                0x0800033c                DMA2_Stream0_IRQHandler
                0x0800033c                TIM4_IRQHandler
                0x0800033c                I2C1_EV_IRQHandler
                0x0800033c                DMA1_Stream6_IRQHandler
                0x0800033c                DMA1_Stream1_IRQHandler
                0x0800033c                UART4_IRQHandler
                0x0800033c                TIM3_IRQHandler
                0x0800033c                RCC_IRQHandler
                0x0800033c                TIM8_BRK_TIM12_IRQHandler
                0x0800033c                EXTI15_10_IRQHandler
                0x0800033c                ADC_IRQHandler
                0x0800033c                DMA1_Stream7_IRQHandler
                0x0800033c                TIM7_IRQHandler
                0x0800033c                CAN2_TX_IRQHandler
                0x0800033c                TIM5_IRQHandler
                0x0800033c                DMA2_Stream7_IRQHandler
                0x0800033c                I2C3_EV_IRQHandler
                0x0800033c                EXTI9_5_IRQHandler
                0x0800033c                RTC_WKUP_IRQHandler
                0x0800033c                ETH_WKUP_IRQHandler
                0x0800033c                SPI2_IRQHandler
                0x0800033c                OTG_HS_EP1_IN_IRQHandler
                0x0800033c                MemManage_Handler
                0x0800033c                DMA1_Stream0_IRQHandler
                0x0800033c                CAN1_TX_IRQHandler
                0x0800033c                SVC_Handler
                0x0800033c                EXTI4_IRQHandler
                0x0800033c                FSMC_IRQHandler
                0x0800033c                ETH_IRQHandler
                0x0800033c                OTG_HS_EP1_OUT_IRQHandler
                0x0800033c                WWDG_IRQHandler
                0x0800033c                TIM2_IRQHandler
                0x0800033c                OTG_FS_WKUP_IRQHandler
                0x0800033c                TIM1_TRG_COM_TIM11_IRQHandler
                0x0800033c                OTG_HS_IRQHandler
                0x0800033c                EXTI1_IRQHandler
                0x0800033c                USART2_IRQHandler
                0x0800033c                I2C2_ER_IRQHandler
                0x0800033c                DMA2_Stream1_IRQHandler
                0x0800033c                CAN1_SCE_IRQHandler
                0x0800033c                FLASH_IRQHandler
                0x0800033c                DMA2_Stream4_IRQHandler
                0x0800033c                BusFault_Handler
                0x0800033c                USART1_IRQHandler
                0x0800033c                OTG_FS_IRQHandler
                0x0800033c                SPI3_IRQHandler
                0x0800033c                DMA1_Stream4_IRQHandler
                0x0800033c                I2C1_ER_IRQHandler
                0x0800033c                DMA2_Stream6_IRQHandler
                0x0800033c                DMA1_Stream3_IRQHandler
 .text.main     0x08000344       0x38 ..\obj\main.o
                0x08000344                main
 .text.RCC_AHB1PeriphClockCmd
                0x0800037c       0x54 ..\obj\stm32f4xx_rcc.o
                0x0800037c                RCC_AHB1PeriphClockCmd
 .text.RCC_APB1PeriphClockCmd
                0x080003d0       0x54 ..\obj\stm32f4xx_rcc.o
                0x080003d0                RCC_APB1PeriphClockCmd
 .text.UB_DAC_Init
                0x08000424       0x58 ..\obj\stm32_ub_dac.o
                0x08000424                UB_DAC_Init
 .text.UB_DAC_SetDAC1
                0x0800047c       0x40 ..\obj\stm32_ub_dac.o
                0x0800047c                UB_DAC_SetDAC1
 .text.UB_DAC_SetDAC2
                0x080004bc       0x40 ..\obj\stm32_ub_dac.o
                0x080004bc                UB_DAC_SetDAC2
 .text.P_DAC1_InitIO
                0x080004fc       0x3c ..\obj\stm32_ub_dac.o
                0x080004fc                P_DAC1_InitIO
 .text.P_DAC2_InitIO
                0x08000538       0x3c ..\obj\stm32_ub_dac.o
                0x08000538                P_DAC2_InitIO
 .text.P_DAC1_InitDAC
                0x08000574       0x44 ..\obj\stm32_ub_dac.o
                0x08000574                P_DAC1_InitDAC
 .text.P_DAC2_InitDAC
                0x080005b8       0x44 ..\obj\stm32_ub_dac.o
                0x080005b8                P_DAC2_InitDAC
 .text.GPIO_Init
                0x080005fc      0x144 ..\obj\stm32f4xx_gpio.o
                0x080005fc                GPIO_Init
 .text.SystemInit
                0x08000740       0x94 ..\obj\system_stm32f4xx.o
                0x08000740                SystemInit
 .text.SetSysClock
                0x080007d4      0x188 ..\obj\system_stm32f4xx.o
 *(.glue_7t)
 .glue_7t       0x00000000        0x0 linker stubs
 *(.glue_7)
 .glue_7        0x00000000        0x0 linker stubs
 *(.rodata .rodata* .gnu.linkonce.r.*)

.vfp11_veneer   0x0800095c        0x0
 .vfp11_veneer  0x00000000        0x0 linker stubs

.v4_bx          0x0800095c        0x0
 .v4_bx         0x00000000        0x0 linker stubs

.iplt           0x0800095c        0x0
 .iplt          0x00000000        0x0 ..\obj\stm32f4xx_dac.o

.rel.dyn        0x0800095c        0x0
 .rel.iplt      0x00000000        0x0 ..\obj\stm32f4xx_dac.o

.ARM.extab
 *(.ARM.extab* .gnu.linkonce.armextab.*)
                0x0800095c                __exidx_start = .

.ARM.exidx
 *(.ARM.exidx* .gnu.linkonce.armexidx.*)
                0x0800095c                __exidx_end = .
                0x0800095c                . = ALIGN (0x4)
                0x0800095c                _etext = .
                0x0800095c                _sidata = .

.data           0x20000000        0x0 load address 0x0800095c
                0x20000000                _sdata = .
 *(.data .data.*)
                0x20000000                . = ALIGN (0x4)
                0x20000000                _edata = .

.igot.plt       0x20000000        0x0
 .igot.plt      0x00000000        0x0 ..\obj\stm32f4xx_dac.o

.bss            0x20000000        0x4
                0x20000000                _sbss = .
 *(.bss .bss.*)
 *(COMMON)
 COMMON         0x20000000        0x1 ..\obj\stm32_ub_dac.o
                0x20000000                akt_dac_mode
                0x20000004                . = ALIGN (0x4)
 *fill*         0x20000001        0x3 00
                0x20000004                _ebss = .

.co_stack       0x20000004      0x804
                0x20000008                . = ALIGN (0x8)
 *fill*         0x20000004        0x4 00
 *(.co_stack .co_stack.*)
 .co_stack      0x20000008      0x800 ..\obj\startup_stm32f4xx.o
                0x20000008                pulStack
                0x20000808                . = ALIGN (0x4)
                0x20000808                _end = .
LOAD ..\obj\stm32f4xx_dac.o
LOAD ..\obj\startup_stm32f4xx.o
LOAD ..\obj\main.o
LOAD ..\obj\stm32f4xx_rcc.o
LOAD ..\obj\stm32_ub_dac.o
LOAD ..\obj\stm32f4xx_gpio.o
LOAD ..\obj\system_stm32f4xx.o
START GROUP
LOAD c:/program files (x86)/gnu tools arm embedded/4.7 2012q4/bin/../lib/gcc/arm-none-eabi/4.7.3/armv7e-m\libgcc.a
LOAD c:/program files (x86)/gnu tools arm embedded/4.7 2012q4/bin/../lib/gcc/arm-none-eabi/4.7.3/../../../../arm-none-eabi/lib/armv7e-m\libg.a
LOAD c:/program files (x86)/gnu tools arm embedded/4.7 2012q4/bin/../lib/gcc/arm-none-eabi/4.7.3/../../../../arm-none-eabi/lib/armv7e-m\libc.a
END GROUP
OUTPUT(Demo_23.elf elf32-littlearm)

.debug_info     0x00000000     0x264c
 .debug_info    0x00000000      0x68d ..\obj\stm32f4xx_dac.o
 .debug_info    0x0000068d      0x103 ..\obj\startup_stm32f4xx.o
 .debug_info    0x00000790       0xe4 ..\obj\main.o
 .debug_info    0x00000874      0xd49 ..\obj\stm32f4xx_rcc.o
 .debug_info    0x000015bd      0x45a ..\obj\stm32_ub_dac.o
 .debug_info    0x00001a17      0x640 ..\obj\stm32f4xx_gpio.o
 .debug_info    0x00002057      0x5f5 ..\obj\system_stm32f4xx.o

.debug_abbrev   0x00000000      0x8a3
 .debug_abbrev  0x00000000      0x17e ..\obj\stm32f4xx_dac.o
 .debug_abbrev  0x0000017e       0xb2 ..\obj\startup_stm32f4xx.o
 .debug_abbrev  0x00000230       0x90 ..\obj\main.o
 .debug_abbrev  0x000002c0      0x1e5 ..\obj\stm32f4xx_rcc.o
 .debug_abbrev  0x000004a5      0x121 ..\obj\stm32_ub_dac.o
 .debug_abbrev  0x000005c6      0x1a5 ..\obj\stm32f4xx_gpio.o
 .debug_abbrev  0x0000076b      0x138 ..\obj\system_stm32f4xx.o

.debug_loc      0x00000000     0x1330
 .debug_loc     0x00000000      0x3ac ..\obj\stm32f4xx_dac.o
 .debug_loc     0x000003ac       0x64 ..\obj\startup_stm32f4xx.o
 .debug_loc     0x00000410       0x38 ..\obj\main.o
 .debug_loc     0x00000448      0x97c ..\obj\stm32f4xx_rcc.o
 .debug_loc     0x00000dc4      0x1c0 ..\obj\stm32_ub_dac.o
 .debug_loc     0x00000f84      0x310 ..\obj\stm32f4xx_gpio.o
 .debug_loc     0x00001294       0x9c ..\obj\system_stm32f4xx.o

.debug_aranges  0x00000000      0x370
 .debug_aranges
                0x00000000       0xa0 ..\obj\stm32f4xx_dac.o
 .debug_aranges
                0x000000a0       0x28 ..\obj\startup_stm32f4xx.o
 .debug_aranges
                0x000000c8       0x20 ..\obj\main.o
 .debug_aranges
                0x000000e8      0x178 ..\obj\stm32f4xx_rcc.o
 .debug_aranges
                0x00000260       0x58 ..\obj\stm32_ub_dac.o
 .debug_aranges
                0x000002b8       0x88 ..\obj\stm32f4xx_gpio.o
 .debug_aranges
                0x00000340       0x30 ..\obj\system_stm32f4xx.o

.debug_ranges   0x00000000      0x300
 .debug_ranges  0x00000000       0x90 ..\obj\stm32f4xx_dac.o
 .debug_ranges  0x00000090       0x18 ..\obj\startup_stm32f4xx.o
 .debug_ranges  0x000000a8       0x10 ..\obj\main.o
 .debug_ranges  0x000000b8      0x168 ..\obj\stm32f4xx_rcc.o
 .debug_ranges  0x00000220       0x48 ..\obj\stm32_ub_dac.o
 .debug_ranges  0x00000268       0x78 ..\obj\stm32f4xx_gpio.o
 .debug_ranges  0x000002e0       0x20 ..\obj\system_stm32f4xx.o

.debug_line     0x00000000     0x13a6
 .debug_line    0x00000000      0x373 ..\obj\stm32f4xx_dac.o
 .debug_line    0x00000373       0xb1 ..\obj\startup_stm32f4xx.o
 .debug_line    0x00000424      0x1aa ..\obj\main.o
 .debug_line    0x000005ce      0x5ae ..\obj\stm32f4xx_rcc.o
 .debug_line    0x00000b7c      0x2fc ..\obj\stm32_ub_dac.o
 .debug_line    0x00000e78      0x352 ..\obj\stm32f4xx_gpio.o
 .debug_line    0x000011ca      0x1dc ..\obj\system_stm32f4xx.o

.debug_str      0x00000000     0x10cd
 .debug_str     0x00000000      0x39d ..\obj\stm32f4xx_dac.o
                                0x406 (size before relaxing)
 .debug_str     0x0000039d       0xc0 ..\obj\startup_stm32f4xx.o
                                0x124 (size before relaxing)
 .debug_str     0x0000045d       0x6a ..\obj\main.o
                                0x15e (size before relaxing)
 .debug_str     0x000004c7      0x692 ..\obj\stm32f4xx_rcc.o
                                0x803 (size before relaxing)
 .debug_str     0x00000b59      0x299 ..\obj\stm32_ub_dac.o
                                0x431 (size before relaxing)
 .debug_str     0x00000df2      0x1b3 ..\obj\stm32f4xx_gpio.o
                                0x456 (size before relaxing)
 .debug_str     0x00000fa5      0x128 ..\obj\system_stm32f4xx.o
                                0x35d (size before relaxing)

.comment        0x00000000       0x70
 .comment       0x00000000       0x70 ..\obj\stm32f4xx_dac.o
                                 0x71 (size before relaxing)
 .comment       0x00000000       0x71 ..\obj\startup_stm32f4xx.o
 .comment       0x00000000       0x71 ..\obj\main.o
 .comment       0x00000000       0x71 ..\obj\stm32f4xx_rcc.o
 .comment       0x00000000       0x71 ..\obj\stm32_ub_dac.o
 .comment       0x00000000       0x71 ..\obj\stm32f4xx_gpio.o
 .comment       0x00000000       0x71 ..\obj\system_stm32f4xx.o

.ARM.attributes
                0x00000000       0x33
 .ARM.attributes
                0x00000000       0x33 ..\obj\stm32f4xx_dac.o
 .ARM.attributes
                0x00000033       0x33 ..\obj\startup_stm32f4xx.o
 .ARM.attributes
                0x00000066       0x33 ..\obj\main.o
 .ARM.attributes
                0x00000099       0x33 ..\obj\stm32f4xx_rcc.o
 .ARM.attributes
                0x000000cc       0x33 ..\obj\stm32_ub_dac.o
 .ARM.attributes
                0x000000ff       0x33 ..\obj\stm32f4xx_gpio.o
 .ARM.attributes
                0x00000132       0x33 ..\obj\system_stm32f4xx.o

.debug_frame    0x00000000      0xa4c
 .debug_frame   0x00000000      0x1ec ..\obj\stm32f4xx_dac.o
 .debug_frame   0x000001ec       0x48 ..\obj\startup_stm32f4xx.o
 .debug_frame   0x00000234       0x30 ..\obj\main.o
 .debug_frame   0x00000264      0x4d8 ..\obj\stm32f4xx_rcc.o
 .debug_frame   0x0000073c      0x110 ..\obj\stm32_ub_dac.o
 .debug_frame   0x0000084c      0x19c ..\obj\stm32f4xx_gpio.o
 .debug_frame   0x000009e8       0x64 ..\obj\system_stm32f4xx.o
