
Allocating common symbols
Common symbol       size              file

UART_RX             0x70              ..\obj\main.o

Discarded input sections

 .text          0x00000000        0x0 ..\obj\stm32f4xx_usart.o
 .data          0x00000000        0x0 ..\obj\stm32f4xx_usart.o
 .bss           0x00000000        0x0 ..\obj\stm32f4xx_usart.o
 .text.USART_DeInit
                0x00000000       0xd0 ..\obj\stm32f4xx_usart.o
 .text.USART_StructInit
                0x00000000       0x38 ..\obj\stm32f4xx_usart.o
 .text.USART_ClockInit
                0x00000000       0x54 ..\obj\stm32f4xx_usart.o
 .text.USART_ClockStructInit
                0x00000000       0x2c ..\obj\stm32f4xx_usart.o
 .text.USART_SetPrescaler
                0x00000000       0x38 ..\obj\stm32f4xx_usart.o
 .text.USART_OneBitMethodCmd
                0x00000000       0x40 ..\obj\stm32f4xx_usart.o
 .text.USART_SetAddress
                0x00000000       0x38 ..\obj\stm32f4xx_usart.o
 .text.USART_ReceiverWakeUpCmd
                0x00000000       0x40 ..\obj\stm32f4xx_usart.o
 .text.USART_WakeUpConfig
                0x00000000       0x38 ..\obj\stm32f4xx_usart.o
 .text.USART_LINBreakDetectLengthConfig
                0x00000000       0x38 ..\obj\stm32f4xx_usart.o
 .text.USART_LINCmd
                0x00000000       0x40 ..\obj\stm32f4xx_usart.o
 .text.USART_SendBreak
                0x00000000       0x24 ..\obj\stm32f4xx_usart.o
 .text.USART_HalfDuplexCmd
                0x00000000       0x40 ..\obj\stm32f4xx_usart.o
 .text.USART_SetGuardTime
                0x00000000       0x3c ..\obj\stm32f4xx_usart.o
 .text.USART_SmartCardCmd
                0x00000000       0x40 ..\obj\stm32f4xx_usart.o
 .text.USART_SmartCardNACKCmd
                0x00000000       0x40 ..\obj\stm32f4xx_usart.o
 .text.USART_IrDAConfig
                0x00000000       0x38 ..\obj\stm32f4xx_usart.o
 .text.USART_IrDACmd
                0x00000000       0x40 ..\obj\stm32f4xx_usart.o
 .text.USART_DMACmd
                0x00000000       0x48 ..\obj\stm32f4xx_usart.o
 .text.USART_ClearFlag
                0x00000000       0x20 ..\obj\stm32f4xx_usart.o
 .text.USART_ClearITPendingBit
                0x00000000       0x38 ..\obj\stm32f4xx_usart.o
 .text          0x00000000        0x0 ..\obj\startup_stm32f4xx.o
 .data          0x00000000        0x0 ..\obj\startup_stm32f4xx.o
 .bss           0x00000000        0x0 ..\obj\startup_stm32f4xx.o
 .text          0x00000000        0x0 ..\obj\main.o
 .data          0x00000000        0x0 ..\obj\main.o
 .bss           0x00000000        0x0 ..\obj\main.o
 .text          0x00000000        0x0 ..\obj\stm32f4xx_rcc.o
 .bss           0x00000000        0x0 ..\obj\stm32f4xx_rcc.o
 .text.RCC_DeInit
                0x00000000       0x50 ..\obj\stm32f4xx_rcc.o
 .text.RCC_HSEConfig
                0x00000000       0x24 ..\obj\stm32f4xx_rcc.o
 .text.RCC_WaitForHSEStartUp
                0x00000000       0x50 ..\obj\stm32f4xx_rcc.o
 .text.RCC_AdjustHSICalibrationValue
                0x00000000       0x3c ..\obj\stm32f4xx_rcc.o
 .text.RCC_HSICmd
                0x00000000       0x20 ..\obj\stm32f4xx_rcc.o
 .text.RCC_LSEConfig
                0x00000000       0x40 ..\obj\stm32f4xx_rcc.o
 .text.RCC_LSICmd
                0x00000000       0x20 ..\obj\stm32f4xx_rcc.o
 .text.RCC_PLLConfig
                0x00000000       0x3c ..\obj\stm32f4xx_rcc.o
 .text.RCC_PLLCmd
                0x00000000       0x20 ..\obj\stm32f4xx_rcc.o
 .text.RCC_PLLI2SConfig
                0x00000000       0x28 ..\obj\stm32f4xx_rcc.o
 .text.RCC_PLLI2SCmd
                0x00000000       0x20 ..\obj\stm32f4xx_rcc.o
 .text.RCC_ClockSecuritySystemCmd
                0x00000000       0x20 ..\obj\stm32f4xx_rcc.o
 .text.RCC_MCO1Config
                0x00000000       0x3c ..\obj\stm32f4xx_rcc.o
 .text.RCC_MCO2Config
                0x00000000       0x3c ..\obj\stm32f4xx_rcc.o
 .text.RCC_SYSCLKConfig
                0x00000000       0x38 ..\obj\stm32f4xx_rcc.o
 .text.RCC_GetSYSCLKSource
                0x00000000       0x20 ..\obj\stm32f4xx_rcc.o
 .text.RCC_HCLKConfig
                0x00000000       0x38 ..\obj\stm32f4xx_rcc.o
 .text.RCC_PCLK1Config
                0x00000000       0x38 ..\obj\stm32f4xx_rcc.o
 .text.RCC_PCLK2Config
                0x00000000       0x38 ..\obj\stm32f4xx_rcc.o
 .text.RCC_RTCCLKConfig
                0x00000000       0x5c ..\obj\stm32f4xx_rcc.o
 .text.RCC_RTCCLKCmd
                0x00000000       0x20 ..\obj\stm32f4xx_rcc.o
 .text.RCC_BackupResetCmd
                0x00000000       0x20 ..\obj\stm32f4xx_rcc.o
 .text.RCC_I2SCLKConfig
                0x00000000       0x1c ..\obj\stm32f4xx_rcc.o
 .text.RCC_AHB2PeriphClockCmd
                0x00000000       0x3c ..\obj\stm32f4xx_rcc.o
 .text.RCC_AHB3PeriphClockCmd
                0x00000000       0x3c ..\obj\stm32f4xx_rcc.o
 .text.RCC_AHB1PeriphResetCmd
                0x00000000       0x3c ..\obj\stm32f4xx_rcc.o
 .text.RCC_AHB2PeriphResetCmd
                0x00000000       0x3c ..\obj\stm32f4xx_rcc.o
 .text.RCC_AHB3PeriphResetCmd
                0x00000000       0x3c ..\obj\stm32f4xx_rcc.o
 .text.RCC_APB1PeriphResetCmd
                0x00000000       0x3c ..\obj\stm32f4xx_rcc.o
 .text.RCC_APB2PeriphResetCmd
                0x00000000       0x3c ..\obj\stm32f4xx_rcc.o
 .text.RCC_AHB1PeriphClockLPModeCmd
                0x00000000       0x3c ..\obj\stm32f4xx_rcc.o
 .text.RCC_AHB2PeriphClockLPModeCmd
                0x00000000       0x3c ..\obj\stm32f4xx_rcc.o
 .text.RCC_AHB3PeriphClockLPModeCmd
                0x00000000       0x3c ..\obj\stm32f4xx_rcc.o
 .text.RCC_APB1PeriphClockLPModeCmd
                0x00000000       0x3c ..\obj\stm32f4xx_rcc.o
 .text.RCC_APB2PeriphClockLPModeCmd
                0x00000000       0x3c ..\obj\stm32f4xx_rcc.o
 .text.RCC_ITConfig
                0x00000000       0x4c ..\obj\stm32f4xx_rcc.o
 .text.RCC_GetFlagStatus
                0x00000000       0x74 ..\obj\stm32f4xx_rcc.o
 .text.RCC_ClearFlag
                0x00000000       0x1c ..\obj\stm32f4xx_rcc.o
 .text.RCC_GetITStatus
                0x00000000       0x38 ..\obj\stm32f4xx_rcc.o
 .text.RCC_ClearITPendingBit
                0x00000000       0x20 ..\obj\stm32f4xx_rcc.o
 .text          0x00000000        0x0 ..\obj\stm32_ub_uart.o
 .bss           0x00000000        0x0 ..\obj\stm32_ub_uart.o
 .text.UB_Uart_SendArray
                0x00000000       0x48 ..\obj\stm32_ub_uart.o
 .text.UB_Uart_ReceiveArray
                0x00000000       0xac ..\obj\stm32_ub_uart.o
 .text          0x00000000        0x0 ..\obj\stm32f4xx_gpio.o
 .data          0x00000000        0x0 ..\obj\stm32f4xx_gpio.o
 .bss           0x00000000        0x0 ..\obj\stm32f4xx_gpio.o
 .text.GPIO_DeInit
                0x00000000      0x120 ..\obj\stm32f4xx_gpio.o
 .text.GPIO_StructInit
                0x00000000       0x34 ..\obj\stm32f4xx_gpio.o
 .text.GPIO_PinLockConfig
                0x00000000       0x44 ..\obj\stm32f4xx_gpio.o
 .text.GPIO_ReadInputDataBit
                0x00000000       0x34 ..\obj\stm32f4xx_gpio.o
 .text.GPIO_ReadInputData
                0x00000000       0x1c ..\obj\stm32f4xx_gpio.o
 .text.GPIO_ReadOutputDataBit
                0x00000000       0x34 ..\obj\stm32f4xx_gpio.o
 .text.GPIO_ReadOutputData
                0x00000000       0x1c ..\obj\stm32f4xx_gpio.o
 .text.GPIO_SetBits
                0x00000000       0x1c ..\obj\stm32f4xx_gpio.o
 .text.GPIO_ResetBits
                0x00000000       0x1c ..\obj\stm32f4xx_gpio.o
 .text.GPIO_WriteBit
                0x00000000       0x30 ..\obj\stm32f4xx_gpio.o
 .text.GPIO_Write
                0x00000000       0x1c ..\obj\stm32f4xx_gpio.o
 .text.GPIO_ToggleBits
                0x00000000       0x24 ..\obj\stm32f4xx_gpio.o
 .text          0x00000000        0x0 ..\obj\system_stm32f4xx.o
 .data          0x00000000       0x14 ..\obj\system_stm32f4xx.o
 .bss           0x00000000        0x0 ..\obj\system_stm32f4xx.o
 .text.SystemCoreClockUpdate
                0x00000000       0xf8 ..\obj\system_stm32f4xx.o
 .text          0x00000000        0x0 ..\obj\misc.o
 .data          0x00000000        0x0 ..\obj\misc.o
 .bss           0x00000000        0x0 ..\obj\misc.o
 .text.NVIC_PriorityGroupConfig
                0x00000000       0x24 ..\obj\misc.o
 .text.NVIC_SetVectorTable
                0x00000000       0x2c ..\obj\misc.o
 .text.NVIC_SystemLPConfig
                0x00000000       0x40 ..\obj\misc.o
 .text.SysTick_CLKSourceConfig
                0x00000000       0x38 ..\obj\misc.o

Memory Configuration

Name             Origin             Length             Attributes
rom              0x08000000         0x00100000         xr
ram              0x20000000         0x00020000         xrw
ram1             0x10000000         0x00010000         xrw
*default*        0x00000000         0xffffffff

Linker script and memory map

                0x20020000                _eram = 0x20020000

.text           0x08000000     0x1335
 *(.isr_vector)
 .isr_vector    0x08000000      0x188 ..\obj\startup_stm32f4xx.o
                0x08000000                g_pfnVectors
 *(.text*)
 .text.USART_Init
                0x08000188      0x178 ..\obj\stm32f4xx_usart.o
                0x08000188                USART_Init
 .text.USART_Cmd
                0x08000300       0x40 ..\obj\stm32f4xx_usart.o
                0x08000300                USART_Cmd
 .text.USART_OverSampling8Cmd
                0x08000340       0x44 ..\obj\stm32f4xx_usart.o
                0x08000340                USART_OverSampling8Cmd
 .text.USART_SendData
                0x08000384       0x24 ..\obj\stm32f4xx_usart.o
                0x08000384                USART_SendData
 .text.USART_ReceiveData
                0x080003a8       0x20 ..\obj\stm32f4xx_usart.o
                0x080003a8                USART_ReceiveData
 .text.USART_ITConfig
                0x080003c8       0x90 ..\obj\stm32f4xx_usart.o
                0x080003c8                USART_ITConfig
 .text.USART_GetFlagStatus
                0x08000458       0x38 ..\obj\stm32f4xx_usart.o
                0x08000458                USART_GetFlagStatus
 .text.USART_GetITStatus
                0x08000490       0xb8 ..\obj\stm32f4xx_usart.o
                0x08000490                USART_GetITStatus
 .text.Default_Reset_Handler
                0x08000548       0x58 ..\obj\startup_stm32f4xx.o
                0x08000548                Default_Reset_Handler
                0x08000548                Reset_Handler
 .text.Default_Handler
                0x080005a0        0x8 ..\obj\startup_stm32f4xx.o
                0x080005a0                RTC_Alarm_IRQHandler
                0x080005a0                HASH_RNG_IRQHandler
                0x080005a0                EXTI2_IRQHandler
                0x080005a0                TIM8_CC_IRQHandler
                0x080005a0                DebugMon_Handler
                0x080005a0                TIM1_CC_IRQHandler
                0x080005a0                DMA2_Stream5_IRQHandler
                0x080005a0                HardFault_Handler
                0x080005a0                DMA1_Stream5_IRQHandler
                0x080005a0                SysTick_Handler
                0x080005a0                PVD_IRQHandler
                0x080005a0                SDIO_IRQHandler
                0x080005a0                TAMP_STAMP_IRQHandler
                0x080005a0                PendSV_Handler
                0x080005a0                NMI_Handler
                0x080005a0                CAN2_RX1_IRQHandler
                0x080005a0                EXTI3_IRQHandler
                0x080005a0                TIM8_TRG_COM_TIM14_IRQHandler
                0x080005a0                TIM1_UP_TIM10_IRQHandler
                0x080005a0                TIM8_UP_TIM13_IRQHandler
                0x080005a0                I2C3_ER_IRQHandler
                0x080005a0                EXTI0_IRQHandler
                0x080005a0                I2C2_EV_IRQHandler
                0x080005a0                DMA1_Stream2_IRQHandler
                0x080005a0                CAN1_RX0_IRQHandler
                0x080005a0                FPU_IRQHandler
                0x080005a0                OTG_HS_WKUP_IRQHandler
                0x080005a0                UsageFault_Handler
                0x080005a0                CAN2_SCE_IRQHandler
                0x080005a0                DMA2_Stream2_IRQHandler
                0x080005a0                SPI1_IRQHandler
                0x080005a0                TIM6_DAC_IRQHandler
                0x080005a0                TIM1_BRK_TIM9_IRQHandler
                0x080005a0                DCMI_IRQHandler
                0x080005a0                CAN2_RX0_IRQHandler
                0x080005a0                DMA2_Stream3_IRQHandler
                0x080005a0                CRYP_IRQHandler
                0x080005a0                CAN1_RX1_IRQHandler
                0x080005a0                DMA2_Stream0_IRQHandler
                0x080005a0                TIM4_IRQHandler
                0x080005a0                I2C1_EV_IRQHandler
                0x080005a0                DMA1_Stream6_IRQHandler
                0x080005a0                DMA1_Stream1_IRQHandler
                0x080005a0                TIM3_IRQHandler
                0x080005a0                RCC_IRQHandler
                0x080005a0                TIM8_BRK_TIM12_IRQHandler
                0x080005a0                EXTI15_10_IRQHandler
                0x080005a0                ADC_IRQHandler
                0x080005a0                DMA1_Stream7_IRQHandler
                0x080005a0                TIM7_IRQHandler
                0x080005a0                CAN2_TX_IRQHandler
                0x080005a0                TIM5_IRQHandler
                0x080005a0                DMA2_Stream7_IRQHandler
                0x080005a0                I2C3_EV_IRQHandler
                0x080005a0                EXTI9_5_IRQHandler
                0x080005a0                RTC_WKUP_IRQHandler
                0x080005a0                ETH_WKUP_IRQHandler
                0x080005a0                SPI2_IRQHandler
                0x080005a0                OTG_HS_EP1_IN_IRQHandler
                0x080005a0                MemManage_Handler
                0x080005a0                DMA1_Stream0_IRQHandler
                0x080005a0                CAN1_TX_IRQHandler
                0x080005a0                SVC_Handler
                0x080005a0                EXTI4_IRQHandler
                0x080005a0                FSMC_IRQHandler
                0x080005a0                ETH_IRQHandler
                0x080005a0                OTG_HS_EP1_OUT_IRQHandler
                0x080005a0                WWDG_IRQHandler
                0x080005a0                TIM2_IRQHandler
                0x080005a0                OTG_FS_WKUP_IRQHandler
                0x080005a0                TIM1_TRG_COM_TIM11_IRQHandler
                0x080005a0                OTG_HS_IRQHandler
                0x080005a0                EXTI1_IRQHandler
                0x080005a0                I2C2_ER_IRQHandler
                0x080005a0                DMA2_Stream1_IRQHandler
                0x080005a0                CAN1_SCE_IRQHandler
                0x080005a0                FLASH_IRQHandler
                0x080005a0                DMA2_Stream4_IRQHandler
                0x080005a0                BusFault_Handler
                0x080005a0                OTG_FS_IRQHandler
                0x080005a0                SPI3_IRQHandler
                0x080005a0                DMA1_Stream4_IRQHandler
                0x080005a0                I2C1_ER_IRQHandler
                0x080005a0                DMA2_Stream6_IRQHandler
                0x080005a0                DMA1_Stream3_IRQHandler
 .text.main     0x080005a8       0x50 ..\obj\main.o
                0x080005a8                main
 .text.RCC_GetClocksFreq
                0x080005f8      0x154 ..\obj\stm32f4xx_rcc.o
                0x080005f8                RCC_GetClocksFreq
 .text.RCC_AHB1PeriphClockCmd
                0x0800074c       0x3c ..\obj\stm32f4xx_rcc.o
                0x0800074c                RCC_AHB1PeriphClockCmd
 .text.RCC_APB1PeriphClockCmd
                0x08000788       0x3c ..\obj\stm32f4xx_rcc.o
                0x08000788                RCC_APB1PeriphClockCmd
 .text.RCC_APB2PeriphClockCmd
                0x080007c4       0x3c ..\obj\stm32f4xx_rcc.o
                0x080007c4                RCC_APB2PeriphClockCmd
 .text.UB_Uart_Init
                0x08000800      0x2c8 ..\obj\stm32_ub_uart.o
                0x08000800                UB_Uart_Init
 .text.UB_Uart_SendByte
                0x08000ac8       0x58 ..\obj\stm32_ub_uart.o
                0x08000ac8                UB_Uart_SendByte
 .text.UB_Uart_SendString
                0x08000b20       0x90 ..\obj\stm32_ub_uart.o
                0x08000b20                UB_Uart_SendString
 .text.UB_Uart_ReceiveString
                0x08000bb0      0x160 ..\obj\stm32_ub_uart.o
                0x08000bb0                UB_Uart_ReceiveString
 .text.P_UART_Receive
                0x08000d10       0xac ..\obj\stm32_ub_uart.o
                0x08000d10                P_UART_Receive
 .text.P_UART_RX_INT
                0x08000dbc       0x54 ..\obj\stm32_ub_uart.o
                0x08000dbc                P_UART_RX_INT
 .text.USART1_IRQHandler
                0x08000e10       0x34 ..\obj\stm32_ub_uart.o
                0x08000e10                USART1_IRQHandler
 .text.USART2_IRQHandler
                0x08000e44       0x34 ..\obj\stm32_ub_uart.o
                0x08000e44                USART2_IRQHandler
 .text.USART3_IRQHandler
                0x08000e78       0x34 ..\obj\stm32_ub_uart.o
                0x08000e78                USART3_IRQHandler
 .text.UART4_IRQHandler
                0x08000eac       0x34 ..\obj\stm32_ub_uart.o
                0x08000eac                UART4_IRQHandler
 .text.UART5_IRQHandler
                0x08000ee0       0x34 ..\obj\stm32_ub_uart.o
                0x08000ee0                UART5_IRQHandler
 .text.USART6_IRQHandler
                0x08000f14       0x34 ..\obj\stm32_ub_uart.o
                0x08000f14                USART6_IRQHandler
 .text.GPIO_Init
                0x08000f48      0x11c ..\obj\stm32f4xx_gpio.o
                0x08000f48                GPIO_Init
 .text.GPIO_PinAFConfig
                0x08001064       0x90 ..\obj\stm32f4xx_gpio.o
                0x08001064                GPIO_PinAFConfig
 .text.SystemInit
                0x080010f4       0x58 ..\obj\system_stm32f4xx.o
                0x080010f4                SystemInit
 .text.SetSysClock
                0x0800114c       0xf4 ..\obj\system_stm32f4xx.o
 .text.NVIC_Init
                0x08001240       0xc0 ..\obj\misc.o
                0x08001240                NVIC_Init
 *(.init)
 *(.fini)
 *crtbegin.o(.ctors)
 *crtbegin?.o(.ctors)
 *(EXCLUDE_FILE(*crtend.o *crtend?.o) .ctors)
 *(SORT(.ctors.*))
 *(.ctors)
 *crtbegin.o(.dtors)
 *crtbegin?.o(.dtors)
 *(EXCLUDE_FILE(*crtend.o *crtend?.o) .dtors)
 *(SORT(.dtors.*))
 *(.dtors)
 *(.rodata*)
 .rodata        0x08001300       0x35 ..\obj\main.o
 *(.eh_fram e*)

.glue_7         0x08001338        0x0
 .glue_7        0x00000000        0x0 linker stubs

.glue_7t        0x08001338        0x0
 .glue_7t       0x00000000        0x0 linker stubs

.vfp11_veneer   0x08001338        0x0
 .vfp11_veneer  0x00000000        0x0 linker stubs

.v4_bx          0x08001338        0x0
 .v4_bx         0x00000000        0x0 linker stubs

.iplt           0x08001338        0x0
 .iplt          0x00000000        0x0 ..\obj\stm32f4xx_usart.o

.rel.dyn        0x08001338        0x0
 .rel.iplt      0x00000000        0x0 ..\obj\stm32f4xx_usart.o

.ARM.extab
 *(.ARM.extab* .gnu.linkonce.armextab.*)
                0x08001338                __exidx_start = .

.ARM.exidx
 *(.ARM.exidx* .gnu.linkonce.armexidx.*)
                0x08001338                __exidx_end = .
                0x08001338                __etext = .
                0x08001335                _sidata = __etext

.data           0x20000000       0x80 load address 0x08001335
                0x20000000                __data_start__ = .
                0x20000000                _sdata = __data_start__
 *(vtable)
 *(.data*)
 .data          0x20000000       0x10 ..\obj\stm32f4xx_rcc.o
 .data          0x20000010       0x70 ..\obj\stm32_ub_uart.o
                0x20000010                UART
                0x20000080                . = ALIGN (0x4)
                0x20000080                PROVIDE (__preinit_array_start, .)
 *(.preinit_array)
                0x20000080                PROVIDE (__preinit_array_end, .)
                0x20000080                . = ALIGN (0x4)
                0x20000080                PROVIDE (__init_array_start, .)
 *(SORT(.init_array.*))
 *(.init_array)
                0x20000080                PROVIDE (__init_array_end, .)
                0x20000080                . = ALIGN (0x4)
                0x20000080                PROVIDE (__fini_array_start, .)
 *(SORT(.fini_array.*))
 *(.fini_array)
                0x20000080                PROVIDE (__fini_array_end, .)
 *(.jcr*)
                0x20000080                . = ALIGN (0x4)
                0x20000080                __data_end__ = .
                0x20000080                _edata = __data_end__

.igot.plt       0x20000080        0x0 load address 0x080013b8
 .igot.plt      0x00000000        0x0 ..\obj\stm32f4xx_usart.o

.bss            0x20000080       0x70 load address 0x080013b8
                0x20000080                . = ALIGN (0x4)
                0x20000080                __bss_start__ = .
                0x20000080                _sbss = __bss_start__
 *(.bss*)
 *(COMMON)
 COMMON         0x20000080       0x70 ..\obj\main.o
                0x20000080                UART_RX
                0x200000f0                . = ALIGN (0x4)
                0x200000f0                __bss_end__ = .
                0x200000f0                _ebss = __bss_end__

.heap           0x200000f0        0x0
                0x200000f0                __end__ = .
                0x200000f0                _end = __end__
                0x200000f0                end = __end__
 *(.heap*)
                0x200000f0                __HeapLimit = .

.co_stack       0x200000f0      0x800 load address 0x08001428
                0x200000f0                . = ALIGN (0x8)
 *(.co_stack .co_stack.*)
 .co_stack      0x200000f0      0x800 ..\obj\startup_stm32f4xx.o
                0x200000f0                pulStack
                0x20020000                __StackTop = (ORIGIN (ram) + 0x20000)
                0x2001f800                __StackLimit = (__StackTop - SIZEOF (.co_stack))
                0x20020000                PROVIDE (__stack, __StackTop)
                0x00000001                ASSERT ((__StackLimit >= __HeapLimit), region ram  overflowed with stack)
LOAD ..\obj\stm32f4xx_usart.o
LOAD ..\obj\startup_stm32f4xx.o
LOAD ..\obj\main.o
LOAD ..\obj\stm32f4xx_rcc.o
LOAD ..\obj\stm32_ub_uart.o
LOAD ..\obj\stm32f4xx_gpio.o
LOAD ..\obj\system_stm32f4xx.o
LOAD ..\obj\misc.o
START GROUP
LOAD c:/program files (x86)/gnu tools arm embedded/4.9 2015q2/bin/../lib/gcc/arm-none-eabi/4.9.3/armv7e-m\libgcc.a
LOAD c:/program files (x86)/gnu tools arm embedded/4.9 2015q2/bin/../lib/gcc/arm-none-eabi/4.9.3/../../../../arm-none-eabi/lib/armv7e-m\libg.a
LOAD c:/program files (x86)/gnu tools arm embedded/4.9 2015q2/bin/../lib/gcc/arm-none-eabi/4.9.3/../../../../arm-none-eabi/lib/armv7e-m\libc.a
END GROUP
OUTPUT(Demo_12.elf elf32-littlearm)

.debug_info     0x00000000     0x3544
 .debug_info    0x00000000      0x9c2 ..\obj\stm32f4xx_usart.o
 .debug_info    0x000009c2       0xed ..\obj\startup_stm32f4xx.o
 .debug_info    0x00000aaf      0x1be ..\obj\main.o
 .debug_info    0x00000c6d      0xc4d ..\obj\stm32f4xx_rcc.o
 .debug_info    0x000018ba      0xbb9 ..\obj\stm32_ub_uart.o
 .debug_info    0x00002473      0x602 ..\obj\stm32f4xx_gpio.o
 .debug_info    0x00002a75      0x592 ..\obj\system_stm32f4xx.o
 .debug_info    0x00003007      0x53d ..\obj\misc.o

.debug_abbrev   0x00000000      0xaf8
 .debug_abbrev  0x00000000      0x155 ..\obj\stm32f4xx_usart.o
 .debug_abbrev  0x00000155       0xb0 ..\obj\startup_stm32f4xx.o
 .debug_abbrev  0x00000205       0xe5 ..\obj\main.o
 .debug_abbrev  0x000002ea      0x1e3 ..\obj\stm32f4xx_rcc.o
 .debug_abbrev  0x000004cd      0x20d ..\obj\stm32_ub_uart.o
 .debug_abbrev  0x000006da      0x1a3 ..\obj\stm32f4xx_gpio.o
 .debug_abbrev  0x0000087d      0x136 ..\obj\system_stm32f4xx.o
 .debug_abbrev  0x000009b3      0x145 ..\obj\misc.o

.debug_aranges  0x00000000      0x440
 .debug_aranges
                0x00000000      0x100 ..\obj\stm32f4xx_usart.o
 .debug_aranges
                0x00000100       0x28 ..\obj\startup_stm32f4xx.o
 .debug_aranges
                0x00000128       0x20 ..\obj\main.o
 .debug_aranges
                0x00000148      0x178 ..\obj\stm32f4xx_rcc.o
 .debug_aranges
                0x000002c0       0x88 ..\obj\stm32_ub_uart.o
 .debug_aranges
                0x00000348       0x88 ..\obj\stm32f4xx_gpio.o
 .debug_aranges
                0x000003d0       0x30 ..\obj\system_stm32f4xx.o
 .debug_aranges
                0x00000400       0x40 ..\obj\misc.o

.debug_ranges   0x00000000      0x3c0
 .debug_ranges  0x00000000       0xf0 ..\obj\stm32f4xx_usart.o
 .debug_ranges  0x000000f0       0x18 ..\obj\startup_stm32f4xx.o
 .debug_ranges  0x00000108       0x10 ..\obj\main.o
 .debug_ranges  0x00000118      0x168 ..\obj\stm32f4xx_rcc.o
 .debug_ranges  0x00000280       0x78 ..\obj\stm32_ub_uart.o
 .debug_ranges  0x000002f8       0x78 ..\obj\stm32f4xx_gpio.o
 .debug_ranges  0x00000370       0x20 ..\obj\system_stm32f4xx.o
 .debug_ranges  0x00000390       0x30 ..\obj\misc.o

.debug_line     0x00000000     0x1a9f
 .debug_line    0x00000000      0x4fa ..\obj\stm32f4xx_usart.o
 .debug_line    0x000004fa       0xb2 ..\obj\startup_stm32f4xx.o
 .debug_line    0x000005ac      0x1e2 ..\obj\main.o
 .debug_line    0x0000078e      0x5f9 ..\obj\stm32f4xx_rcc.o
 .debug_line    0x00000d87      0x4bc ..\obj\stm32_ub_uart.o
 .debug_line    0x00001243      0x39b ..\obj\stm32f4xx_gpio.o
 .debug_line    0x000015de      0x224 ..\obj\system_stm32f4xx.o
 .debug_line    0x00001802      0x29d ..\obj\misc.o

.debug_str      0x00000000     0x1acc
 .debug_str     0x00000000      0x625 ..\obj\stm32f4xx_usart.o
                                0x6a0 (size before relaxing)
 .debug_str     0x00000625       0xc1 ..\obj\startup_stm32f4xx.o
                                0x158 (size before relaxing)
 .debug_str     0x000006e6       0xb8 ..\obj\main.o
                                0x200 (size before relaxing)
 .debug_str     0x0000079e      0x5f4 ..\obj\stm32f4xx_rcc.o
                                0x861 (size before relaxing)
 .debug_str     0x00000d92      0x8eb ..\obj\stm32_ub_uart.o
                                0xbc6 (size before relaxing)
 .debug_str     0x0000167d      0x1b4 ..\obj\stm32f4xx_gpio.o
                                0x4b4 (size before relaxing)
 .debug_str     0x00001831      0x129 ..\obj\system_stm32f4xx.o
                                0x3bb (size before relaxing)
 .debug_str     0x0000195a      0x172 ..\obj\misc.o
                                0x3df (size before relaxing)

.comment        0x00000000       0x70
 .comment       0x00000000       0x70 ..\obj\stm32f4xx_usart.o
                                 0x71 (size before relaxing)
 .comment       0x00000000       0x71 ..\obj\startup_stm32f4xx.o
 .comment       0x00000000       0x71 ..\obj\main.o
 .comment       0x00000000       0x71 ..\obj\stm32f4xx_rcc.o
 .comment       0x00000000       0x71 ..\obj\stm32_ub_uart.o
 .comment       0x00000000       0x71 ..\obj\stm32f4xx_gpio.o
 .comment       0x00000000       0x71 ..\obj\system_stm32f4xx.o
 .comment       0x00000000       0x71 ..\obj\misc.o

.ARM.attributes
                0x00000000       0x33
 .ARM.attributes
                0x00000000       0x33 ..\obj\stm32f4xx_usart.o
 .ARM.attributes
                0x00000033       0x33 ..\obj\startup_stm32f4xx.o
 .ARM.attributes
                0x00000066       0x33 ..\obj\main.o
 .ARM.attributes
                0x00000099       0x33 ..\obj\stm32f4xx_rcc.o
 .ARM.attributes
                0x000000cc       0x33 ..\obj\stm32_ub_uart.o
 .ARM.attributes
                0x000000ff       0x33 ..\obj\stm32f4xx_gpio.o
 .ARM.attributes
                0x00000132       0x33 ..\obj\system_stm32f4xx.o
 .ARM.attributes
                0x00000165       0x33 ..\obj\misc.o

.debug_frame    0x00000000     0x118c
 .debug_frame   0x00000000      0x490 ..\obj\stm32f4xx_usart.o
 .debug_frame   0x00000490       0x4c ..\obj\startup_stm32f4xx.o
 .debug_frame   0x000004dc       0x30 ..\obj\main.o
 .debug_frame   0x0000050c      0x6d4 ..\obj\stm32f4xx_rcc.o
 .debug_frame   0x00000be0      0x21c ..\obj\stm32_ub_uart.o
 .debug_frame   0x00000dfc      0x23c ..\obj\stm32f4xx_gpio.o
 .debug_frame   0x00001038       0x7c ..\obj\system_stm32f4xx.o
 .debug_frame   0x000010b4       0xd8 ..\obj\misc.o
