
Discarded input sections

 .text          0x00000000        0x0 ..\obj\startup_stm32f4xx.o
 .data          0x00000000        0x0 ..\obj\startup_stm32f4xx.o
 .bss           0x00000000        0x0 ..\obj\startup_stm32f4xx.o
 .text          0x00000000        0x0 ..\obj\stm32_ub_led.o
 .bss           0x00000000        0x0 ..\obj\stm32_ub_led.o
 .text.UB_Led_Toggle
                0x00000000       0x74 ..\obj\stm32_ub_led.o
 .text.UB_Led_Switch
                0x00000000       0x30 ..\obj\stm32_ub_led.o
 .text          0x00000000        0x0 ..\obj\main.o
 .data          0x00000000        0x0 ..\obj\main.o
 .bss           0x00000000        0x0 ..\obj\main.o
 .text          0x00000000        0x0 ..\obj\stm32f4xx_rcc.o
 .data          0x00000000       0x10 ..\obj\stm32f4xx_rcc.o
 .bss           0x00000000        0x0 ..\obj\stm32f4xx_rcc.o
 .text.RCC_DeInit
                0x00000000       0x84 ..\obj\stm32f4xx_rcc.o
 .text.RCC_HSEConfig
                0x00000000       0x30 ..\obj\stm32f4xx_rcc.o
 .text.RCC_WaitForHSEStartUp
                0x00000000       0x64 ..\obj\stm32f4xx_rcc.o
 .text.RCC_AdjustHSICalibrationValue
                0x00000000       0x48 ..\obj\stm32f4xx_rcc.o
 .text.RCC_HSICmd
                0x00000000       0x20 ..\obj\stm32f4xx_rcc.o
 .text.RCC_LSEConfig
                0x00000000       0x60 ..\obj\stm32f4xx_rcc.o
 .text.RCC_LSICmd
                0x00000000       0x20 ..\obj\stm32f4xx_rcc.o
 .text.RCC_PLLConfig
                0x00000000       0x48 ..\obj\stm32f4xx_rcc.o
 .text.RCC_PLLCmd
                0x00000000       0x20 ..\obj\stm32f4xx_rcc.o
 .text.RCC_PLLI2SConfig
                0x00000000       0x30 ..\obj\stm32f4xx_rcc.o
 .text.RCC_PLLI2SCmd
                0x00000000       0x20 ..\obj\stm32f4xx_rcc.o
 .text.RCC_ClockSecuritySystemCmd
                0x00000000       0x20 ..\obj\stm32f4xx_rcc.o
 .text.RCC_MCO1Config
                0x00000000       0x48 ..\obj\stm32f4xx_rcc.o
 .text.RCC_MCO2Config
                0x00000000       0x48 ..\obj\stm32f4xx_rcc.o
 .text.RCC_SYSCLKConfig
                0x00000000       0x40 ..\obj\stm32f4xx_rcc.o
 .text.RCC_GetSYSCLKSource
                0x00000000       0x20 ..\obj\stm32f4xx_rcc.o
 .text.RCC_HCLKConfig
                0x00000000       0x40 ..\obj\stm32f4xx_rcc.o
 .text.RCC_PCLK1Config
                0x00000000       0x40 ..\obj\stm32f4xx_rcc.o
 .text.RCC_PCLK2Config
                0x00000000       0x44 ..\obj\stm32f4xx_rcc.o
 .text.RCC_GetClocksFreq
                0x00000000      0x1cc ..\obj\stm32f4xx_rcc.o
 .text.RCC_RTCCLKConfig
                0x00000000       0x74 ..\obj\stm32f4xx_rcc.o
 .text.RCC_RTCCLKCmd
                0x00000000       0x20 ..\obj\stm32f4xx_rcc.o
 .text.RCC_BackupResetCmd
                0x00000000       0x20 ..\obj\stm32f4xx_rcc.o
 .text.RCC_I2SCLKConfig
                0x00000000       0x20 ..\obj\stm32f4xx_rcc.o
 .text.RCC_AHB2PeriphClockCmd
                0x00000000       0x54 ..\obj\stm32f4xx_rcc.o
 .text.RCC_AHB3PeriphClockCmd
                0x00000000       0x54 ..\obj\stm32f4xx_rcc.o
 .text.RCC_APB1PeriphClockCmd
                0x00000000       0x54 ..\obj\stm32f4xx_rcc.o
 .text.RCC_AHB1PeriphResetCmd
                0x00000000       0x54 ..\obj\stm32f4xx_rcc.o
 .text.RCC_AHB2PeriphResetCmd
                0x00000000       0x54 ..\obj\stm32f4xx_rcc.o
 .text.RCC_AHB3PeriphResetCmd
                0x00000000       0x54 ..\obj\stm32f4xx_rcc.o
 .text.RCC_APB1PeriphResetCmd
                0x00000000       0x54 ..\obj\stm32f4xx_rcc.o
 .text.RCC_APB2PeriphResetCmd
                0x00000000       0x54 ..\obj\stm32f4xx_rcc.o
 .text.RCC_AHB1PeriphClockLPModeCmd
                0x00000000       0x54 ..\obj\stm32f4xx_rcc.o
 .text.RCC_AHB2PeriphClockLPModeCmd
                0x00000000       0x54 ..\obj\stm32f4xx_rcc.o
 .text.RCC_AHB3PeriphClockLPModeCmd
                0x00000000       0x54 ..\obj\stm32f4xx_rcc.o
 .text.RCC_APB1PeriphClockLPModeCmd
                0x00000000       0x54 ..\obj\stm32f4xx_rcc.o
 .text.RCC_APB2PeriphClockLPModeCmd
                0x00000000       0x54 ..\obj\stm32f4xx_rcc.o
 .text.RCC_ITConfig
                0x00000000       0x60 ..\obj\stm32f4xx_rcc.o
 .text.RCC_GetFlagStatus
                0x00000000       0x90 ..\obj\stm32f4xx_rcc.o
 .text.RCC_ClearFlag
                0x00000000       0x24 ..\obj\stm32f4xx_rcc.o
 .text.RCC_GetITStatus
                0x00000000       0x40 ..\obj\stm32f4xx_rcc.o
 .text.RCC_ClearITPendingBit
                0x00000000       0x20 ..\obj\stm32f4xx_rcc.o
 .text          0x00000000        0x0 ..\obj\stm32f4xx_adc.o
 .data          0x00000000        0x0 ..\obj\stm32f4xx_adc.o
 .bss           0x00000000        0x0 ..\obj\stm32f4xx_adc.o
 .text.ADC_DeInit
                0x00000000       0x20 ..\obj\stm32f4xx_adc.o
 .text.ADC_StructInit
                0x00000000       0x4c ..\obj\stm32f4xx_adc.o
 .text.ADC_CommonStructInit
                0x00000000       0x34 ..\obj\stm32f4xx_adc.o
 .text.ADC_AnalogWatchdogCmd
                0x00000000       0x3c ..\obj\stm32f4xx_adc.o
 .text.ADC_AnalogWatchdogThresholdsConfig
                0x00000000       0x28 ..\obj\stm32f4xx_adc.o
 .text.ADC_AnalogWatchdogSingleChannelConfig
                0x00000000       0x38 ..\obj\stm32f4xx_adc.o
 .text.ADC_TempSensorVrefintCmd
                0x00000000       0x4c ..\obj\stm32f4xx_adc.o
 .text.ADC_VBATCmd
                0x00000000       0x4c ..\obj\stm32f4xx_adc.o
 .text.ADC_GetSoftwareStartConvStatus
                0x00000000       0x38 ..\obj\stm32f4xx_adc.o
 .text.ADC_EOCOnEachRegularChannelCmd
                0x00000000       0x38 ..\obj\stm32f4xx_adc.o
 .text.ADC_ContinuousModeCmd
                0x00000000       0x38 ..\obj\stm32f4xx_adc.o
 .text.ADC_DiscModeChannelCountConfig
                0x00000000       0x4c ..\obj\stm32f4xx_adc.o
 .text.ADC_DiscModeCmd
                0x00000000       0x38 ..\obj\stm32f4xx_adc.o
 .text.ADC_GetMultiModeConversionValue
                0x00000000       0x18 ..\obj\stm32f4xx_adc.o
 .text.ADC_DMACmd
                0x00000000       0x38 ..\obj\stm32f4xx_adc.o
 .text.ADC_DMARequestAfterLastTransferCmd
                0x00000000       0x38 ..\obj\stm32f4xx_adc.o
 .text.ADC_MultiModeDMARequestAfterLastTransferCmd
                0x00000000       0x4c ..\obj\stm32f4xx_adc.o
 .text.ADC_InjectedChannelConfig
                0x00000000      0x144 ..\obj\stm32f4xx_adc.o
 .text.ADC_InjectedSequencerLengthConfig
                0x00000000       0x4c ..\obj\stm32f4xx_adc.o
 .text.ADC_SetInjectedOffset
                0x00000000       0x34 ..\obj\stm32f4xx_adc.o
 .text.ADC_ExternalTrigInjectedConvConfig
                0x00000000       0x38 ..\obj\stm32f4xx_adc.o
 .text.ADC_ExternalTrigInjectedConvEdgeConfig
                0x00000000       0x38 ..\obj\stm32f4xx_adc.o
 .text.ADC_SoftwareStartInjectedConv
                0x00000000       0x20 ..\obj\stm32f4xx_adc.o
 .text.ADC_GetSoftwareStartInjectedConvCmdStatus
                0x00000000       0x38 ..\obj\stm32f4xx_adc.o
 .text.ADC_AutoInjectedConvCmd
                0x00000000       0x38 ..\obj\stm32f4xx_adc.o
 .text.ADC_InjectedDiscModeCmd
                0x00000000       0x38 ..\obj\stm32f4xx_adc.o
 .text.ADC_GetInjectedConversionValue
                0x00000000       0x34 ..\obj\stm32f4xx_adc.o
 .text.ADC_ITConfig
                0x00000000       0x58 ..\obj\stm32f4xx_adc.o
 .text.ADC_ClearFlag
                0x00000000       0x20 ..\obj\stm32f4xx_adc.o
 .text.ADC_GetITStatus
                0x00000000       0x6c ..\obj\stm32f4xx_adc.o
 .text.ADC_ClearITPendingBit
                0x00000000       0x30 ..\obj\stm32f4xx_adc.o
 .text          0x00000000        0x0 ..\obj\stm32_ub_adc1_single.o
 .bss           0x00000000        0x0 ..\obj\stm32_ub_adc1_single.o
 .text          0x00000000        0x0 ..\obj\stm32f4xx_gpio.o
 .data          0x00000000        0x0 ..\obj\stm32f4xx_gpio.o
 .bss           0x00000000        0x0 ..\obj\stm32f4xx_gpio.o
 .text.GPIO_DeInit
                0x00000000      0x178 ..\obj\stm32f4xx_gpio.o
 .text.GPIO_StructInit
                0x00000000       0x3c ..\obj\stm32f4xx_gpio.o
 .text.GPIO_PinLockConfig
                0x00000000       0x44 ..\obj\stm32f4xx_gpio.o
 .text.GPIO_ReadInputDataBit
                0x00000000       0x3c ..\obj\stm32f4xx_gpio.o
 .text.GPIO_ReadInputData
                0x00000000       0x1c ..\obj\stm32f4xx_gpio.o
 .text.GPIO_ReadOutputDataBit
                0x00000000       0x3c ..\obj\stm32f4xx_gpio.o
 .text.GPIO_ReadOutputData
                0x00000000       0x1c ..\obj\stm32f4xx_gpio.o
 .text.GPIO_SetBits
                0x00000000       0x1c ..\obj\stm32f4xx_gpio.o
 .text.GPIO_ResetBits
                0x00000000       0x1c ..\obj\stm32f4xx_gpio.o
 .text.GPIO_WriteBit
                0x00000000       0x30 ..\obj\stm32f4xx_gpio.o
 .text.GPIO_Write
                0x00000000       0x1c ..\obj\stm32f4xx_gpio.o
 .text.GPIO_ToggleBits
                0x00000000       0x24 ..\obj\stm32f4xx_gpio.o
 .text.GPIO_PinAFConfig
                0x00000000       0xa8 ..\obj\stm32f4xx_gpio.o
 .text          0x00000000        0x0 ..\obj\system_stm32f4xx.o
 .data          0x00000000       0x14 ..\obj\system_stm32f4xx.o
 .bss           0x00000000        0x0 ..\obj\system_stm32f4xx.o
 .text.SystemCoreClockUpdate
                0x00000000      0x170 ..\obj\system_stm32f4xx.o

Memory Configuration

Name             Origin             Length             Attributes
rom              0x08000000         0x00100000         xr
ram              0x20000000         0x00020000         xrw
ram1             0x10000000         0x00010000         xrw
*default*        0x00000000         0xffffffff

Linker script and memory map

                0x20020000                _eram = 0x20020000

.text           0x08000000      0xf38
 *(.isr_vector .isr_vector.*)
 .isr_vector    0x08000000      0x188 ..\obj\startup_stm32f4xx.o
                0x08000000                g_pfnVectors
 *(.text .text.* .gnu.linkonce.t.*)
 .text.Default_Reset_Handler
                0x08000188       0x6c ..\obj\startup_stm32f4xx.o
                0x08000188                Default_Reset_Handler
                0x08000188                Reset_Handler
 .text.Default_Handler
                0x080001f4        0x8 ..\obj\startup_stm32f4xx.o
                0x080001f4                RTC_Alarm_IRQHandler
                0x080001f4                HASH_RNG_IRQHandler
                0x080001f4                EXTI2_IRQHandler
                0x080001f4                TIM8_CC_IRQHandler
                0x080001f4                DebugMon_Handler
                0x080001f4                TIM1_CC_IRQHandler
                0x080001f4                DMA2_Stream5_IRQHandler
                0x080001f4                HardFault_Handler
                0x080001f4                DMA1_Stream5_IRQHandler
                0x080001f4                SysTick_Handler
                0x080001f4                PVD_IRQHandler
                0x080001f4                SDIO_IRQHandler
                0x080001f4                TAMP_STAMP_IRQHandler
                0x080001f4                PendSV_Handler
                0x080001f4                NMI_Handler
                0x080001f4                CAN2_RX1_IRQHandler
                0x080001f4                EXTI3_IRQHandler
                0x080001f4                TIM8_TRG_COM_TIM14_IRQHandler
                0x080001f4                TIM1_UP_TIM10_IRQHandler
                0x080001f4                TIM8_UP_TIM13_IRQHandler
                0x080001f4                I2C3_ER_IRQHandler
                0x080001f4                EXTI0_IRQHandler
                0x080001f4                I2C2_EV_IRQHandler
                0x080001f4                DMA1_Stream2_IRQHandler
                0x080001f4                CAN1_RX0_IRQHandler
                0x080001f4                FPU_IRQHandler
                0x080001f4                OTG_HS_WKUP_IRQHandler
                0x080001f4                UsageFault_Handler
                0x080001f4                CAN2_SCE_IRQHandler
                0x080001f4                DMA2_Stream2_IRQHandler
                0x080001f4                SPI1_IRQHandler
                0x080001f4                TIM6_DAC_IRQHandler
                0x080001f4                TIM1_BRK_TIM9_IRQHandler
                0x080001f4                DCMI_IRQHandler
                0x080001f4                CAN2_RX0_IRQHandler
                0x080001f4                DMA2_Stream3_IRQHandler
                0x080001f4                USART6_IRQHandler
                0x080001f4                USART3_IRQHandler
                0x080001f4                CRYP_IRQHandler
                0x080001f4                CAN1_RX1_IRQHandler
                0x080001f4                UART5_IRQHandler
                0x080001f4                DMA2_Stream0_IRQHandler
                0x080001f4                TIM4_IRQHandler
                0x080001f4                I2C1_EV_IRQHandler
                0x080001f4                DMA1_Stream6_IRQHandler
                0x080001f4                DMA1_Stream1_IRQHandler
                0x080001f4                UART4_IRQHandler
                0x080001f4                TIM3_IRQHandler
                0x080001f4                RCC_IRQHandler
                0x080001f4                TIM8_BRK_TIM12_IRQHandler
                0x080001f4                EXTI15_10_IRQHandler
                0x080001f4                ADC_IRQHandler
                0x080001f4                DMA1_Stream7_IRQHandler
                0x080001f4                TIM7_IRQHandler
                0x080001f4                CAN2_TX_IRQHandler
                0x080001f4                TIM5_IRQHandler
                0x080001f4                DMA2_Stream7_IRQHandler
                0x080001f4                I2C3_EV_IRQHandler
                0x080001f4                EXTI9_5_IRQHandler
                0x080001f4                RTC_WKUP_IRQHandler
                0x080001f4                ETH_WKUP_IRQHandler
                0x080001f4                SPI2_IRQHandler
                0x080001f4                OTG_HS_EP1_IN_IRQHandler
                0x080001f4                MemManage_Handler
                0x080001f4                DMA1_Stream0_IRQHandler
                0x080001f4                CAN1_TX_IRQHandler
                0x080001f4                SVC_Handler
                0x080001f4                EXTI4_IRQHandler
                0x080001f4                FSMC_IRQHandler
                0x080001f4                ETH_IRQHandler
                0x080001f4                OTG_HS_EP1_OUT_IRQHandler
                0x080001f4                WWDG_IRQHandler
                0x080001f4                TIM2_IRQHandler
                0x080001f4                OTG_FS_WKUP_IRQHandler
                0x080001f4                TIM1_TRG_COM_TIM11_IRQHandler
                0x080001f4                OTG_HS_IRQHandler
                0x080001f4                EXTI1_IRQHandler
                0x080001f4                USART2_IRQHandler
                0x080001f4                I2C2_ER_IRQHandler
                0x080001f4                DMA2_Stream1_IRQHandler
                0x080001f4                CAN1_SCE_IRQHandler
                0x080001f4                FLASH_IRQHandler
                0x080001f4                DMA2_Stream4_IRQHandler
                0x080001f4                BusFault_Handler
                0x080001f4                USART1_IRQHandler
                0x080001f4                OTG_FS_IRQHandler
                0x080001f4                SPI3_IRQHandler
                0x080001f4                DMA1_Stream4_IRQHandler
                0x080001f4                I2C1_ER_IRQHandler
                0x080001f4                DMA2_Stream6_IRQHandler
                0x080001f4                DMA1_Stream3_IRQHandler
 .text.UB_Led_Init
                0x080001fc       0xe4 ..\obj\stm32_ub_led.o
                0x080001fc                UB_Led_Init
 .text.UB_Led_Off
                0x080002e0       0x54 ..\obj\stm32_ub_led.o
                0x080002e0                UB_Led_Off
 .text.UB_Led_On
                0x08000334       0x54 ..\obj\stm32_ub_led.o
                0x08000334                UB_Led_On
 .text.main     0x08000388       0x94 ..\obj\main.o
                0x08000388                main
 .text.RCC_AHB1PeriphClockCmd
                0x0800041c       0x54 ..\obj\stm32f4xx_rcc.o
                0x0800041c                RCC_AHB1PeriphClockCmd
 .text.RCC_APB2PeriphClockCmd
                0x08000470       0x54 ..\obj\stm32f4xx_rcc.o
                0x08000470                RCC_APB2PeriphClockCmd
 .text.ADC_Init
                0x080004c4       0xb8 ..\obj\stm32f4xx_adc.o
                0x080004c4                ADC_Init
 .text.ADC_CommonInit
                0x0800057c       0x5c ..\obj\stm32f4xx_adc.o
                0x0800057c                ADC_CommonInit
 .text.ADC_Cmd  0x080005d8       0x38 ..\obj\stm32f4xx_adc.o
                0x080005d8                ADC_Cmd
 .text.ADC_RegularChannelConfig
                0x08000610      0x1bc ..\obj\stm32f4xx_adc.o
                0x08000610                ADC_RegularChannelConfig
 .text.ADC_SoftwareStartConv
                0x080007cc       0x20 ..\obj\stm32f4xx_adc.o
                0x080007cc                ADC_SoftwareStartConv
 .text.ADC_GetConversionValue
                0x080007ec       0x1c ..\obj\stm32f4xx_adc.o
                0x080007ec                ADC_GetConversionValue
 .text.ADC_GetFlagStatus
                0x08000808       0x3c ..\obj\stm32f4xx_adc.o
                0x08000808                ADC_GetFlagStatus
 .text.UB_ADC1_SINGLE_Init
                0x08000844       0x10 ..\obj\stm32_ub_adc1_single.o
                0x08000844                UB_ADC1_SINGLE_Init
 .text.UB_ADC1_SINGLE_Read
                0x08000854       0x84 ..\obj\stm32_ub_adc1_single.o
                0x08000854                UB_ADC1_SINGLE_Read
 .text.UB_ADC1_SINGLE_Read_MW
                0x080008d8      0x1dc ..\obj\stm32_ub_adc1_single.o
                0x080008d8                UB_ADC1_SINGLE_Read_MW
 .text.P_ADC1s_InitIO
                0x08000ab4       0xa4 ..\obj\stm32_ub_adc1_single.o
                0x08000ab4                P_ADC1s_InitIO
 .text.P_ADC1s_InitADC
                0x08000b58       0x80 ..\obj\stm32_ub_adc1_single.o
                0x08000b58                P_ADC1s_InitADC
 .text.GPIO_Init
                0x08000bd8      0x144 ..\obj\stm32f4xx_gpio.o
                0x08000bd8                GPIO_Init
 .text.SystemInit
                0x08000d1c       0x94 ..\obj\system_stm32f4xx.o
                0x08000d1c                SystemInit
 .text.SetSysClock
                0x08000db0      0x188 ..\obj\system_stm32f4xx.o
 *(.glue_7t)
 .glue_7t       0x00000000        0x0 linker stubs
 *(.glue_7)
 .glue_7        0x00000000        0x0 linker stubs
 *(.rodata .rodata* .gnu.linkonce.r.*)

.vfp11_veneer   0x08000f38        0x0
 .vfp11_veneer  0x00000000        0x0 linker stubs

.v4_bx          0x08000f38        0x0
 .v4_bx         0x00000000        0x0 linker stubs

.iplt           0x08000f38        0x0
 .iplt          0x00000000        0x0 ..\obj\startup_stm32f4xx.o

.rel.dyn        0x08000f38        0x0
 .rel.iplt      0x00000000        0x0 ..\obj\startup_stm32f4xx.o

.ARM.extab
 *(.ARM.extab* .gnu.linkonce.armextab.*)
                0x08000f38                __exidx_start = .

.ARM.exidx
 *(.ARM.exidx* .gnu.linkonce.armexidx.*)
                0x08000f38                __exidx_end = .
                0x08000f38                . = ALIGN (0x4)
                0x08000f38                _etext = .
                0x08000f38                _sidata = .

.data           0x20000000       0x8c load address 0x08000f38
                0x20000000                _sdata = .
 *(.data .data.*)
 .data          0x20000000       0x50 ..\obj\stm32_ub_led.o
                0x20000000                LED
 .data          0x20000050       0x3c ..\obj\stm32_ub_adc1_single.o
                0x20000050                ADC1s
                0x2000008c                . = ALIGN (0x4)
                0x2000008c                _edata = .

.igot.plt       0x2000008c        0x0 load address 0x08000fc4
 .igot.plt      0x00000000        0x0 ..\obj\startup_stm32f4xx.o

.bss            0x2000008c        0x0
                0x2000008c                _sbss = .
 *(.bss .bss.*)
 *(COMMON)
                0x2000008c                . = ALIGN (0x4)
                0x2000008c                _ebss = .

.co_stack       0x2000008c      0x804 load address 0x08000fc4
                0x20000090                . = ALIGN (0x8)
 *fill*         0x2000008c        0x4 00
 *(.co_stack .co_stack.*)
 .co_stack      0x20000090      0x800 ..\obj\startup_stm32f4xx.o
                0x20000090                pulStack
                0x20000890                . = ALIGN (0x4)
                0x20000890                _end = .
LOAD ..\obj\startup_stm32f4xx.o
LOAD ..\obj\stm32_ub_led.o
LOAD ..\obj\main.o
LOAD ..\obj\stm32f4xx_rcc.o
LOAD ..\obj\stm32f4xx_adc.o
LOAD ..\obj\stm32_ub_adc1_single.o
LOAD ..\obj\stm32f4xx_gpio.o
LOAD ..\obj\system_stm32f4xx.o
START GROUP
LOAD c:/program files (x86)/gnu tools arm embedded/4.7 2012q4/bin/../lib/gcc/arm-none-eabi/4.7.3/armv7e-m\libgcc.a
LOAD c:/program files (x86)/gnu tools arm embedded/4.7 2012q4/bin/../lib/gcc/arm-none-eabi/4.7.3/../../../../arm-none-eabi/lib/armv7e-m\libg.a
LOAD c:/program files (x86)/gnu tools arm embedded/4.7 2012q4/bin/../lib/gcc/arm-none-eabi/4.7.3/../../../../arm-none-eabi/lib/armv7e-m\libc.a
END GROUP
OUTPUT(Demo_05.elf elf32-littlearm)

.debug_info     0x00000000     0x33c3
 .debug_info    0x00000000      0x103 ..\obj\startup_stm32f4xx.o
 .debug_info    0x00000103      0x441 ..\obj\stm32_ub_led.o
 .debug_info    0x00000544      0x105 ..\obj\main.o
 .debug_info    0x00000649      0xd49 ..\obj\stm32f4xx_rcc.o
 .debug_info    0x00001392      0xd14 ..\obj\stm32f4xx_adc.o
 .debug_info    0x000020a6      0x6e8 ..\obj\stm32_ub_adc1_single.o
 .debug_info    0x0000278e      0x640 ..\obj\stm32f4xx_gpio.o
 .debug_info    0x00002dce      0x5f5 ..\obj\system_stm32f4xx.o

.debug_abbrev   0x00000000      0xa64
 .debug_abbrev  0x00000000       0xb2 ..\obj\startup_stm32f4xx.o
 .debug_abbrev  0x000000b2      0x14b ..\obj\stm32_ub_led.o
 .debug_abbrev  0x000001fd       0x90 ..\obj\main.o
 .debug_abbrev  0x0000028d      0x1e5 ..\obj\stm32f4xx_rcc.o
 .debug_abbrev  0x00000472      0x198 ..\obj\stm32f4xx_adc.o
 .debug_abbrev  0x0000060a      0x17d ..\obj\stm32_ub_adc1_single.o
 .debug_abbrev  0x00000787      0x1a5 ..\obj\stm32f4xx_gpio.o
 .debug_abbrev  0x0000092c      0x138 ..\obj\system_stm32f4xx.o

.debug_loc      0x00000000     0x1820
 .debug_loc     0x00000000       0x64 ..\obj\startup_stm32f4xx.o
 .debug_loc     0x00000064      0x118 ..\obj\stm32_ub_led.o
 .debug_loc     0x0000017c       0x38 ..\obj\main.o
 .debug_loc     0x000001b4      0x97c ..\obj\stm32f4xx_rcc.o
 .debug_loc     0x00000b30      0x838 ..\obj\stm32f4xx_adc.o
 .debug_loc     0x00001368      0x10c ..\obj\stm32_ub_adc1_single.o
 .debug_loc     0x00001474      0x310 ..\obj\stm32f4xx_gpio.o
 .debug_loc     0x00001784       0x9c ..\obj\system_stm32f4xx.o

.debug_aranges  0x00000000      0x440
 .debug_aranges
                0x00000000       0x28 ..\obj\startup_stm32f4xx.o
 .debug_aranges
                0x00000028       0x40 ..\obj\stm32_ub_led.o
 .debug_aranges
                0x00000068       0x20 ..\obj\main.o
 .debug_aranges
                0x00000088      0x178 ..\obj\stm32f4xx_rcc.o
 .debug_aranges
                0x00000200      0x148 ..\obj\stm32f4xx_adc.o
 .debug_aranges
                0x00000348       0x40 ..\obj\stm32_ub_adc1_single.o
 .debug_aranges
                0x00000388       0x88 ..\obj\stm32f4xx_gpio.o
 .debug_aranges
                0x00000410       0x30 ..\obj\system_stm32f4xx.o

.debug_ranges   0x00000000      0x3c0
 .debug_ranges  0x00000000       0x18 ..\obj\startup_stm32f4xx.o
 .debug_ranges  0x00000018       0x30 ..\obj\stm32_ub_led.o
 .debug_ranges  0x00000048       0x10 ..\obj\main.o
 .debug_ranges  0x00000058      0x168 ..\obj\stm32f4xx_rcc.o
 .debug_ranges  0x000001c0      0x138 ..\obj\stm32f4xx_adc.o
 .debug_ranges  0x000002f8       0x30 ..\obj\stm32_ub_adc1_single.o
 .debug_ranges  0x00000328       0x78 ..\obj\stm32f4xx_gpio.o
 .debug_ranges  0x000003a0       0x20 ..\obj\system_stm32f4xx.o

.debug_line     0x00000000     0x1913
 .debug_line    0x00000000       0xb8 ..\obj\startup_stm32f4xx.o
 .debug_line    0x000000b8      0x29a ..\obj\stm32_ub_led.o
 .debug_line    0x00000352      0x207 ..\obj\main.o
 .debug_line    0x00000559      0x5ca ..\obj\stm32f4xx_rcc.o
 .debug_line    0x00000b23      0x583 ..\obj\stm32f4xx_adc.o
 .debug_line    0x000010a6      0x315 ..\obj\stm32_ub_adc1_single.o
 .debug_line    0x000013bb      0x36e ..\obj\stm32f4xx_gpio.o
 .debug_line    0x00001729      0x1ea ..\obj\system_stm32f4xx.o

.debug_str      0x00000000     0x1657
 .debug_str     0x00000000      0x119 ..\obj\startup_stm32f4xx.o
                                0x12b (size before relaxing)
 .debug_str     0x00000119      0x32f ..\obj\stm32_ub_led.o
                                0x3c2 (size before relaxing)
 .debug_str     0x00000448       0x6c ..\obj\main.o
                                0x186 (size before relaxing)
 .debug_str     0x000004b4      0x6c4 ..\obj\stm32f4xx_rcc.o
                                0x80a (size before relaxing)
 .debug_str     0x00000b78      0x65f ..\obj\stm32f4xx_adc.o
                                0x7be (size before relaxing)
 .debug_str     0x000011d7      0x197 ..\obj\stm32_ub_adc1_single.o
                                0x5b4 (size before relaxing)
 .debug_str     0x0000136e      0x1ba ..\obj\stm32f4xx_gpio.o
                                0x45d (size before relaxing)
 .debug_str     0x00001528      0x12f ..\obj\system_stm32f4xx.o
                                0x364 (size before relaxing)

.comment        0x00000000       0x70
 .comment       0x00000000       0x70 ..\obj\startup_stm32f4xx.o
                                 0x71 (size before relaxing)
 .comment       0x00000000       0x71 ..\obj\stm32_ub_led.o
 .comment       0x00000000       0x71 ..\obj\main.o
 .comment       0x00000000       0x71 ..\obj\stm32f4xx_rcc.o
 .comment       0x00000000       0x71 ..\obj\stm32f4xx_adc.o
 .comment       0x00000000       0x71 ..\obj\stm32_ub_adc1_single.o
 .comment       0x00000000       0x71 ..\obj\stm32f4xx_gpio.o
 .comment       0x00000000       0x71 ..\obj\system_stm32f4xx.o

.ARM.attributes
                0x00000000       0x33
 .ARM.attributes
                0x00000000       0x33 ..\obj\startup_stm32f4xx.o
 .ARM.attributes
                0x00000033       0x33 ..\obj\stm32_ub_led.o
 .ARM.attributes
                0x00000066       0x33 ..\obj\main.o
 .ARM.attributes
                0x00000099       0x33 ..\obj\stm32f4xx_rcc.o
 .ARM.attributes
                0x000000cc       0x33 ..\obj\stm32f4xx_adc.o
 .ARM.attributes
                0x000000ff       0x33 ..\obj\stm32_ub_adc1_single.o
 .ARM.attributes
                0x00000132       0x33 ..\obj\stm32f4xx_gpio.o
 .ARM.attributes
                0x00000165       0x33 ..\obj\system_stm32f4xx.o

.debug_frame    0x00000000      0xcd8
 .debug_frame   0x00000000       0x48 ..\obj\startup_stm32f4xx.o
 .debug_frame   0x00000048       0xa8 ..\obj\stm32_ub_led.o
 .debug_frame   0x000000f0       0x30 ..\obj\main.o
 .debug_frame   0x00000120      0x4d8 ..\obj\stm32f4xx_rcc.o
 .debug_frame   0x000005f8      0x434 ..\obj\stm32f4xx_adc.o
 .debug_frame   0x00000a2c       0xac ..\obj\stm32_ub_adc1_single.o
 .debug_frame   0x00000ad8      0x19c ..\obj\stm32f4xx_gpio.o
 .debug_frame   0x00000c74       0x64 ..\obj\system_stm32f4xx.o
