Archive member included to satisfy reference by file (symbol)

c:/program files (x86)/gnu tools arm embedded/5.4 2016q2/bin/../lib/gcc/arm-none-eabi/5.4.1/../../../../arm-none-eabi/lib/armv7e-m\libm.a(lib_a-w_log.o)
                              ..\obj\main.o (log)
c:/program files (x86)/gnu tools arm embedded/5.4 2016q2/bin/../lib/gcc/arm-none-eabi/5.4.1/../../../../arm-none-eabi/lib/armv7e-m\libm.a(lib_a-e_log.o)
                              c:/program files (x86)/gnu tools arm embedded/5.4 2016q2/bin/../lib/gcc/arm-none-eabi/5.4.1/../../../../arm-none-eabi/lib/armv7e-m\libm.a(lib_a-w_log.o) (__ieee754_log)
c:/program files (x86)/gnu tools arm embedded/5.4 2016q2/bin/../lib/gcc/arm-none-eabi/5.4.1/../../../../arm-none-eabi/lib/armv7e-m\libm.a(lib_a-s_lib_ver.o)
                              c:/program files (x86)/gnu tools arm embedded/5.4 2016q2/bin/../lib/gcc/arm-none-eabi/5.4.1/../../../../arm-none-eabi/lib/armv7e-m\libm.a(lib_a-w_log.o) (__fdlib_version)
c:/program files (x86)/gnu tools arm embedded/5.4 2016q2/bin/../lib/gcc/arm-none-eabi/5.4.1/../../../../arm-none-eabi/lib/armv7e-m\libm.a(lib_a-s_matherr.o)
                              c:/program files (x86)/gnu tools arm embedded/5.4 2016q2/bin/../lib/gcc/arm-none-eabi/5.4.1/../../../../arm-none-eabi/lib/armv7e-m\libm.a(lib_a-w_log.o) (matherr)
c:/program files (x86)/gnu tools arm embedded/5.4 2016q2/bin/../lib/gcc/arm-none-eabi/5.4.1/../../../../arm-none-eabi/lib/armv7e-m\libm.a(lib_a-s_nan.o)
                              c:/program files (x86)/gnu tools arm embedded/5.4 2016q2/bin/../lib/gcc/arm-none-eabi/5.4.1/../../../../arm-none-eabi/lib/armv7e-m\libm.a(lib_a-w_log.o) (nan)
c:/program files (x86)/gnu tools arm embedded/5.4 2016q2/bin/../lib/gcc/arm-none-eabi/5.4.1/armv7e-m\libgcc.a(_arm_addsubdf3.o)
                              ..\obj\main.o (__aeabi_dsub)
c:/program files (x86)/gnu tools arm embedded/5.4 2016q2/bin/../lib/gcc/arm-none-eabi/5.4.1/armv7e-m\libgcc.a(_arm_muldivdf3.o)
                              ..\obj\main.o (__aeabi_dmul)
c:/program files (x86)/gnu tools arm embedded/5.4 2016q2/bin/../lib/gcc/arm-none-eabi/5.4.1/armv7e-m\libgcc.a(_arm_cmpdf2.o)
                              c:/program files (x86)/gnu tools arm embedded/5.4 2016q2/bin/../lib/gcc/arm-none-eabi/5.4.1/../../../../arm-none-eabi/lib/armv7e-m\libm.a(lib_a-w_log.o) (__aeabi_dcmpeq)
c:/program files (x86)/gnu tools arm embedded/5.4 2016q2/bin/../lib/gcc/arm-none-eabi/5.4.1/armv7e-m\libgcc.a(_arm_unorddf2.o)
                              c:/program files (x86)/gnu tools arm embedded/5.4 2016q2/bin/../lib/gcc/arm-none-eabi/5.4.1/../../../../arm-none-eabi/lib/armv7e-m\libm.a(lib_a-w_log.o) (__aeabi_dcmpun)
c:/program files (x86)/gnu tools arm embedded/5.4 2016q2/bin/../lib/gcc/arm-none-eabi/5.4.1/armv7e-m\libgcc.a(_arm_fixunsdfsi.o)
                              ..\obj\main.o (__aeabi_d2uiz)
c:/program files (x86)/gnu tools arm embedded/5.4 2016q2/bin/../lib/gcc/arm-none-eabi/5.4.1/armv7e-m\libgcc.a(_arm_truncdfsf2.o)
                              ..\obj\main.o (__aeabi_d2f)
c:/program files (x86)/gnu tools arm embedded/5.4 2016q2/bin/../lib/gcc/arm-none-eabi/5.4.1/../../../../arm-none-eabi/lib/armv7e-m\libc.a(lib_a-errno.o)
                              c:/program files (x86)/gnu tools arm embedded/5.4 2016q2/bin/../lib/gcc/arm-none-eabi/5.4.1/../../../../arm-none-eabi/lib/armv7e-m\libm.a(lib_a-w_log.o) (__errno)
c:/program files (x86)/gnu tools arm embedded/5.4 2016q2/bin/../lib/gcc/arm-none-eabi/5.4.1/../../../../arm-none-eabi/lib/armv7e-m\libc.a(lib_a-impure.o)
                              c:/program files (x86)/gnu tools arm embedded/5.4 2016q2/bin/../lib/gcc/arm-none-eabi/5.4.1/../../../../arm-none-eabi/lib/armv7e-m\libc.a(lib_a-errno.o) (_impure_ptr)

Allocating common symbols
Common symbol       size              file

lpm                 0x4               ..\obj\main.o
x                   0x8               ..\obj\main.o
steinhart           0x8               ..\obj\main.o
R_read              0x8               ..\obj\main.o
Bxlog               0x8               ..\obj\main.o
Temp                0x8               ..\obj\main.o
inCelcius           0x8               ..\obj\main.o
akt_dac_mode        0x1               ..\obj\stm32_ub_dac.o
litre               0x2               ..\obj\main.o
ICPWM_TIM2_Var      0x4               ..\obj\stm32_ub_icpwm_tim2.o
convert             0x8               ..\obj\main.o
value               0x2               ..\obj\main.o

Discarded input sections

 .text          0x00000000        0x0 ..\obj\stm32f4xx_dac.o
 .data          0x00000000        0x0 ..\obj\stm32f4xx_dac.o
 .bss           0x00000000        0x0 ..\obj\stm32f4xx_dac.o
 .text.DAC_DeInit
                0x00000000       0x1c ..\obj\stm32f4xx_dac.o
 .text.DAC_StructInit
                0x00000000       0x2c ..\obj\stm32f4xx_dac.o
 .text.DAC_SoftwareTriggerCmd
                0x00000000       0x4c ..\obj\stm32f4xx_dac.o
 .text.DAC_DualSoftwareTriggerCmd
                0x00000000       0x38 ..\obj\stm32f4xx_dac.o
 .text.DAC_WaveGenerationCmd
                0x00000000       0x4c ..\obj\stm32f4xx_dac.o
 .text.DAC_SetDualChannelData
                0x00000000       0x58 ..\obj\stm32f4xx_dac.o
 .text.DAC_GetDataOutputValue
                0x00000000       0x30 ..\obj\stm32f4xx_dac.o
 .text.DAC_DMACmd
                0x00000000       0x4c ..\obj\stm32f4xx_dac.o
 .text.DAC_ITConfig
                0x00000000       0x4c ..\obj\stm32f4xx_dac.o
 .text.DAC_GetFlagStatus
                0x00000000       0x3c ..\obj\stm32f4xx_dac.o
 .text.DAC_ClearFlag
                0x00000000       0x24 ..\obj\stm32f4xx_dac.o
 .text.DAC_GetITStatus
                0x00000000       0x54 ..\obj\stm32f4xx_dac.o
 .text.DAC_ClearITPendingBit
                0x00000000       0x24 ..\obj\stm32f4xx_dac.o
 .text          0x00000000        0x0 ..\obj\startup_stm32f4xx.o
 .data          0x00000000        0x0 ..\obj\startup_stm32f4xx.o
 .bss           0x00000000        0x0 ..\obj\startup_stm32f4xx.o
 .text          0x00000000        0x0 ..\obj\main.o
 .data          0x00000000        0x0 ..\obj\main.o
 .text          0x00000000        0x0 ..\obj\stm32f4xx_rcc.o
 .bss           0x00000000        0x0 ..\obj\stm32f4xx_rcc.o
 .text.RCC_DeInit
                0x00000000       0x50 ..\obj\stm32f4xx_rcc.o
 .text.RCC_HSEConfig
                0x00000000       0x24 ..\obj\stm32f4xx_rcc.o
 .text.RCC_WaitForHSEStartUp
                0x00000000       0x50 ..\obj\stm32f4xx_rcc.o
 .text.RCC_AdjustHSICalibrationValue
                0x00000000       0x3c ..\obj\stm32f4xx_rcc.o
 .text.RCC_HSICmd
                0x00000000       0x20 ..\obj\stm32f4xx_rcc.o
 .text.RCC_LSEConfig
                0x00000000       0x40 ..\obj\stm32f4xx_rcc.o
 .text.RCC_LSICmd
                0x00000000       0x20 ..\obj\stm32f4xx_rcc.o
 .text.RCC_PLLConfig
                0x00000000       0x3c ..\obj\stm32f4xx_rcc.o
 .text.RCC_PLLCmd
                0x00000000       0x20 ..\obj\stm32f4xx_rcc.o
 .text.RCC_PLLI2SConfig
                0x00000000       0x28 ..\obj\stm32f4xx_rcc.o
 .text.RCC_PLLI2SCmd
                0x00000000       0x20 ..\obj\stm32f4xx_rcc.o
 .text.RCC_ClockSecuritySystemCmd
                0x00000000       0x20 ..\obj\stm32f4xx_rcc.o
 .text.RCC_MCO1Config
                0x00000000       0x3c ..\obj\stm32f4xx_rcc.o
 .text.RCC_MCO2Config
                0x00000000       0x3c ..\obj\stm32f4xx_rcc.o
 .text.RCC_SYSCLKConfig
                0x00000000       0x38 ..\obj\stm32f4xx_rcc.o
 .text.RCC_GetSYSCLKSource
                0x00000000       0x1c ..\obj\stm32f4xx_rcc.o
 .text.RCC_HCLKConfig
                0x00000000       0x38 ..\obj\stm32f4xx_rcc.o
 .text.RCC_PCLK1Config
                0x00000000       0x38 ..\obj\stm32f4xx_rcc.o
 .text.RCC_PCLK2Config
                0x00000000       0x38 ..\obj\stm32f4xx_rcc.o
 .text.RCC_RTCCLKConfig
                0x00000000       0x5c ..\obj\stm32f4xx_rcc.o
 .text.RCC_RTCCLKCmd
                0x00000000       0x20 ..\obj\stm32f4xx_rcc.o
 .text.RCC_BackupResetCmd
                0x00000000       0x20 ..\obj\stm32f4xx_rcc.o
 .text.RCC_I2SCLKConfig
                0x00000000       0x1c ..\obj\stm32f4xx_rcc.o
 .text.RCC_AHB2PeriphClockCmd
                0x00000000       0x3c ..\obj\stm32f4xx_rcc.o
 .text.RCC_AHB3PeriphClockCmd
                0x00000000       0x3c ..\obj\stm32f4xx_rcc.o
 .text.RCC_AHB1PeriphResetCmd
                0x00000000       0x3c ..\obj\stm32f4xx_rcc.o
 .text.RCC_AHB2PeriphResetCmd
                0x00000000       0x3c ..\obj\stm32f4xx_rcc.o
 .text.RCC_AHB3PeriphResetCmd
                0x00000000       0x3c ..\obj\stm32f4xx_rcc.o
 .text.RCC_APB1PeriphResetCmd
                0x00000000       0x3c ..\obj\stm32f4xx_rcc.o
 .text.RCC_APB2PeriphResetCmd
                0x00000000       0x3c ..\obj\stm32f4xx_rcc.o
 .text.RCC_AHB1PeriphClockLPModeCmd
                0x00000000       0x3c ..\obj\stm32f4xx_rcc.o
 .text.RCC_AHB2PeriphClockLPModeCmd
                0x00000000       0x3c ..\obj\stm32f4xx_rcc.o
 .text.RCC_AHB3PeriphClockLPModeCmd
                0x00000000       0x3c ..\obj\stm32f4xx_rcc.o
 .text.RCC_APB1PeriphClockLPModeCmd
                0x00000000       0x3c ..\obj\stm32f4xx_rcc.o
 .text.RCC_APB2PeriphClockLPModeCmd
                0x00000000       0x3c ..\obj\stm32f4xx_rcc.o
 .text.RCC_ITConfig
                0x00000000       0x4c ..\obj\stm32f4xx_rcc.o
 .text.RCC_GetFlagStatus
                0x00000000       0x74 ..\obj\stm32f4xx_rcc.o
 .text.RCC_ClearFlag
                0x00000000       0x1c ..\obj\stm32f4xx_rcc.o
 .text.RCC_GetITStatus
                0x00000000       0x34 ..\obj\stm32f4xx_rcc.o
 .text.RCC_ClearITPendingBit
                0x00000000       0x20 ..\obj\stm32f4xx_rcc.o
 .text          0x00000000        0x0 ..\obj\stm32f4xx_adc.o
 .data          0x00000000        0x0 ..\obj\stm32f4xx_adc.o
 .bss           0x00000000        0x0 ..\obj\stm32f4xx_adc.o
 .text.ADC_DeInit
                0x00000000       0x1c ..\obj\stm32f4xx_adc.o
 .text.ADC_StructInit
                0x00000000       0x3c ..\obj\stm32f4xx_adc.o
 .text.ADC_CommonStructInit
                0x00000000       0x2c ..\obj\stm32f4xx_adc.o
 .text.ADC_AnalogWatchdogCmd
                0x00000000       0x38 ..\obj\stm32f4xx_adc.o
 .text.ADC_AnalogWatchdogThresholdsConfig
                0x00000000       0x28 ..\obj\stm32f4xx_adc.o
 .text.ADC_AnalogWatchdogSingleChannelConfig
                0x00000000       0x38 ..\obj\stm32f4xx_adc.o
 .text.ADC_TempSensorVrefintCmd
                0x00000000       0x38 ..\obj\stm32f4xx_adc.o
 .text.ADC_VBATCmd
                0x00000000       0x38 ..\obj\stm32f4xx_adc.o
 .text.ADC_GetSoftwareStartConvStatus
                0x00000000       0x30 ..\obj\stm32f4xx_adc.o
 .text.ADC_EOCOnEachRegularChannelCmd
                0x00000000       0x38 ..\obj\stm32f4xx_adc.o
 .text.ADC_ContinuousModeCmd
                0x00000000       0x38 ..\obj\stm32f4xx_adc.o
 .text.ADC_DiscModeChannelCountConfig
                0x00000000       0x44 ..\obj\stm32f4xx_adc.o
 .text.ADC_DiscModeCmd
                0x00000000       0x38 ..\obj\stm32f4xx_adc.o
 .text.ADC_GetMultiModeConversionValue
                0x00000000       0x14 ..\obj\stm32f4xx_adc.o
 .text.ADC_DMACmd
                0x00000000       0x38 ..\obj\stm32f4xx_adc.o
 .text.ADC_DMARequestAfterLastTransferCmd
                0x00000000       0x38 ..\obj\stm32f4xx_adc.o
 .text.ADC_MultiModeDMARequestAfterLastTransferCmd
                0x00000000       0x38 ..\obj\stm32f4xx_adc.o
 .text.ADC_InjectedChannelConfig
                0x00000000      0x120 ..\obj\stm32f4xx_adc.o
 .text.ADC_InjectedSequencerLengthConfig
                0x00000000       0x44 ..\obj\stm32f4xx_adc.o
 .text.ADC_SetInjectedOffset
                0x00000000       0x34 ..\obj\stm32f4xx_adc.o
 .text.ADC_ExternalTrigInjectedConvConfig
                0x00000000       0x34 ..\obj\stm32f4xx_adc.o
 .text.ADC_ExternalTrigInjectedConvEdgeConfig
                0x00000000       0x34 ..\obj\stm32f4xx_adc.o
 .text.ADC_SoftwareStartInjectedConv
                0x00000000       0x20 ..\obj\stm32f4xx_adc.o
 .text.ADC_GetSoftwareStartInjectedConvCmdStatus
                0x00000000       0x30 ..\obj\stm32f4xx_adc.o
 .text.ADC_AutoInjectedConvCmd
                0x00000000       0x38 ..\obj\stm32f4xx_adc.o
 .text.ADC_InjectedDiscModeCmd
                0x00000000       0x38 ..\obj\stm32f4xx_adc.o
 .text.ADC_GetInjectedConversionValue
                0x00000000       0x30 ..\obj\stm32f4xx_adc.o
 .text.ADC_ITConfig
                0x00000000       0x50 ..\obj\stm32f4xx_adc.o
 .text.ADC_ClearFlag
                0x00000000       0x20 ..\obj\stm32f4xx_adc.o
 .text.ADC_GetITStatus
                0x00000000       0x5c ..\obj\stm32f4xx_adc.o
 .text.ADC_ClearITPendingBit
                0x00000000       0x2c ..\obj\stm32f4xx_adc.o
 .text          0x00000000        0x0 ..\obj\stm32_ub_systick.o
 .data          0x00000000        0x0 ..\obj\stm32_ub_systick.o
 .text.UB_Systick_Pause_s
                0x00000000       0x2c ..\obj\stm32_ub_systick.o
 .text.UB_Systick_Timer1
                0x00000000       0x90 ..\obj\stm32_ub_systick.o
 .text.UB_Systick_Timer2
                0x00000000       0x90 ..\obj\stm32_ub_systick.o
 .text.UB_Systick_Counter1
                0x00000000       0x84 ..\obj\stm32_ub_systick.o
 .text.UB_Systick_Counter2
                0x00000000       0x84 ..\obj\stm32_ub_systick.o
 .text          0x00000000        0x0 ..\obj\stm32_ub_adc1_single.o
 .bss           0x00000000        0x0 ..\obj\stm32_ub_adc1_single.o
 .text          0x00000000        0x0 ..\obj\stm32_ub_dac.o
 .data          0x00000000        0x0 ..\obj\stm32_ub_dac.o
 .bss           0x00000000        0x0 ..\obj\stm32_ub_dac.o
 .text.UB_DAC_SetDAC1u2
                0x00000000       0x50 ..\obj\stm32_ub_dac.o
 .text          0x00000000        0x0 ..\obj\stm32f4xx_gpio.o
 .data          0x00000000        0x0 ..\obj\stm32f4xx_gpio.o
 .bss           0x00000000        0x0 ..\obj\stm32f4xx_gpio.o
 .text.GPIO_DeInit
                0x00000000      0x120 ..\obj\stm32f4xx_gpio.o
 .text.GPIO_StructInit
                0x00000000       0x34 ..\obj\stm32f4xx_gpio.o
 .text.GPIO_PinLockConfig
                0x00000000       0x44 ..\obj\stm32f4xx_gpio.o
 .text.GPIO_ReadInputDataBit
                0x00000000       0x34 ..\obj\stm32f4xx_gpio.o
 .text.GPIO_ReadInputData
                0x00000000       0x18 ..\obj\stm32f4xx_gpio.o
 .text.GPIO_ReadOutputDataBit
                0x00000000       0x34 ..\obj\stm32f4xx_gpio.o
 .text.GPIO_ReadOutputData
                0x00000000       0x18 ..\obj\stm32f4xx_gpio.o
 .text.GPIO_SetBits
                0x00000000       0x1c ..\obj\stm32f4xx_gpio.o
 .text.GPIO_ResetBits
                0x00000000       0x1c ..\obj\stm32f4xx_gpio.o
 .text.GPIO_WriteBit
                0x00000000       0x30 ..\obj\stm32f4xx_gpio.o
 .text.GPIO_Write
                0x00000000       0x1c ..\obj\stm32f4xx_gpio.o
 .text.GPIO_ToggleBits
                0x00000000       0x24 ..\obj\stm32f4xx_gpio.o
 .text          0x00000000        0x0 ..\obj\system_stm32f4xx.o
 .data          0x00000000       0x14 ..\obj\system_stm32f4xx.o
 .bss           0x00000000        0x0 ..\obj\system_stm32f4xx.o
 .text.SystemCoreClockUpdate
                0x00000000       0xf8 ..\obj\system_stm32f4xx.o
 .text          0x00000000        0x0 ..\obj\syscalls.o
 .data          0x00000000        0x0 ..\obj\syscalls.o
 .bss           0x00000000        0x4 ..\obj\syscalls.o
 .text._sbrk    0x00000000       0x3c ..\obj\syscalls.o
 .text.link     0x00000000       0x18 ..\obj\syscalls.o
 .text._close   0x00000000       0x18 ..\obj\syscalls.o
 .text._fstat   0x00000000       0x20 ..\obj\syscalls.o
 .text._isatty  0x00000000       0x14 ..\obj\syscalls.o
 .text._lseek   0x00000000       0x18 ..\obj\syscalls.o
 .text._read    0x00000000       0x18 ..\obj\syscalls.o
 .text._write   0x00000000       0x18 ..\obj\syscalls.o
 .text.abort    0x00000000        0x8 ..\obj\syscalls.o
 .debug_info    0x00000000      0x458 ..\obj\syscalls.o
 .debug_abbrev  0x00000000       0xe5 ..\obj\syscalls.o
 .debug_aranges
                0x00000000       0x60 ..\obj\syscalls.o
 .debug_ranges  0x00000000       0x50 ..\obj\syscalls.o
 .debug_line    0x00000000      0x210 ..\obj\syscalls.o
 .debug_str     0x00000000      0x382 ..\obj\syscalls.o
 .comment       0x00000000       0x6f ..\obj\syscalls.o
 .debug_frame   0x00000000      0x168 ..\obj\syscalls.o
 .ARM.attributes
                0x00000000       0x33 ..\obj\syscalls.o
 .text          0x00000000        0x0 ..\obj\misc.o
 .data          0x00000000        0x0 ..\obj\misc.o
 .bss           0x00000000        0x0 ..\obj\misc.o
 .text.NVIC_PriorityGroupConfig
                0x00000000       0x24 ..\obj\misc.o
 .text.NVIC_SetVectorTable
                0x00000000       0x2c ..\obj\misc.o
 .text.NVIC_SystemLPConfig
                0x00000000       0x40 ..\obj\misc.o
 .text.SysTick_CLKSourceConfig
                0x00000000       0x38 ..\obj\misc.o
 .text          0x00000000        0x0 ..\obj\stm32_ub_icpwm_tim2.o
 .bss           0x00000000        0x0 ..\obj\stm32_ub_icpwm_tim2.o
 .text          0x00000000        0x0 ..\obj\stm32f4xx_tim.o
 .data          0x00000000        0x0 ..\obj\stm32f4xx_tim.o
 .bss           0x00000000        0x0 ..\obj\stm32f4xx_tim.o
 .text.TIM_DeInit
                0x00000000      0x1c0 ..\obj\stm32f4xx_tim.o
 .text.TIM_TimeBaseInit
                0x00000000       0xd4 ..\obj\stm32f4xx_tim.o
 .text.TIM_TimeBaseStructInit
                0x00000000       0x34 ..\obj\stm32f4xx_tim.o
 .text.TIM_CounterModeConfig
                0x00000000       0x38 ..\obj\stm32f4xx_tim.o
 .text.TIM_SetCounter
                0x00000000       0x1c ..\obj\stm32f4xx_tim.o
 .text.TIM_SetAutoreload
                0x00000000       0x1c ..\obj\stm32f4xx_tim.o
 .text.TIM_GetCounter
                0x00000000       0x18 ..\obj\stm32f4xx_tim.o
 .text.TIM_GetPrescaler
                0x00000000       0x18 ..\obj\stm32f4xx_tim.o
 .text.TIM_UpdateDisableConfig
                0x00000000       0x40 ..\obj\stm32f4xx_tim.o
 .text.TIM_UpdateRequestConfig
                0x00000000       0x40 ..\obj\stm32f4xx_tim.o
 .text.TIM_ARRPreloadConfig
                0x00000000       0x40 ..\obj\stm32f4xx_tim.o
 .text.TIM_SelectOnePulseMode
                0x00000000       0x38 ..\obj\stm32f4xx_tim.o
 .text.TIM_SetClockDivision
                0x00000000       0x38 ..\obj\stm32f4xx_tim.o
 .text.TIM_OC1Init
                0x00000000       0xf4 ..\obj\stm32f4xx_tim.o
 .text.TIM_OC2Init
                0x00000000      0x110 ..\obj\stm32f4xx_tim.o
 .text.TIM_OC3Init
                0x00000000      0x10c ..\obj\stm32f4xx_tim.o
 .text.TIM_OC4Init
                0x00000000       0xcc ..\obj\stm32f4xx_tim.o
 .text.TIM_OCStructInit
                0x00000000       0x44 ..\obj\stm32f4xx_tim.o
 .text.TIM_SelectOCxM
                0x00000000       0xb0 ..\obj\stm32f4xx_tim.o
 .text.TIM_SetCompare1
                0x00000000       0x1c ..\obj\stm32f4xx_tim.o
 .text.TIM_SetCompare2
                0x00000000       0x1c ..\obj\stm32f4xx_tim.o
 .text.TIM_SetCompare3
                0x00000000       0x1c ..\obj\stm32f4xx_tim.o
 .text.TIM_SetCompare4
                0x00000000       0x1c ..\obj\stm32f4xx_tim.o
 .text.TIM_ForcedOC1Config
                0x00000000       0x38 ..\obj\stm32f4xx_tim.o
 .text.TIM_ForcedOC2Config
                0x00000000       0x3c ..\obj\stm32f4xx_tim.o
 .text.TIM_ForcedOC3Config
                0x00000000       0x38 ..\obj\stm32f4xx_tim.o
 .text.TIM_ForcedOC4Config
                0x00000000       0x3c ..\obj\stm32f4xx_tim.o
 .text.TIM_OC1PreloadConfig
                0x00000000       0x38 ..\obj\stm32f4xx_tim.o
 .text.TIM_OC2PreloadConfig
                0x00000000       0x3c ..\obj\stm32f4xx_tim.o
 .text.TIM_OC3PreloadConfig
                0x00000000       0x38 ..\obj\stm32f4xx_tim.o
 .text.TIM_OC4PreloadConfig
                0x00000000       0x3c ..\obj\stm32f4xx_tim.o
 .text.TIM_OC1FastConfig
                0x00000000       0x38 ..\obj\stm32f4xx_tim.o
 .text.TIM_OC2FastConfig
                0x00000000       0x3c ..\obj\stm32f4xx_tim.o
 .text.TIM_OC3FastConfig
                0x00000000       0x38 ..\obj\stm32f4xx_tim.o
 .text.TIM_OC4FastConfig
                0x00000000       0x3c ..\obj\stm32f4xx_tim.o
 .text.TIM_ClearOC1Ref
                0x00000000       0x38 ..\obj\stm32f4xx_tim.o
 .text.TIM_ClearOC2Ref
                0x00000000       0x3c ..\obj\stm32f4xx_tim.o
 .text.TIM_ClearOC3Ref
                0x00000000       0x38 ..\obj\stm32f4xx_tim.o
 .text.TIM_ClearOC4Ref
                0x00000000       0x3c ..\obj\stm32f4xx_tim.o
 .text.TIM_OC1PolarityConfig
                0x00000000       0x38 ..\obj\stm32f4xx_tim.o
 .text.TIM_OC1NPolarityConfig
                0x00000000       0x38 ..\obj\stm32f4xx_tim.o
 .text.TIM_OC2PolarityConfig
                0x00000000       0x3c ..\obj\stm32f4xx_tim.o
 .text.TIM_OC2NPolarityConfig
                0x00000000       0x3c ..\obj\stm32f4xx_tim.o
 .text.TIM_OC3PolarityConfig
                0x00000000       0x3c ..\obj\stm32f4xx_tim.o
 .text.TIM_OC3NPolarityConfig
                0x00000000       0x3c ..\obj\stm32f4xx_tim.o
 .text.TIM_OC4PolarityConfig
                0x00000000       0x3c ..\obj\stm32f4xx_tim.o
 .text.TIM_CCxCmd
                0x00000000       0x58 ..\obj\stm32f4xx_tim.o
 .text.TIM_CCxNCmd
                0x00000000       0x58 ..\obj\stm32f4xx_tim.o
 .text.TIM_ICInit
                0x00000000       0xa8 ..\obj\stm32f4xx_tim.o
 .text.TIM_ICStructInit
                0x00000000       0x30 ..\obj\stm32f4xx_tim.o
 .text.TIM_GetCapture3
                0x00000000       0x18 ..\obj\stm32f4xx_tim.o
 .text.TIM_GetCapture4
                0x00000000       0x18 ..\obj\stm32f4xx_tim.o
 .text.TIM_SetIC3Prescaler
                0x00000000       0x38 ..\obj\stm32f4xx_tim.o
 .text.TIM_SetIC4Prescaler
                0x00000000       0x3c ..\obj\stm32f4xx_tim.o
 .text.TIM_BDTRConfig
                0x00000000       0x50 ..\obj\stm32f4xx_tim.o
 .text.TIM_BDTRStructInit
                0x00000000       0x3c ..\obj\stm32f4xx_tim.o
 .text.TIM_CtrlPWMOutputs
                0x00000000       0x4c ..\obj\stm32f4xx_tim.o
 .text.TIM_SelectCOM
                0x00000000       0x40 ..\obj\stm32f4xx_tim.o
 .text.TIM_CCPreloadControl
                0x00000000       0x40 ..\obj\stm32f4xx_tim.o
 .text.TIM_GenerateEvent
                0x00000000       0x1c ..\obj\stm32f4xx_tim.o
 .text.TIM_GetFlagStatus
                0x00000000       0x38 ..\obj\stm32f4xx_tim.o
 .text.TIM_ClearFlag
                0x00000000       0x20 ..\obj\stm32f4xx_tim.o
 .text.TIM_DMAConfig
                0x00000000       0x28 ..\obj\stm32f4xx_tim.o
 .text.TIM_DMACmd
                0x00000000       0x48 ..\obj\stm32f4xx_tim.o
 .text.TIM_SelectCCDMA
                0x00000000       0x40 ..\obj\stm32f4xx_tim.o
 .text.TIM_InternalClockConfig
                0x00000000       0x24 ..\obj\stm32f4xx_tim.o
 .text.TIM_ITRxExternalClockConfig
                0x00000000       0x30 ..\obj\stm32f4xx_tim.o
 .text.TIM_TIxExternalClockConfig
                0x00000000       0x5c ..\obj\stm32f4xx_tim.o
 .text.TIM_ETRClockMode1Config
                0x00000000       0x60 ..\obj\stm32f4xx_tim.o
 .text.TIM_ETRClockMode2Config
                0x00000000       0x40 ..\obj\stm32f4xx_tim.o
 .text.TIM_SelectOutputTrigger
                0x00000000       0x38 ..\obj\stm32f4xx_tim.o
 .text.TIM_ETRConfig
                0x00000000       0x54 ..\obj\stm32f4xx_tim.o
 .text.TIM_EncoderInterfaceConfig
                0x00000000       0x98 ..\obj\stm32f4xx_tim.o
 .text.TIM_SelectHallSensor
                0x00000000       0x40 ..\obj\stm32f4xx_tim.o
 .text.TIM_RemapConfig
                0x00000000       0x20 ..\obj\stm32f4xx_tim.o
 .text.TI3_Config
                0x00000000       0x90 ..\obj\stm32f4xx_tim.o
 .text.TI4_Config
                0x00000000       0x9c ..\obj\stm32f4xx_tim.o
 .text          0x00000000        0x0 c:/program files (x86)/gnu tools arm embedded/5.4 2016q2/bin/../lib/gcc/arm-none-eabi/5.4.1/../../../../arm-none-eabi/lib/armv7e-m\libm.a(lib_a-w_log.o)
 .data          0x00000000        0x0 c:/program files (x86)/gnu tools arm embedded/5.4 2016q2/bin/../lib/gcc/arm-none-eabi/5.4.1/../../../../arm-none-eabi/lib/armv7e-m\libm.a(lib_a-w_log.o)
 .bss           0x00000000        0x0 c:/program files (x86)/gnu tools arm embedded/5.4 2016q2/bin/../lib/gcc/arm-none-eabi/5.4.1/../../../../arm-none-eabi/lib/armv7e-m\libm.a(lib_a-w_log.o)
 .text          0x00000000        0x0 c:/program files (x86)/gnu tools arm embedded/5.4 2016q2/bin/../lib/gcc/arm-none-eabi/5.4.1/../../../../arm-none-eabi/lib/armv7e-m\libm.a(lib_a-e_log.o)
 .data          0x00000000        0x0 c:/program files (x86)/gnu tools arm embedded/5.4 2016q2/bin/../lib/gcc/arm-none-eabi/5.4.1/../../../../arm-none-eabi/lib/armv7e-m\libm.a(lib_a-e_log.o)
 .bss           0x00000000        0x0 c:/program files (x86)/gnu tools arm embedded/5.4 2016q2/bin/../lib/gcc/arm-none-eabi/5.4.1/../../../../arm-none-eabi/lib/armv7e-m\libm.a(lib_a-e_log.o)
 .text          0x00000000        0x0 c:/program files (x86)/gnu tools arm embedded/5.4 2016q2/bin/../lib/gcc/arm-none-eabi/5.4.1/../../../../arm-none-eabi/lib/armv7e-m\libm.a(lib_a-s_lib_ver.o)
 .data          0x00000000        0x0 c:/program files (x86)/gnu tools arm embedded/5.4 2016q2/bin/../lib/gcc/arm-none-eabi/5.4.1/../../../../arm-none-eabi/lib/armv7e-m\libm.a(lib_a-s_lib_ver.o)
 .bss           0x00000000        0x0 c:/program files (x86)/gnu tools arm embedded/5.4 2016q2/bin/../lib/gcc/arm-none-eabi/5.4.1/../../../../arm-none-eabi/lib/armv7e-m\libm.a(lib_a-s_lib_ver.o)
 .text          0x00000000        0x0 c:/program files (x86)/gnu tools arm embedded/5.4 2016q2/bin/../lib/gcc/arm-none-eabi/5.4.1/../../../../arm-none-eabi/lib/armv7e-m\libm.a(lib_a-s_matherr.o)
 .data          0x00000000        0x0 c:/program files (x86)/gnu tools arm embedded/5.4 2016q2/bin/../lib/gcc/arm-none-eabi/5.4.1/../../../../arm-none-eabi/lib/armv7e-m\libm.a(lib_a-s_matherr.o)
 .bss           0x00000000        0x0 c:/program files (x86)/gnu tools arm embedded/5.4 2016q2/bin/../lib/gcc/arm-none-eabi/5.4.1/../../../../arm-none-eabi/lib/armv7e-m\libm.a(lib_a-s_matherr.o)
 .text          0x00000000        0x0 c:/program files (x86)/gnu tools arm embedded/5.4 2016q2/bin/../lib/gcc/arm-none-eabi/5.4.1/../../../../arm-none-eabi/lib/armv7e-m\libm.a(lib_a-s_nan.o)
 .data          0x00000000        0x0 c:/program files (x86)/gnu tools arm embedded/5.4 2016q2/bin/../lib/gcc/arm-none-eabi/5.4.1/../../../../arm-none-eabi/lib/armv7e-m\libm.a(lib_a-s_nan.o)
 .bss           0x00000000        0x0 c:/program files (x86)/gnu tools arm embedded/5.4 2016q2/bin/../lib/gcc/arm-none-eabi/5.4.1/../../../../arm-none-eabi/lib/armv7e-m\libm.a(lib_a-s_nan.o)
 .data          0x00000000        0x0 c:/program files (x86)/gnu tools arm embedded/5.4 2016q2/bin/../lib/gcc/arm-none-eabi/5.4.1/armv7e-m\libgcc.a(_arm_addsubdf3.o)
 .bss           0x00000000        0x0 c:/program files (x86)/gnu tools arm embedded/5.4 2016q2/bin/../lib/gcc/arm-none-eabi/5.4.1/armv7e-m\libgcc.a(_arm_addsubdf3.o)
 .data          0x00000000        0x0 c:/program files (x86)/gnu tools arm embedded/5.4 2016q2/bin/../lib/gcc/arm-none-eabi/5.4.1/armv7e-m\libgcc.a(_arm_muldivdf3.o)
 .bss           0x00000000        0x0 c:/program files (x86)/gnu tools arm embedded/5.4 2016q2/bin/../lib/gcc/arm-none-eabi/5.4.1/armv7e-m\libgcc.a(_arm_muldivdf3.o)
 .data          0x00000000        0x0 c:/program files (x86)/gnu tools arm embedded/5.4 2016q2/bin/../lib/gcc/arm-none-eabi/5.4.1/armv7e-m\libgcc.a(_arm_cmpdf2.o)
 .bss           0x00000000        0x0 c:/program files (x86)/gnu tools arm embedded/5.4 2016q2/bin/../lib/gcc/arm-none-eabi/5.4.1/armv7e-m\libgcc.a(_arm_cmpdf2.o)
 .data          0x00000000        0x0 c:/program files (x86)/gnu tools arm embedded/5.4 2016q2/bin/../lib/gcc/arm-none-eabi/5.4.1/armv7e-m\libgcc.a(_arm_unorddf2.o)
 .bss           0x00000000        0x0 c:/program files (x86)/gnu tools arm embedded/5.4 2016q2/bin/../lib/gcc/arm-none-eabi/5.4.1/armv7e-m\libgcc.a(_arm_unorddf2.o)
 .data          0x00000000        0x0 c:/program files (x86)/gnu tools arm embedded/5.4 2016q2/bin/../lib/gcc/arm-none-eabi/5.4.1/armv7e-m\libgcc.a(_arm_fixunsdfsi.o)
 .bss           0x00000000        0x0 c:/program files (x86)/gnu tools arm embedded/5.4 2016q2/bin/../lib/gcc/arm-none-eabi/5.4.1/armv7e-m\libgcc.a(_arm_fixunsdfsi.o)
 .data          0x00000000        0x0 c:/program files (x86)/gnu tools arm embedded/5.4 2016q2/bin/../lib/gcc/arm-none-eabi/5.4.1/armv7e-m\libgcc.a(_arm_truncdfsf2.o)
 .bss           0x00000000        0x0 c:/program files (x86)/gnu tools arm embedded/5.4 2016q2/bin/../lib/gcc/arm-none-eabi/5.4.1/armv7e-m\libgcc.a(_arm_truncdfsf2.o)
 .text          0x00000000        0x0 c:/program files (x86)/gnu tools arm embedded/5.4 2016q2/bin/../lib/gcc/arm-none-eabi/5.4.1/../../../../arm-none-eabi/lib/armv7e-m\libc.a(lib_a-errno.o)
 .data          0x00000000        0x0 c:/program files (x86)/gnu tools arm embedded/5.4 2016q2/bin/../lib/gcc/arm-none-eabi/5.4.1/../../../../arm-none-eabi/lib/armv7e-m\libc.a(lib_a-errno.o)
 .bss           0x00000000        0x0 c:/program files (x86)/gnu tools arm embedded/5.4 2016q2/bin/../lib/gcc/arm-none-eabi/5.4.1/../../../../arm-none-eabi/lib/armv7e-m\libc.a(lib_a-errno.o)
 .text          0x00000000        0x0 c:/program files (x86)/gnu tools arm embedded/5.4 2016q2/bin/../lib/gcc/arm-none-eabi/5.4.1/../../../../arm-none-eabi/lib/armv7e-m\libc.a(lib_a-impure.o)
 .data          0x00000000        0x0 c:/program files (x86)/gnu tools arm embedded/5.4 2016q2/bin/../lib/gcc/arm-none-eabi/5.4.1/../../../../arm-none-eabi/lib/armv7e-m\libc.a(lib_a-impure.o)
 .bss           0x00000000        0x0 c:/program files (x86)/gnu tools arm embedded/5.4 2016q2/bin/../lib/gcc/arm-none-eabi/5.4.1/../../../../arm-none-eabi/lib/armv7e-m\libc.a(lib_a-impure.o)
 .rodata._global_impure_ptr
                0x00000000        0x4 c:/program files (x86)/gnu tools arm embedded/5.4 2016q2/bin/../lib/gcc/arm-none-eabi/5.4.1/../../../../arm-none-eabi/lib/armv7e-m\libc.a(lib_a-impure.o)

Memory Configuration

Name             Origin             Length             Attributes
rom              0x08000000         0x00100000         xr
ram              0x20000000         0x00020000         xrw
ram1             0x10000000         0x00010000         xrw
*default*        0x00000000         0xffffffff

Linker script and memory map

                0x20020000                _eram = 0x20020000

.text           0x08000000     0x29c0
 *(.isr_vector)
 .isr_vector    0x08000000      0x188 ..\obj\startup_stm32f4xx.o
                0x08000000                g_pfnVectors
 *(.text*)
 .text.DAC_Init
                0x08000188       0x64 ..\obj\stm32f4xx_dac.o
                0x08000188                DAC_Init
 .text.DAC_Cmd  0x080001ec       0x48 ..\obj\stm32f4xx_dac.o
                0x080001ec                DAC_Cmd
 .text.DAC_SetChannel1Data
                0x08000234       0x34 ..\obj\stm32f4xx_dac.o
                0x08000234                DAC_SetChannel1Data
 .text.DAC_SetChannel2Data
                0x08000268       0x34 ..\obj\stm32f4xx_dac.o
                0x08000268                DAC_SetChannel2Data
 .text.Default_Reset_Handler
                0x0800029c       0x5c ..\obj\startup_stm32f4xx.o
                0x0800029c                Default_Reset_Handler
                0x0800029c                Reset_Handler
 .text.Default_Handler
                0x080002f8        0x8 ..\obj\startup_stm32f4xx.o
                0x080002f8                RTC_Alarm_IRQHandler
                0x080002f8                HASH_RNG_IRQHandler
                0x080002f8                EXTI2_IRQHandler
                0x080002f8                TIM8_CC_IRQHandler
                0x080002f8                DebugMon_Handler
                0x080002f8                TIM1_CC_IRQHandler
                0x080002f8                DMA2_Stream5_IRQHandler
                0x080002f8                HardFault_Handler
                0x080002f8                DMA1_Stream5_IRQHandler
                0x080002f8                PVD_IRQHandler
                0x080002f8                SDIO_IRQHandler
                0x080002f8                TAMP_STAMP_IRQHandler
                0x080002f8                PendSV_Handler
                0x080002f8                NMI_Handler
                0x080002f8                CAN2_RX1_IRQHandler
                0x080002f8                EXTI3_IRQHandler
                0x080002f8                TIM8_TRG_COM_TIM14_IRQHandler
                0x080002f8                TIM1_UP_TIM10_IRQHandler
                0x080002f8                TIM8_UP_TIM13_IRQHandler
                0x080002f8                I2C3_ER_IRQHandler
                0x080002f8                EXTI0_IRQHandler
                0x080002f8                I2C2_EV_IRQHandler
                0x080002f8                DMA1_Stream2_IRQHandler
                0x080002f8                CAN1_RX0_IRQHandler
                0x080002f8                FPU_IRQHandler
                0x080002f8                OTG_HS_WKUP_IRQHandler
                0x080002f8                UsageFault_Handler
                0x080002f8                CAN2_SCE_IRQHandler
                0x080002f8                DMA2_Stream2_IRQHandler
                0x080002f8                SPI1_IRQHandler
                0x080002f8                TIM6_DAC_IRQHandler
                0x080002f8                TIM1_BRK_TIM9_IRQHandler
                0x080002f8                DCMI_IRQHandler
                0x080002f8                CAN2_RX0_IRQHandler
                0x080002f8                DMA2_Stream3_IRQHandler
                0x080002f8                USART6_IRQHandler
                0x080002f8                USART3_IRQHandler
                0x080002f8                CRYP_IRQHandler
                0x080002f8                CAN1_RX1_IRQHandler
                0x080002f8                UART5_IRQHandler
                0x080002f8                DMA2_Stream0_IRQHandler
                0x080002f8                TIM4_IRQHandler
                0x080002f8                I2C1_EV_IRQHandler
                0x080002f8                DMA1_Stream6_IRQHandler
                0x080002f8                DMA1_Stream1_IRQHandler
                0x080002f8                UART4_IRQHandler
                0x080002f8                TIM3_IRQHandler
                0x080002f8                RCC_IRQHandler
                0x080002f8                TIM8_BRK_TIM12_IRQHandler
                0x080002f8                EXTI15_10_IRQHandler
                0x080002f8                ADC_IRQHandler
                0x080002f8                DMA1_Stream7_IRQHandler
                0x080002f8                TIM7_IRQHandler
                0x080002f8                CAN2_TX_IRQHandler
                0x080002f8                TIM5_IRQHandler
                0x080002f8                DMA2_Stream7_IRQHandler
                0x080002f8                I2C3_EV_IRQHandler
                0x080002f8                EXTI9_5_IRQHandler
                0x080002f8                RTC_WKUP_IRQHandler
                0x080002f8                ETH_WKUP_IRQHandler
                0x080002f8                SPI2_IRQHandler
                0x080002f8                OTG_HS_EP1_IN_IRQHandler
                0x080002f8                MemManage_Handler
                0x080002f8                DMA1_Stream0_IRQHandler
                0x080002f8                CAN1_TX_IRQHandler
                0x080002f8                SVC_Handler
                0x080002f8                EXTI4_IRQHandler
                0x080002f8                FSMC_IRQHandler
                0x080002f8                ETH_IRQHandler
                0x080002f8                OTG_HS_EP1_OUT_IRQHandler
                0x080002f8                WWDG_IRQHandler
                0x080002f8                OTG_FS_WKUP_IRQHandler
                0x080002f8                TIM1_TRG_COM_TIM11_IRQHandler
                0x080002f8                OTG_HS_IRQHandler
                0x080002f8                EXTI1_IRQHandler
                0x080002f8                USART2_IRQHandler
                0x080002f8                I2C2_ER_IRQHandler
                0x080002f8                DMA2_Stream1_IRQHandler
                0x080002f8                CAN1_SCE_IRQHandler
                0x080002f8                FLASH_IRQHandler
                0x080002f8                DMA2_Stream4_IRQHandler
                0x080002f8                BusFault_Handler
                0x080002f8                USART1_IRQHandler
                0x080002f8                OTG_FS_IRQHandler
                0x080002f8                SPI3_IRQHandler
                0x080002f8                DMA1_Stream4_IRQHandler
                0x080002f8                I2C1_ER_IRQHandler
                0x080002f8                DMA2_Stream6_IRQHandler
                0x080002f8                DMA1_Stream3_IRQHandler
 .text.Get_Temp
                0x08000300      0x14c ..\obj\main.o
                0x08000300                Get_Temp
 *fill*         0x0800044c        0x4 
 .text.Read_Flow
                0x08000450       0xd0 ..\obj\main.o
                0x08000450                Read_Flow
 .text.DAC_motorspeed
                0x08000520       0x48 ..\obj\main.o
                0x08000520                DAC_motorspeed
 .text.main     0x08000568       0x20 ..\obj\main.o
                0x08000568                main
 .text.RCC_GetClocksFreq
                0x08000588      0x154 ..\obj\stm32f4xx_rcc.o
                0x08000588                RCC_GetClocksFreq
 .text.RCC_AHB1PeriphClockCmd
                0x080006dc       0x3c ..\obj\stm32f4xx_rcc.o
                0x080006dc                RCC_AHB1PeriphClockCmd
 .text.RCC_APB1PeriphClockCmd
                0x08000718       0x3c ..\obj\stm32f4xx_rcc.o
                0x08000718                RCC_APB1PeriphClockCmd
 .text.RCC_APB2PeriphClockCmd
                0x08000754       0x3c ..\obj\stm32f4xx_rcc.o
                0x08000754                RCC_APB2PeriphClockCmd
 .text.ADC_Init
                0x08000790       0xa8 ..\obj\stm32f4xx_adc.o
                0x08000790                ADC_Init
 .text.ADC_CommonInit
                0x08000838       0x50 ..\obj\stm32f4xx_adc.o
                0x08000838                ADC_CommonInit
 .text.ADC_Cmd  0x08000888       0x38 ..\obj\stm32f4xx_adc.o
                0x08000888                ADC_Cmd
 .text.ADC_RegularChannelConfig
                0x080008c0      0x194 ..\obj\stm32f4xx_adc.o
                0x080008c0                ADC_RegularChannelConfig
 .text.ADC_SoftwareStartConv
                0x08000a54       0x20 ..\obj\stm32f4xx_adc.o
                0x08000a54                ADC_SoftwareStartConv
 .text.ADC_GetConversionValue
                0x08000a74       0x18 ..\obj\stm32f4xx_adc.o
                0x08000a74                ADC_GetConversionValue
 .text.ADC_GetFlagStatus
                0x08000a8c       0x34 ..\obj\stm32f4xx_adc.o
                0x08000a8c                ADC_GetFlagStatus
 .text.NVIC_SetPriority
                0x08000ac0       0x54 ..\obj\stm32_ub_systick.o
 .text.SysTick_Config
                0x08000b14       0x44 ..\obj\stm32_ub_systick.o
 .text.UB_Systick_Init
                0x08000b58       0x68 ..\obj\stm32_ub_systick.o
                0x08000b58                UB_Systick_Init
 .text.UB_Systick_Pause_us
                0x08000bc0       0x28 ..\obj\stm32_ub_systick.o
                0x08000bc0                UB_Systick_Pause_us
 .text.UB_Systick_Pause_ms
                0x08000be8       0x2c ..\obj\stm32_ub_systick.o
                0x08000be8                UB_Systick_Pause_ms
 .text.SysTick_Handler
                0x08000c14       0x7c ..\obj\stm32_ub_systick.o
                0x08000c14                SysTick_Handler
 .text.UB_ADC1_SINGLE_Init
                0x08000c90       0x10 ..\obj\stm32_ub_adc1_single.o
                0x08000c90                UB_ADC1_SINGLE_Init
 .text.UB_ADC1_SINGLE_Read
                0x08000ca0       0x5c ..\obj\stm32_ub_adc1_single.o
                0x08000ca0                UB_ADC1_SINGLE_Read
 .text.UB_ADC1_SINGLE_Read_MW
                0x08000cfc      0x154 ..\obj\stm32_ub_adc1_single.o
                0x08000cfc                UB_ADC1_SINGLE_Read_MW
 .text.P_ADC1s_InitIO
                0x08000e50       0x78 ..\obj\stm32_ub_adc1_single.o
                0x08000e50                P_ADC1s_InitIO
 .text.P_ADC1s_InitADC
                0x08000ec8       0x64 ..\obj\stm32_ub_adc1_single.o
                0x08000ec8                P_ADC1s_InitADC
 .text.UB_DAC_Init
                0x08000f2c       0x50 ..\obj\stm32_ub_dac.o
                0x08000f2c                UB_DAC_Init
 .text.UB_DAC_SetDAC1
                0x08000f7c       0x38 ..\obj\stm32_ub_dac.o
                0x08000f7c                UB_DAC_SetDAC1
 .text.UB_DAC_SetDAC2
                0x08000fb4       0x38 ..\obj\stm32_ub_dac.o
                0x08000fb4                UB_DAC_SetDAC2
 .text.P_DAC1_InitIO
                0x08000fec       0x30 ..\obj\stm32_ub_dac.o
                0x08000fec                P_DAC1_InitIO
 .text.P_DAC2_InitIO
                0x0800101c       0x30 ..\obj\stm32_ub_dac.o
                0x0800101c                P_DAC2_InitIO
 .text.P_DAC1_InitDAC
                0x0800104c       0x38 ..\obj\stm32_ub_dac.o
                0x0800104c                P_DAC1_InitDAC
 .text.P_DAC2_InitDAC
                0x08001084       0x38 ..\obj\stm32_ub_dac.o
                0x08001084                P_DAC2_InitDAC
 .text.GPIO_Init
                0x080010bc      0x11c ..\obj\stm32f4xx_gpio.o
                0x080010bc                GPIO_Init
 .text.GPIO_PinAFConfig
                0x080011d8       0x90 ..\obj\stm32f4xx_gpio.o
                0x080011d8                GPIO_PinAFConfig
 .text.SystemInit
                0x08001268       0x5c ..\obj\system_stm32f4xx.o
                0x08001268                SystemInit
 .text.SetSysClock
                0x080012c4       0xf4 ..\obj\system_stm32f4xx.o
 .text.NVIC_Init
                0x080013b8       0xc0 ..\obj\misc.o
                0x080013b8                NVIC_Init
 .text.UB_ICPWM_TIM2_Init
                0x08001478       0x24 ..\obj\stm32_ub_icpwm_tim2.o
                0x08001478                UB_ICPWM_TIM2_Init
 .text.UB_ICPWM_TIM2_ReadFRQ
                0x0800149c       0x28 ..\obj\stm32_ub_icpwm_tim2.o
                0x0800149c                UB_ICPWM_TIM2_ReadFRQ
 .text.UB_ICPWM_TIM2_ReadDUTY
                0x080014c4       0x28 ..\obj\stm32_ub_icpwm_tim2.o
                0x080014c4                UB_ICPWM_TIM2_ReadDUTY
 .text.P_ICPWM_InitIO
                0x080014ec       0x54 ..\obj\stm32_ub_icpwm_tim2.o
                0x080014ec                P_ICPWM_InitIO
 .text.P_ICPWM_InitTIM
                0x08001540       0xac ..\obj\stm32_ub_icpwm_tim2.o
                0x08001540                P_ICPWM_InitTIM
 .text.P_ICPWM_InitNVIC
                0x080015ec       0x54 ..\obj\stm32_ub_icpwm_tim2.o
                0x080015ec                P_ICPWM_InitNVIC
 .text.TIM2_IRQHandler
                0x08001640       0x80 ..\obj\stm32_ub_icpwm_tim2.o
                0x08001640                TIM2_IRQHandler
 .text.TIM_PrescalerConfig
                0x080016c0       0x28 ..\obj\stm32f4xx_tim.o
                0x080016c0                TIM_PrescalerConfig
 .text.TIM_Cmd  0x080016e8       0x40 ..\obj\stm32f4xx_tim.o
                0x080016e8                TIM_Cmd
 .text.TIM_PWMIConfig
                0x08001728       0xb8 ..\obj\stm32f4xx_tim.o
                0x08001728                TIM_PWMIConfig
 .text.TIM_GetCapture1
                0x080017e0       0x18 ..\obj\stm32f4xx_tim.o
                0x080017e0                TIM_GetCapture1
 .text.TIM_GetCapture2
                0x080017f8       0x18 ..\obj\stm32f4xx_tim.o
                0x080017f8                TIM_GetCapture2
 .text.TIM_SetIC1Prescaler
                0x08001810       0x38 ..\obj\stm32f4xx_tim.o
                0x08001810                TIM_SetIC1Prescaler
 .text.TIM_SetIC2Prescaler
                0x08001848       0x3c ..\obj\stm32f4xx_tim.o
                0x08001848                TIM_SetIC2Prescaler
 .text.TIM_ITConfig
                0x08001884       0x48 ..\obj\stm32f4xx_tim.o
                0x08001884                TIM_ITConfig
 .text.TIM_GetITStatus
                0x080018cc       0x54 ..\obj\stm32f4xx_tim.o
                0x080018cc                TIM_GetITStatus
 .text.TIM_ClearITPendingBit
                0x08001920       0x20 ..\obj\stm32f4xx_tim.o
                0x08001920                TIM_ClearITPendingBit
 .text.TIM_SelectInputTrigger
                0x08001940       0x38 ..\obj\stm32f4xx_tim.o
                0x08001940                TIM_SelectInputTrigger
 .text.TIM_SelectSlaveMode
                0x08001978       0x38 ..\obj\stm32f4xx_tim.o
                0x08001978                TIM_SelectSlaveMode
 .text.TIM_SelectMasterSlaveMode
                0x080019b0       0x38 ..\obj\stm32f4xx_tim.o
                0x080019b0                TIM_SelectMasterSlaveMode
 .text.TI1_Config
                0x080019e8       0x84 ..\obj\stm32f4xx_tim.o
 .text.TI2_Config
                0x08001a6c       0x98 ..\obj\stm32f4xx_tim.o
 .text.log      0x08001b04       0xfc c:/program files (x86)/gnu tools arm embedded/5.4 2016q2/bin/../lib/gcc/arm-none-eabi/5.4.1/../../../../arm-none-eabi/lib/armv7e-m\libm.a(lib_a-w_log.o)
                0x08001b04                log
 .text.__ieee754_log
                0x08001c00      0x3e8 c:/program files (x86)/gnu tools arm embedded/5.4 2016q2/bin/../lib/gcc/arm-none-eabi/5.4.1/../../../../arm-none-eabi/lib/armv7e-m\libm.a(lib_a-e_log.o)
                0x08001c00                __ieee754_log
 .text.matherr  0x08001fe8        0x4 c:/program files (x86)/gnu tools arm embedded/5.4 2016q2/bin/../lib/gcc/arm-none-eabi/5.4.1/../../../../arm-none-eabi/lib/armv7e-m\libm.a(lib_a-s_matherr.o)
                0x08001fe8                matherr
 .text.nan      0x08001fec        0xc c:/program files (x86)/gnu tools arm embedded/5.4 2016q2/bin/../lib/gcc/arm-none-eabi/5.4.1/../../../../arm-none-eabi/lib/armv7e-m\libm.a(lib_a-s_nan.o)
                0x08001fec                nan
 .text          0x08001ff8      0x370 c:/program files (x86)/gnu tools arm embedded/5.4 2016q2/bin/../lib/gcc/arm-none-eabi/5.4.1/armv7e-m\libgcc.a(_arm_addsubdf3.o)
                0x08001ff8                __aeabi_drsub
                0x08002000                __aeabi_dsub
                0x08002000                __subdf3
                0x08002004                __aeabi_dadd
                0x08002004                __adddf3
                0x0800227c                __floatunsidf
                0x0800227c                __aeabi_ui2d
                0x0800229c                __floatsidf
                0x0800229c                __aeabi_i2d
                0x080022c0                __aeabi_f2d
                0x080022c0                __extendsfdf2
                0x080022fc                __floatundidf
                0x080022fc                __aeabi_ul2d
                0x0800230c                __floatdidf
                0x0800230c                __aeabi_l2d
 .text          0x08002368      0x424 c:/program files (x86)/gnu tools arm embedded/5.4 2016q2/bin/../lib/gcc/arm-none-eabi/5.4.1/armv7e-m\libgcc.a(_arm_muldivdf3.o)
                0x08002368                __aeabi_dmul
                0x08002368                __muldf3
                0x080025bc                __divdf3
                0x080025bc                __aeabi_ddiv
 .text          0x0800278c      0x110 c:/program files (x86)/gnu tools arm embedded/5.4 2016q2/bin/../lib/gcc/arm-none-eabi/5.4.1/armv7e-m\libgcc.a(_arm_cmpdf2.o)
                0x0800278c                __gtdf2
                0x0800278c                __gedf2
                0x08002794                __ltdf2
                0x08002794                __ledf2
                0x0800279c                __nedf2
                0x0800279c                __eqdf2
                0x0800279c                __cmpdf2
                0x08002818                __aeabi_cdrcmple
                0x08002828                __aeabi_cdcmpeq
                0x08002828                __aeabi_cdcmple
                0x08002838                __aeabi_dcmpeq
                0x0800284c                __aeabi_dcmplt
                0x08002860                __aeabi_dcmple
                0x08002874                __aeabi_dcmpge
                0x08002888                __aeabi_dcmpgt
 .text          0x0800289c       0x2c c:/program files (x86)/gnu tools arm embedded/5.4 2016q2/bin/../lib/gcc/arm-none-eabi/5.4.1/armv7e-m\libgcc.a(_arm_unorddf2.o)
                0x0800289c                __unorddf2
                0x0800289c                __aeabi_dcmpun
 .text          0x080028c8       0x40 c:/program files (x86)/gnu tools arm embedded/5.4 2016q2/bin/../lib/gcc/arm-none-eabi/5.4.1/armv7e-m\libgcc.a(_arm_fixunsdfsi.o)
                0x080028c8                __aeabi_d2uiz
                0x080028c8                __fixunsdfsi
 .text          0x08002908       0xa0 c:/program files (x86)/gnu tools arm embedded/5.4 2016q2/bin/../lib/gcc/arm-none-eabi/5.4.1/armv7e-m\libgcc.a(_arm_truncdfsf2.o)
                0x08002908                __truncdfsf2
                0x08002908                __aeabi_d2f
 .text.__errno  0x080029a8        0xc c:/program files (x86)/gnu tools arm embedded/5.4 2016q2/bin/../lib/gcc/arm-none-eabi/5.4.1/../../../../arm-none-eabi/lib/armv7e-m\libc.a(lib_a-errno.o)
                0x080029a8                __errno
 *(.init)
 *(.fini)
 *crtbegin.o(.ctors)
 *crtbegin?.o(.ctors)
 *(EXCLUDE_FILE(*crtend.o *crtend?.o) .ctors)
 *(SORT(.ctors.*))
 *(.ctors)
 *crtbegin.o(.dtors)
 *crtbegin?.o(.dtors)
 *(EXCLUDE_FILE(*crtend.o *crtend?.o) .dtors)
 *(SORT(.dtors.*))
 *(.dtors)
 *(.rodata*)
 .rodata.str1.4
                0x080029b4        0x5 c:/program files (x86)/gnu tools arm embedded/5.4 2016q2/bin/../lib/gcc/arm-none-eabi/5.4.1/../../../../arm-none-eabi/lib/armv7e-m\libm.a(lib_a-w_log.o)
 *fill*         0x080029b9        0x3 
 .rodata.str1.4
                0x080029bc        0x4 c:/program files (x86)/gnu tools arm embedded/5.4 2016q2/bin/../lib/gcc/arm-none-eabi/5.4.1/../../../../arm-none-eabi/lib/armv7e-m\libc.a(lib_a-impure.o)
                                  0x2 (size before relaxing)
 *(.eh_fram e*)

.glue_7         0x080029c0        0x0
 .glue_7        0x080029c0        0x0 linker stubs

.glue_7t        0x080029c0        0x0
 .glue_7t       0x080029c0        0x0 linker stubs

.vfp11_veneer   0x080029c0        0x0
 .vfp11_veneer  0x080029c0        0x0 linker stubs

.v4_bx          0x080029c0        0x0
 .v4_bx         0x080029c0        0x0 linker stubs

.iplt           0x080029c0        0x0
 .iplt          0x080029c0        0x0 ..\obj\stm32f4xx_dac.o

.rel.dyn        0x080029c0        0x0
 .rel.iplt      0x080029c0        0x0 ..\obj\stm32f4xx_dac.o

.ARM.extab
 *(.ARM.extab* .gnu.linkonce.armextab.*)
                0x080029c0                __exidx_start = .

.ARM.exidx
 *(.ARM.exidx* .gnu.linkonce.armexidx.*)
                0x080029c0                __exidx_end = .
                0x080029c0                __etext = .
                0x080029c0                _sidata = __etext

.data           0x20000000      0x4bc load address 0x080029c0
                0x20000000                __data_start__ = .
                0x20000000                _sdata = __data_start__
 *(vtable)
 *(.data*)
 .data          0x20000000       0x10 ..\obj\stm32f4xx_rcc.o
 .data          0x20000010       0x64 ..\obj\stm32_ub_adc1_single.o
                0x20000010                ADC1s
 .data          0x20000074       0x14 ..\obj\stm32_ub_icpwm_tim2.o
                0x20000074                ICPWM_TIM2
 .data.__fdlib_version
                0x20000088        0x1 c:/program files (x86)/gnu tools arm embedded/5.4 2016q2/bin/../lib/gcc/arm-none-eabi/5.4.1/../../../../arm-none-eabi/lib/armv7e-m\libm.a(lib_a-s_lib_ver.o)
                0x20000088                __fdlib_version
 *fill*         0x20000089        0x7 
 .data.impure_data
                0x20000090      0x428 c:/program files (x86)/gnu tools arm embedded/5.4 2016q2/bin/../lib/gcc/arm-none-eabi/5.4.1/../../../../arm-none-eabi/lib/armv7e-m\libc.a(lib_a-impure.o)
 .data._impure_ptr
                0x200004b8        0x4 c:/program files (x86)/gnu tools arm embedded/5.4 2016q2/bin/../lib/gcc/arm-none-eabi/5.4.1/../../../../arm-none-eabi/lib/armv7e-m\libc.a(lib_a-impure.o)
                0x200004b8                _impure_ptr
                0x200004bc                . = ALIGN (0x4)
                [!provide]                PROVIDE (__preinit_array_start, .)
 *(.preinit_array)
                [!provide]                PROVIDE (__preinit_array_end, .)
                0x200004bc                . = ALIGN (0x4)
                [!provide]                PROVIDE (__init_array_start, .)
 *(SORT(.init_array.*))
 *(.init_array)
                [!provide]                PROVIDE (__init_array_end, .)
                0x200004bc                . = ALIGN (0x4)
                [!provide]                PROVIDE (__fini_array_start, .)
 *(SORT(.fini_array.*))
 *(.fini_array)
                [!provide]                PROVIDE (__fini_array_end, .)
 *(.jcr*)
                0x200004bc                . = ALIGN (0x4)
                0x200004bc                __data_end__ = .
                0x200004bc                _edata = __data_end__

.igot.plt       0x200004bc        0x0 load address 0x08002e7c
 .igot.plt      0x200004bc        0x0 ..\obj\stm32f4xx_dac.o

.bss            0x200004c0       0x78 load address 0x08002e80
                0x200004c0                . = ALIGN (0x4)
                0x200004c0                __bss_start__ = .
                0x200004c0                _sbss = __bss_start__
 *(.bss*)
 .bss           0x200004c0        0x8 ..\obj\main.o
                0x200004c0                frq_read
                0x200004c2                frq_get
                0x200004c4                impuls
                0x200004c6                rate
 .bss           0x200004c8       0x1c ..\obj\stm32_ub_systick.o
 *(COMMON)
 *fill*         0x200004e4        0x4 
 COMMON         0x200004e8       0x4a ..\obj\main.o
                0x200004e8                lpm
                0x200004f0                x
                0x200004f8                steinhart
                0x20000500                R_read
                0x20000508                Bxlog
                0x20000510                Temp
                0x20000518                inCelcius
                0x20000520                litre
                0x20000528                convert
                0x20000530                value
 COMMON         0x20000532        0x1 ..\obj\stm32_ub_dac.o
                0x20000532                akt_dac_mode
 *fill*         0x20000533        0x1 
 COMMON         0x20000534        0x4 ..\obj\stm32_ub_icpwm_tim2.o
                0x20000534                ICPWM_TIM2_Var
                0x20000538                . = ALIGN (0x4)
                0x20000538                __bss_end__ = .
                0x20000538                _ebss = __bss_end__

.heap           0x20000538        0x0
                0x20000538                __end__ = .
                0x20000538                _end = __end__
                0x20000538                end = __end__
 *(.heap*)
                0x20000538                __HeapLimit = .

.co_stack       0x20000538      0x800 load address 0x08002ef8
                0x20000538                . = ALIGN (0x8)
 *(.co_stack .co_stack.*)
 .co_stack      0x20000538      0x800 ..\obj\startup_stm32f4xx.o
                0x20000538                pulStack
                0x20020000                __StackTop = (ORIGIN (ram) + LENGTH (ram))
                0x2001f800                __StackLimit = (__StackTop - SIZEOF (.co_stack))
                [!provide]                PROVIDE (__stack, __StackTop)
                0x00000001                ASSERT ((__StackLimit >= __HeapLimit), region ram  overflowed with stack)
LOAD ..\obj\stm32f4xx_dac.o
LOAD ..\obj\startup_stm32f4xx.o
LOAD ..\obj\main.o
LOAD ..\obj\stm32f4xx_rcc.o
LOAD ..\obj\stm32f4xx_adc.o
LOAD ..\obj\stm32_ub_systick.o
LOAD ..\obj\stm32_ub_adc1_single.o
LOAD ..\obj\stm32_ub_dac.o
LOAD ..\obj\stm32f4xx_gpio.o
LOAD ..\obj\system_stm32f4xx.o
LOAD ..\obj\syscalls.o
LOAD ..\obj\misc.o
LOAD ..\obj\stm32_ub_icpwm_tim2.o
LOAD ..\obj\stm32f4xx_tim.o
LOAD c:/program files (x86)/gnu tools arm embedded/5.4 2016q2/bin/../lib/gcc/arm-none-eabi/5.4.1/../../../../arm-none-eabi/lib/armv7e-m\libm.a
LOAD c:/program files (x86)/gnu tools arm embedded/5.4 2016q2/bin/../lib/gcc/arm-none-eabi/5.4.1/armv7e-m\libgcc.a
LOAD c:/program files (x86)/gnu tools arm embedded/5.4 2016q2/bin/../lib/gcc/arm-none-eabi/5.4.1/../../../../arm-none-eabi/lib/armv7e-m\libc.a
LOAD c:/program files (x86)/gnu tools arm embedded/5.4 2016q2/bin/../lib/gcc/arm-none-eabi/5.4.1/../../../../arm-none-eabi/lib/armv7e-m\libnosys.a
START GROUP
LOAD c:/program files (x86)/gnu tools arm embedded/5.4 2016q2/bin/../lib/gcc/arm-none-eabi/5.4.1/armv7e-m\libgcc.a
LOAD c:/program files (x86)/gnu tools arm embedded/5.4 2016q2/bin/../lib/gcc/arm-none-eabi/5.4.1/../../../../arm-none-eabi/lib/armv7e-m\libg.a
LOAD c:/program files (x86)/gnu tools arm embedded/5.4 2016q2/bin/../lib/gcc/arm-none-eabi/5.4.1/../../../../arm-none-eabi/lib/armv7e-m\libc.a
END GROUP
OUTPUT(ADC-DAC-motor_control.elf elf32-littlearm)

.debug_info     0x00000000     0x6d4e
 .debug_info    0x00000000      0x642 ..\obj\stm32f4xx_dac.o
 .debug_info    0x00000642       0xf2 ..\obj\startup_stm32f4xx.o
 .debug_info    0x00000734      0x246 ..\obj\main.o
 .debug_info    0x0000097a      0xc63 ..\obj\stm32f4xx_rcc.o
 .debug_info    0x000015dd      0xc40 ..\obj\stm32f4xx_adc.o
 .debug_info    0x0000221d      0x98a ..\obj\stm32_ub_systick.o
 .debug_info    0x00002ba7      0x6b8 ..\obj\stm32_ub_adc1_single.o
 .debug_info    0x0000325f      0x43e ..\obj\stm32_ub_dac.o
 .debug_info    0x0000369d      0x61a ..\obj\stm32f4xx_gpio.o
 .debug_info    0x00003cb7      0x5c5 ..\obj\system_stm32f4xx.o
 .debug_info    0x0000427c      0x556 ..\obj\misc.o
 .debug_info    0x000047d2      0x913 ..\obj\stm32_ub_icpwm_tim2.o
 .debug_info    0x000050e5     0x1c69 ..\obj\stm32f4xx_tim.o

.debug_abbrev   0x00000000     0x124f
 .debug_abbrev  0x00000000      0x17e ..\obj\stm32f4xx_dac.o
 .debug_abbrev  0x0000017e       0xb0 ..\obj\startup_stm32f4xx.o
 .debug_abbrev  0x0000022e       0xb7 ..\obj\main.o
 .debug_abbrev  0x000002e5      0x1e5 ..\obj\stm32f4xx_rcc.o
 .debug_abbrev  0x000004ca      0x198 ..\obj\stm32f4xx_adc.o
 .debug_abbrev  0x00000662      0x221 ..\obj\stm32_ub_systick.o
 .debug_abbrev  0x00000883      0x17f ..\obj\stm32_ub_adc1_single.o
 .debug_abbrev  0x00000a02      0x123 ..\obj\stm32_ub_dac.o
 .debug_abbrev  0x00000b25      0x1a7 ..\obj\stm32f4xx_gpio.o
 .debug_abbrev  0x00000ccc      0x138 ..\obj\system_stm32f4xx.o
 .debug_abbrev  0x00000e04      0x147 ..\obj\misc.o
 .debug_abbrev  0x00000f4b      0x17b ..\obj\stm32_ub_icpwm_tim2.o
 .debug_abbrev  0x000010c6      0x189 ..\obj\stm32f4xx_tim.o

.debug_aranges  0x00000000      0x908
 .debug_aranges
                0x00000000       0xa0 ..\obj\stm32f4xx_dac.o
 .debug_aranges
                0x000000a0       0x28 ..\obj\startup_stm32f4xx.o
 .debug_aranges
                0x000000c8       0x38 ..\obj\main.o
 .debug_aranges
                0x00000100      0x178 ..\obj\stm32f4xx_rcc.o
 .debug_aranges
                0x00000278      0x148 ..\obj\stm32f4xx_adc.o
 .debug_aranges
                0x000003c0       0x70 ..\obj\stm32_ub_systick.o
 .debug_aranges
                0x00000430       0x40 ..\obj\stm32_ub_adc1_single.o
 .debug_aranges
                0x00000470       0x58 ..\obj\stm32_ub_dac.o
 .debug_aranges
                0x000004c8       0x88 ..\obj\stm32f4xx_gpio.o
 .debug_aranges
                0x00000550       0x30 ..\obj\system_stm32f4xx.o
 .debug_aranges
                0x00000580       0x40 ..\obj\misc.o
 .debug_aranges
                0x000005c0       0x50 ..\obj\stm32_ub_icpwm_tim2.o
 .debug_aranges
                0x00000610      0x2f8 ..\obj\stm32f4xx_tim.o

.debug_ranges   0x00000000      0x838
 .debug_ranges  0x00000000       0x90 ..\obj\stm32f4xx_dac.o
 .debug_ranges  0x00000090       0x18 ..\obj\startup_stm32f4xx.o
 .debug_ranges  0x000000a8       0x28 ..\obj\main.o
 .debug_ranges  0x000000d0      0x168 ..\obj\stm32f4xx_rcc.o
 .debug_ranges  0x00000238      0x138 ..\obj\stm32f4xx_adc.o
 .debug_ranges  0x00000370       0x60 ..\obj\stm32_ub_systick.o
 .debug_ranges  0x000003d0       0x30 ..\obj\stm32_ub_adc1_single.o
 .debug_ranges  0x00000400       0x48 ..\obj\stm32_ub_dac.o
 .debug_ranges  0x00000448       0x78 ..\obj\stm32f4xx_gpio.o
 .debug_ranges  0x000004c0       0x20 ..\obj\system_stm32f4xx.o
 .debug_ranges  0x000004e0       0x30 ..\obj\misc.o
 .debug_ranges  0x00000510       0x40 ..\obj\stm32_ub_icpwm_tim2.o
 .debug_ranges  0x00000550      0x2e8 ..\obj\stm32f4xx_tim.o

.debug_line     0x00000000     0x3628
 .debug_line    0x00000000      0x3ee ..\obj\stm32f4xx_dac.o
 .debug_line    0x000003ee       0xc0 ..\obj\startup_stm32f4xx.o
 .debug_line    0x000004ae      0x290 ..\obj\main.o
 .debug_line    0x0000073e      0x641 ..\obj\stm32f4xx_rcc.o
 .debug_line    0x00000d7f      0x5f9 ..\obj\stm32f4xx_adc.o
 .debug_line    0x00001378      0x3f9 ..\obj\stm32_ub_systick.o
 .debug_line    0x00001771      0x36b ..\obj\stm32_ub_adc1_single.o
 .debug_line    0x00001adc      0x379 ..\obj\stm32_ub_dac.o
 .debug_line    0x00001e55      0x3fc ..\obj\stm32f4xx_gpio.o
 .debug_line    0x00002251      0x240 ..\obj\system_stm32f4xx.o
 .debug_line    0x00002491      0x2da ..\obj\misc.o
 .debug_line    0x0000276b      0x360 ..\obj\stm32_ub_icpwm_tim2.o
 .debug_line    0x00002acb      0xb5d ..\obj\stm32f4xx_tim.o

.debug_str      0x00000000     0x3077
 .debug_str     0x00000000      0x3ef ..\obj\stm32f4xx_dac.o
                                0x472 (size before relaxing)
 .debug_str     0x000003ef       0xcf ..\obj\startup_stm32f4xx.o
                                0x166 (size before relaxing)
 .debug_str     0x000004be      0x11c ..\obj\main.o
                                0x26f (size before relaxing)
 .debug_str     0x000005da      0x6a1 ..\obj\stm32f4xx_rcc.o
                                0x86f (size before relaxing)
 .debug_str     0x00000c7b      0x643 ..\obj\stm32f4xx_adc.o
                                0x823 (size before relaxing)
 .debug_str     0x000012be      0x804 ..\obj\stm32_ub_systick.o
                                0x9fb (size before relaxing)
 .debug_str     0x00001ac2      0x336 ..\obj\stm32_ub_adc1_single.o
                                0x628 (size before relaxing)
 .debug_str     0x00001df8      0x110 ..\obj\stm32_ub_dac.o
                                0x493 (size before relaxing)
 .debug_str     0x00001f08      0x1c2 ..\obj\stm32f4xx_gpio.o
                                0x4c2 (size before relaxing)
 .debug_str     0x000020ca       0xe3 ..\obj\system_stm32f4xx.o
                                0x3c9 (size before relaxing)
 .debug_str     0x000021ad      0x19c ..\obj\misc.o
                                0x3ed (size before relaxing)
 .debug_str     0x00002349      0x27a ..\obj\stm32_ub_icpwm_tim2.o
                                0xb52 (size before relaxing)
 .debug_str     0x000025c3      0xab4 ..\obj\stm32f4xx_tim.o
                                0xdef (size before relaxing)

.comment        0x00000000       0x6e
 .comment       0x00000000       0x6e ..\obj\stm32f4xx_dac.o
                                 0x6f (size before relaxing)
 .comment       0x0000006e       0x6f ..\obj\startup_stm32f4xx.o
 .comment       0x0000006e       0x6f ..\obj\main.o
 .comment       0x0000006e       0x6f ..\obj\stm32f4xx_rcc.o
 .comment       0x0000006e       0x6f ..\obj\stm32f4xx_adc.o
 .comment       0x0000006e       0x6f ..\obj\stm32_ub_systick.o
 .comment       0x0000006e       0x6f ..\obj\stm32_ub_adc1_single.o
 .comment       0x0000006e       0x6f ..\obj\stm32_ub_dac.o
 .comment       0x0000006e       0x6f ..\obj\stm32f4xx_gpio.o
 .comment       0x0000006e       0x6f ..\obj\system_stm32f4xx.o
 .comment       0x0000006e       0x6f ..\obj\misc.o
 .comment       0x0000006e       0x6f ..\obj\stm32_ub_icpwm_tim2.o
 .comment       0x0000006e       0x6f ..\obj\stm32f4xx_tim.o

.ARM.attributes
                0x00000000       0x33
 .ARM.attributes
                0x00000000       0x33 ..\obj\stm32f4xx_dac.o
 .ARM.attributes
                0x00000033       0x33 ..\obj\startup_stm32f4xx.o
 .ARM.attributes
                0x00000066       0x33 ..\obj\main.o
 .ARM.attributes
                0x00000099       0x33 ..\obj\stm32f4xx_rcc.o
 .ARM.attributes
                0x000000cc       0x33 ..\obj\stm32f4xx_adc.o
 .ARM.attributes
                0x000000ff       0x33 ..\obj\stm32_ub_systick.o
 .ARM.attributes
                0x00000132       0x33 ..\obj\stm32_ub_adc1_single.o
 .ARM.attributes
                0x00000165       0x33 ..\obj\stm32_ub_dac.o
 .ARM.attributes
                0x00000198       0x33 ..\obj\stm32f4xx_gpio.o
 .ARM.attributes
                0x000001cb       0x33 ..\obj\system_stm32f4xx.o
 .ARM.attributes
                0x000001fe       0x33 ..\obj\misc.o
 .ARM.attributes
                0x00000231       0x33 ..\obj\stm32_ub_icpwm_tim2.o
 .ARM.attributes
                0x00000264       0x33 ..\obj\stm32f4xx_tim.o
 .ARM.attributes
                0x00000297       0x2e c:/program files (x86)/gnu tools arm embedded/5.4 2016q2/bin/../lib/gcc/arm-none-eabi/5.4.1/../../../../arm-none-eabi/lib/armv7e-m\libm.a(lib_a-w_log.o)
 .ARM.attributes
                0x000002c5       0x2e c:/program files (x86)/gnu tools arm embedded/5.4 2016q2/bin/../lib/gcc/arm-none-eabi/5.4.1/../../../../arm-none-eabi/lib/armv7e-m\libm.a(lib_a-e_log.o)
 .ARM.attributes
                0x000002f3       0x2e c:/program files (x86)/gnu tools arm embedded/5.4 2016q2/bin/../lib/gcc/arm-none-eabi/5.4.1/../../../../arm-none-eabi/lib/armv7e-m\libm.a(lib_a-s_lib_ver.o)
 .ARM.attributes
                0x00000321       0x2e c:/program files (x86)/gnu tools arm embedded/5.4 2016q2/bin/../lib/gcc/arm-none-eabi/5.4.1/../../../../arm-none-eabi/lib/armv7e-m\libm.a(lib_a-s_matherr.o)
 .ARM.attributes
                0x0000034f       0x2e c:/program files (x86)/gnu tools arm embedded/5.4 2016q2/bin/../lib/gcc/arm-none-eabi/5.4.1/../../../../arm-none-eabi/lib/armv7e-m\libm.a(lib_a-s_nan.o)
 .ARM.attributes
                0x0000037d       0x1e c:/program files (x86)/gnu tools arm embedded/5.4 2016q2/bin/../lib/gcc/arm-none-eabi/5.4.1/armv7e-m\libgcc.a(_arm_addsubdf3.o)
 .ARM.attributes
                0x0000039b       0x1e c:/program files (x86)/gnu tools arm embedded/5.4 2016q2/bin/../lib/gcc/arm-none-eabi/5.4.1/armv7e-m\libgcc.a(_arm_muldivdf3.o)
 .ARM.attributes
                0x000003b9       0x1e c:/program files (x86)/gnu tools arm embedded/5.4 2016q2/bin/../lib/gcc/arm-none-eabi/5.4.1/armv7e-m\libgcc.a(_arm_cmpdf2.o)
 .ARM.attributes
                0x000003d7       0x1e c:/program files (x86)/gnu tools arm embedded/5.4 2016q2/bin/../lib/gcc/arm-none-eabi/5.4.1/armv7e-m\libgcc.a(_arm_unorddf2.o)
 .ARM.attributes
                0x000003f5       0x1e c:/program files (x86)/gnu tools arm embedded/5.4 2016q2/bin/../lib/gcc/arm-none-eabi/5.4.1/armv7e-m\libgcc.a(_arm_fixunsdfsi.o)
 .ARM.attributes
                0x00000413       0x1e c:/program files (x86)/gnu tools arm embedded/5.4 2016q2/bin/../lib/gcc/arm-none-eabi/5.4.1/armv7e-m\libgcc.a(_arm_truncdfsf2.o)
 .ARM.attributes
                0x00000431       0x2e c:/program files (x86)/gnu tools arm embedded/5.4 2016q2/bin/../lib/gcc/arm-none-eabi/5.4.1/../../../../arm-none-eabi/lib/armv7e-m\libc.a(lib_a-errno.o)
 .ARM.attributes
                0x0000045f       0x2e c:/program files (x86)/gnu tools arm embedded/5.4 2016q2/bin/../lib/gcc/arm-none-eabi/5.4.1/../../../../arm-none-eabi/lib/armv7e-m\libc.a(lib_a-impure.o)

.debug_frame    0x00000000     0x27b8
 .debug_frame   0x00000000      0x2ac ..\obj\stm32f4xx_dac.o
 .debug_frame   0x000002ac       0x4c ..\obj\startup_stm32f4xx.o
 .debug_frame   0x000002f8       0x88 ..\obj\main.o
 .debug_frame   0x00000380      0x6d4 ..\obj\stm32f4xx_rcc.o
 .debug_frame   0x00000a54      0x5ec ..\obj\stm32f4xx_adc.o
 .debug_frame   0x00001040      0x1b0 ..\obj\stm32_ub_systick.o
 .debug_frame   0x000011f0       0xbc ..\obj\stm32_ub_adc1_single.o
 .debug_frame   0x000012ac      0x130 ..\obj\stm32_ub_dac.o
 .debug_frame   0x000013dc      0x23c ..\obj\stm32f4xx_gpio.o
 .debug_frame   0x00001618       0x7c ..\obj\system_stm32f4xx.o
 .debug_frame   0x00001694       0xd8 ..\obj\misc.o
 .debug_frame   0x0000176c      0x104 ..\obj\stm32_ub_icpwm_tim2.o
 .debug_frame   0x00001870      0xe54 ..\obj\stm32f4xx_tim.o
 .debug_frame   0x000026c4       0x40 c:/program files (x86)/gnu tools arm embedded/5.4 2016q2/bin/../lib/gcc/arm-none-eabi/5.4.1/../../../../arm-none-eabi/lib/armv7e-m\libm.a(lib_a-w_log.o)
 .debug_frame   0x00002704       0x54 c:/program files (x86)/gnu tools arm embedded/5.4 2016q2/bin/../lib/gcc/arm-none-eabi/5.4.1/../../../../arm-none-eabi/lib/armv7e-m\libm.a(lib_a-e_log.o)
 .debug_frame   0x00002758       0x20 c:/program files (x86)/gnu tools arm embedded/5.4 2016q2/bin/../lib/gcc/arm-none-eabi/5.4.1/../../../../arm-none-eabi/lib/armv7e-m\libm.a(lib_a-s_matherr.o)
 .debug_frame   0x00002778       0x20 c:/program files (x86)/gnu tools arm embedded/5.4 2016q2/bin/../lib/gcc/arm-none-eabi/5.4.1/../../../../arm-none-eabi/lib/armv7e-m\libm.a(lib_a-s_nan.o)
 .debug_frame   0x00002798       0x20 c:/program files (x86)/gnu tools arm embedded/5.4 2016q2/bin/../lib/gcc/arm-none-eabi/5.4.1/../../../../arm-none-eabi/lib/armv7e-m\libc.a(lib_a-errno.o)
